Archive member included to satisfy reference by file (symbol)

C:/ST/STM32CubeCLT_1.16.0/GNU-tools-for-STM32/bin/../lib/gcc/arm-none-eabi/12.3.1/../../../../arm-none-eabi/lib/thumb/v7e-m+fp/hard\libc_nano.a(libc_a-exit.o)
                              C:/ST/STM32CubeCLT_1.16.0/GNU-tools-for-STM32/bin/../lib/gcc/arm-none-eabi/12.3.1/../../../../arm-none-eabi/lib/thumb/v7e-m+fp/hard/crt0.o (exit)
C:/ST/STM32CubeCLT_1.16.0/GNU-tools-for-STM32/bin/../lib/gcc/arm-none-eabi/12.3.1/../../../../arm-none-eabi/lib/thumb/v7e-m+fp/hard\libc_nano.a(libc_a-findfp.o)
                              C:/ST/STM32CubeCLT_1.16.0/GNU-tools-for-STM32/bin/../lib/gcc/arm-none-eabi/12.3.1/../../../../arm-none-eabi/lib/thumb/v7e-m+fp/hard\libc_nano.a(libc_a-exit.o) (__stdio_exit_handler)
C:/ST/STM32CubeCLT_1.16.0/GNU-tools-for-STM32/bin/../lib/gcc/arm-none-eabi/12.3.1/../../../../arm-none-eabi/lib/thumb/v7e-m+fp/hard\libc_nano.a(libc_a-fwalk.o)
                              C:/ST/STM32CubeCLT_1.16.0/GNU-tools-for-STM32/bin/../lib/gcc/arm-none-eabi/12.3.1/../../../../arm-none-eabi/lib/thumb/v7e-m+fp/hard\libc_nano.a(libc_a-findfp.o) (_fwalk_sglue)
C:/ST/STM32CubeCLT_1.16.0/GNU-tools-for-STM32/bin/../lib/gcc/arm-none-eabi/12.3.1/../../../../arm-none-eabi/lib/thumb/v7e-m+fp/hard\libc_nano.a(libc_a-stdio.o)
                              C:/ST/STM32CubeCLT_1.16.0/GNU-tools-for-STM32/bin/../lib/gcc/arm-none-eabi/12.3.1/../../../../arm-none-eabi/lib/thumb/v7e-m+fp/hard\libc_nano.a(libc_a-findfp.o) (__sread)
C:/ST/STM32CubeCLT_1.16.0/GNU-tools-for-STM32/bin/../lib/gcc/arm-none-eabi/12.3.1/../../../../arm-none-eabi/lib/thumb/v7e-m+fp/hard\libc_nano.a(libc_a-memset.o)
                              C:/ST/STM32CubeCLT_1.16.0/GNU-tools-for-STM32/bin/../lib/gcc/arm-none-eabi/12.3.1/../../../../arm-none-eabi/lib/thumb/v7e-m+fp/hard/crt0.o (memset)
C:/ST/STM32CubeCLT_1.16.0/GNU-tools-for-STM32/bin/../lib/gcc/arm-none-eabi/12.3.1/../../../../arm-none-eabi/lib/thumb/v7e-m+fp/hard\libc_nano.a(libc_a-closer.o)
                              C:/ST/STM32CubeCLT_1.16.0/GNU-tools-for-STM32/bin/../lib/gcc/arm-none-eabi/12.3.1/../../../../arm-none-eabi/lib/thumb/v7e-m+fp/hard\libc_nano.a(libc_a-stdio.o) (_close_r)
C:/ST/STM32CubeCLT_1.16.0/GNU-tools-for-STM32/bin/../lib/gcc/arm-none-eabi/12.3.1/../../../../arm-none-eabi/lib/thumb/v7e-m+fp/hard\libc_nano.a(libc_a-reent.o)
                              C:/ST/STM32CubeCLT_1.16.0/GNU-tools-for-STM32/bin/../lib/gcc/arm-none-eabi/12.3.1/../../../../arm-none-eabi/lib/thumb/v7e-m+fp/hard\libc_nano.a(libc_a-closer.o) (errno)
C:/ST/STM32CubeCLT_1.16.0/GNU-tools-for-STM32/bin/../lib/gcc/arm-none-eabi/12.3.1/../../../../arm-none-eabi/lib/thumb/v7e-m+fp/hard\libc_nano.a(libc_a-impure.o)
                              C:/ST/STM32CubeCLT_1.16.0/GNU-tools-for-STM32/bin/../lib/gcc/arm-none-eabi/12.3.1/../../../../arm-none-eabi/lib/thumb/v7e-m+fp/hard\libc_nano.a(libc_a-reent.o) (_impure_ptr)
C:/ST/STM32CubeCLT_1.16.0/GNU-tools-for-STM32/bin/../lib/gcc/arm-none-eabi/12.3.1/../../../../arm-none-eabi/lib/thumb/v7e-m+fp/hard\libc_nano.a(libc_a-lseekr.o)
                              C:/ST/STM32CubeCLT_1.16.0/GNU-tools-for-STM32/bin/../lib/gcc/arm-none-eabi/12.3.1/../../../../arm-none-eabi/lib/thumb/v7e-m+fp/hard\libc_nano.a(libc_a-stdio.o) (_lseek_r)
C:/ST/STM32CubeCLT_1.16.0/GNU-tools-for-STM32/bin/../lib/gcc/arm-none-eabi/12.3.1/../../../../arm-none-eabi/lib/thumb/v7e-m+fp/hard\libc_nano.a(libc_a-readr.o)
                              C:/ST/STM32CubeCLT_1.16.0/GNU-tools-for-STM32/bin/../lib/gcc/arm-none-eabi/12.3.1/../../../../arm-none-eabi/lib/thumb/v7e-m+fp/hard\libc_nano.a(libc_a-stdio.o) (_read_r)
C:/ST/STM32CubeCLT_1.16.0/GNU-tools-for-STM32/bin/../lib/gcc/arm-none-eabi/12.3.1/../../../../arm-none-eabi/lib/thumb/v7e-m+fp/hard\libc_nano.a(libc_a-writer.o)
                              C:/ST/STM32CubeCLT_1.16.0/GNU-tools-for-STM32/bin/../lib/gcc/arm-none-eabi/12.3.1/../../../../arm-none-eabi/lib/thumb/v7e-m+fp/hard\libc_nano.a(libc_a-stdio.o) (_write_r)
C:/ST/STM32CubeCLT_1.16.0/GNU-tools-for-STM32/bin/../lib/gcc/arm-none-eabi/12.3.1/../../../../arm-none-eabi/lib/thumb/v7e-m+fp/hard\libc_nano.a(libc_a-init.o)
                              C:/ST/STM32CubeCLT_1.16.0/GNU-tools-for-STM32/bin/../lib/gcc/arm-none-eabi/12.3.1/../../../../arm-none-eabi/lib/thumb/v7e-m+fp/hard/crt0.o (__libc_init_array)
C:/ST/STM32CubeCLT_1.16.0/GNU-tools-for-STM32/bin/../lib/gcc/arm-none-eabi/12.3.1/../../../../arm-none-eabi/lib/thumb/v7e-m+fp/hard\libc_nano.a(libc_a-lock.o)
                              C:/ST/STM32CubeCLT_1.16.0/GNU-tools-for-STM32/bin/../lib/gcc/arm-none-eabi/12.3.1/../../../../arm-none-eabi/lib/thumb/v7e-m+fp/hard\libc_nano.a(libc_a-findfp.o) (__retarget_lock_init_recursive)
C:/ST/STM32CubeCLT_1.16.0/GNU-tools-for-STM32/bin/../lib/gcc/arm-none-eabi/12.3.1/../../../../arm-none-eabi/lib/thumb/v7e-m+fp/hard\libc_nano.a(libc_a-freer.o)
[...]
Memory Configuration

Name             Origin             Length             Attributes
RAM              0x20000000         0x00020000         xrw
FLASH            0x08000000         0x00080000         xr
*default*        0x00000000         0xffffffff

Linker script and memory map

LOAD C:/ST/STM32CubeCLT_1.16.0/GNU-tools-for-STM32/bin/../lib/gcc/arm-none-eabi/12.3.1/thumb/v7e-m+fp/hard/crti.o
LOAD C:/ST/STM32CubeCLT_1.16.0/GNU-tools-for-STM32/bin/../lib/gcc/arm-none-eabi/12.3.1/thumb/v7e-m+fp/hard/crtbegin.o
LOAD C:/ST/STM32CubeCLT_1.16.0/GNU-tools-for-STM32/bin/../lib/gcc/arm-none-eabi/12.3.1/../../../../arm-none-eabi/lib/thumb/v7e-m+fp/hard/crt0.o
START GROUP
LOAD C:/ST/STM32CubeCLT_1.16.0/GNU-tools-for-STM32/bin/../lib/gcc/arm-none-eabi/12.3.1/../../../../arm-none-eabi/lib/thumb/v7e-m+fp/hard\libc_nano.a
LOAD C:/ST/STM32CubeCLT_1.16.0/GNU-tools-for-STM32/bin/../lib/gcc/arm-none-eabi/12.3.1/../../../../arm-none-eabi/lib/thumb/v7e-m+fp/hard\libm.a
END GROUP
LOAD CMakeFiles/TIM10FreetosLV.dir/Core/Src/main.c.obj
LOAD CMakeFiles/TIM10FreetosLV.dir/Core/Src/freertos.c.obj
LOAD CMakeFiles/TIM10FreetosLV.dir/Core/Src/stm32f4xx_it.c.obj
LOAD CMakeFiles/TIM10FreetosLV.dir/Core/Src/stm32f4xx_hal_msp.c.obj
LOAD CMakeFiles/TIM10FreetosLV.dir/Core/Src/stm32f4xx_hal_timebase_tim.c.obj
LOAD CMakeFiles/TIM10FreetosLV.dir/Drivers/STM32F4xx_HAL_Driver/Src/stm32f4xx_hal_adc.c.obj
LOAD CMakeFiles/TIM10FreetosLV.dir/Drivers/STM32F4xx_HAL_Driver/Src/stm32f4xx_hal_adc_ex.c.obj
LOAD CMakeFiles/TIM10FreetosLV.dir/Drivers/STM32F4xx_HAL_Driver/Src/stm32f4xx_ll_adc.c.obj
LOAD CMakeFiles/TIM10FreetosLV.dir/Drivers/STM32F4xx_HAL_Driver/Src/stm32f4xx_hal_rcc.c.obj
LOAD CMakeFiles/TIM10FreetosLV.dir/Drivers/STM32F4xx_HAL_Driver/Src/stm32f4xx_hal_rcc_ex.c.obj
LOAD CMakeFiles/TIM10FreetosLV.dir/Drivers/STM32F4xx_HAL_Driver/Src/stm32f4xx_hal_flash.c.obj
LOAD CMakeFiles/TIM10FreetosLV.dir/Drivers/STM32F4xx_HAL_Driver/Src/stm32f4xx_hal_flash_ex.c.obj
LOAD CMakeFiles/TIM10FreetosLV.dir/Drivers/STM32F4xx_HAL_Driver/Src/stm32f4xx_hal_flash_ramfunc.c.obj
LOAD CMakeFiles/TIM10FreetosLV.dir/Drivers/STM32F4xx_HAL_Driver/Src/stm32f4xx_hal_gpio.c.obj
LOAD CMakeFiles/TIM10FreetosLV.dir/Drivers/STM32F4xx_HAL_Driver/Src/stm32f4xx_hal_dma_ex.c.obj
LOAD CMakeFiles/TIM10FreetosLV.dir/Drivers/STM32F4xx_HAL_Driver/Src/stm32f4xx_hal_dma.c.obj
LOAD CMakeFiles/TIM10FreetosLV.dir/Drivers/STM32F4xx_HAL_Driver/Src/stm32f4xx_hal_pwr.c.obj
LOAD CMakeFiles/TIM10FreetosLV.dir/Drivers/STM32F4xx_HAL_Driver/Src/stm32f4xx_hal_pwr_ex.c.obj
LOAD CMakeFiles/TIM10FreetosLV.dir/Drivers/STM32F4xx_HAL_Driver/Src/stm32f4xx_hal_cortex.c.obj
LOAD CMakeFiles/TIM10FreetosLV.dir/Drivers/STM32F4xx_HAL_Driver/Src/stm32f4xx_hal.c.obj
LOAD CMakeFiles/TIM10FreetosLV.dir/Drivers/STM32F4xx_HAL_Driver/Src/stm32f4xx_hal_exti.c.obj
LOAD CMakeFiles/TIM10FreetosLV.dir/Drivers/STM32F4xx_HAL_Driver/Src/stm32f4xx_hal_tim.c.obj
LOAD CMakeFiles/TIM10FreetosLV.dir/Drivers/STM32F4xx_HAL_Driver/Src/stm32f4xx_hal_tim_ex.c.obj
LOAD CMakeFiles/TIM10FreetosLV.dir/Core/Src/system_stm32f4xx.c.obj
LOAD CMakeFiles/TIM10FreetosLV.dir/Middlewares/Third_Party/FreeRTOS/Source/croutine.c.obj
LOAD CMakeFiles/TIM10FreetosLV.dir/Middlewares/Third_Party/FreeRTOS/Source/event_groups.c.obj
LOAD CMakeFiles/TIM10FreetosLV.dir/Middlewares/Third_Party/FreeRTOS/Source/list.c.obj
LOAD CMakeFiles/TIM10FreetosLV.dir/Middlewares/Third_Party/FreeRTOS/Source/queue.c.obj
LOAD CMakeFiles/TIM10FreetosLV.dir/Middlewares/Third_Party/FreeRTOS/Source/stream_buffer.c.obj
LOAD CMakeFiles/TIM10FreetosLV.dir/Middlewares/Third_Party/FreeRTOS/Source/tasks.c.obj
LOAD CMakeFiles/TIM10FreetosLV.dir/Middlewares/Third_Party/FreeRTOS/Source/timers.c.obj
LOAD CMakeFiles/TIM10FreetosLV.dir/Middlewares/Third_Party/FreeRTOS/Source/CMSIS_RTOS_V2/cmsis_os2.c.obj
LOAD CMakeFiles/TIM10FreetosLV.dir/Middlewares/Third_Party/FreeRTOS/Source/portable/MemMang/heap_4.c.obj
LOAD CMakeFiles/TIM10FreetosLV.dir/Middlewares/Third_Party/FreeRTOS/Source/portable/GCC/ARM_CM4F/port.c.obj
LOAD CMakeFiles/TIM10FreetosLV.dir/Core/Src/sysmem.c.obj
LOAD CMakeFiles/TIM10FreetosLV.dir/Core/Src/syscalls.c.obj
LOAD CMakeFiles/TIM10FreetosLV.dir/startup_stm32f411xe.s.obj
START GROUP
LOAD C:/ST/STM32CubeCLT_1.16.0/GNU-tools-for-STM32/bin/../lib/gcc/arm-none-eabi/12.3.1/thumb/v7e-m+fp/hard\libgcc.a
LOAD C:/ST/STM32CubeCLT_1.16.0/GNU-tools-for-STM32/bin/../lib/gcc/arm-none-eabi/12.3.1/../../../../arm-none-eabi/lib/thumb/v7e-m+fp/hard\libg_nano.a
LOAD C:/ST/STM32CubeCLT_1.16.0/GNU-tools-for-STM32/bin/../lib/gcc/arm-none-eabi/12.3.1/../../../../arm-none-eabi/lib/thumb/v7e-m+fp/hard\libc_nano.a
END GROUP
START GROUP
LOAD C:/ST/STM32CubeCLT_1.16.0/GNU-tools-for-STM32/bin/../lib/gcc/arm-none-eabi/12.3.1/thumb/v7e-m+fp/hard\libgcc.a
LOAD C:/ST/STM32CubeCLT_1.16.0/GNU-tools-for-STM32/bin/../lib/gcc/arm-none-eabi/12.3.1/../../../../arm-none-eabi/lib/thumb/v7e-m+fp/hard\libc_nano.a
END GROUP
LOAD C:/ST/STM32CubeCLT_1.16.0/GNU-tools-for-STM32/bin/../lib/gcc/arm-none-eabi/12.3.1/thumb/v7e-m+fp/hard/crtend.o
LOAD C:/ST/STM32CubeCLT_1.16.0/GNU-tools-for-STM32/bin/../lib/gcc/arm-none-eabi/12.3.1/thumb/v7e-m+fp/hard/crtn.o
                0x20020000                        _estack = (ORIGIN (RAM) + LENGTH (RAM))
                0x00000200                        _Min_Heap_Size = 0x200
                0x00000400                        _Min_Stack_Size = 0x400

.isr_vector     0x08000000      0x198
                0x08000000                        . = ALIGN (0x4)
 *(.isr_vector)
 .isr_vector    0x08000000      0x198 CMakeFiles/TIM10FreetosLV.dir/startup_stm32f411xe.s.obj
                0x08000000                g_pfnVectors
                0x08000198                        . = ALIGN (0x4)

.text           0x080001a0     0x6cf4
                0x080001a0                        . = ALIGN (0x4)
 *(.text)
 .text          0x080001a0       0x40 C:/ST/STM32CubeCLT_1.16.0/GNU-tools-for-STM32/bin/../lib/gcc/arm-none-eabi/12.3.1/thumb/v7e-m+fp/hard/crtbegin.o
 .text          0x080001e0      0x378 C:/ST/STM32CubeCLT_1.16.0/GNU-tools-for-STM32/bin/../lib/gcc/arm-none-eabi/12.3.1/thumb/v7e-m+fp/hard\libgcc.a(_arm_addsubdf3.o)
                0x080001e0                __aeabi_drsub
                0x080001e8                __aeabi_dsub
                0x080001e8                __subdf3
                0x080001ec                __aeabi_dadd
                0x080001ec                __adddf3
                0x08000464                __floatunsidf
                0x08000464                __aeabi_ui2d
                0x08000484                __floatsidf
                0x08000484                __aeabi_i2d
                0x080004a8                __aeabi_f2d
                0x080004a8                __extendsfdf2
                0x080004ec                __floatundidf
                0x080004ec                __aeabi_ul2d
                0x080004fc                __floatdidf
                0x080004fc                __aeabi_l2d
 .text          0x08000558      0x424 C:/ST/STM32CubeCLT_1.16.0/GNU-tools-for-STM32/bin/../lib/gcc/arm-none-eabi/12.3.1/thumb/v7e-m+fp/hard\libgcc.a(_arm_muldivdf3.o)
                0x08000558                __aeabi_dmul
                0x08000558                __muldf3
                0x080007ac                __divdf3
                0x080007ac                __aeabi_ddiv
 .text          0x0800097c       0xa0 C:/ST/STM32CubeCLT_1.16.0/GNU-tools-for-STM32/bin/../lib/gcc/arm-none-eabi/12.3.1/thumb/v7e-m+fp/hard\libgcc.a(_arm_truncdfsf2.o)
                0x0800097c                __truncdfsf2
                0x0800097c                __aeabi_d2f
 .text          0x08000a1c       0x30 C:/ST/STM32CubeCLT_1.16.0/GNU-tools-for-STM32/bin/../lib/gcc/arm-none-eabi/12.3.1/thumb/v7e-m+fp/hard\libgcc.a(_aeabi_uldivmod.o)
                0x08000a1c                __aeabi_uldivmod
 .text          0x08000a4c      0x2bc C:/ST/STM32CubeCLT_1.16.0/GNU-tools-for-STM32/bin/../lib/gcc/arm-none-eabi/12.3.1/thumb/v7e-m+fp/hard\libgcc.a(_udivmoddi4.o)
                0x08000a4c                __udivmoddi4
 .text          0x08000d08        0x4 C:/ST/STM32CubeCLT_1.16.0/GNU-tools-for-STM32/bin/../lib/gcc/arm-none-eabi/12.3.1/thumb/v7e-m+fp/hard\libgcc.a(_dvmd_tls.o)
                0x08000d08                __aeabi_idiv0
                0x08000d08                __aeabi_ldiv0
 *(.text*)
 .text.memset   0x08000d0c       0x10 C:/ST/STM32CubeCLT_1.16.0/GNU-tools-for-STM32/bin/../lib/gcc/arm-none-eabi/12.3.1/../../../../arm-none-eabi/lib/thumb/v7e-m+fp/hard\libc_nano.a(libc_a-memset.o)
                0x08000d0c                memset
 .text.__libc_init_array
                0x08000d1c       0x48 C:/ST/STM32CubeCLT_1.16.0/GNU-tools-for-STM32/bin/../lib/gcc/arm-none-eabi/12.3.1/../../../../arm-none-eabi/lib/thumb/v7e-m+fp/hard\libc_nano.a(libc_a-init.o)
                0x08000d1c                __libc_init_array
 .text.main     0x08000d64       0xe8 CMakeFiles/TIM10FreetosLV.dir/Core/Src/main.c.obj
                0x08000d64                main
 .text.SystemClock_Config
                0x08000e4c       0xbc CMakeFiles/TIM10FreetosLV.dir/Core/Src/main.c.obj
                0x08000e4c                SystemClock_Config
 .text.MX_ADC1_Init
                0x08000f08       0xf8 CMakeFiles/TIM10FreetosLV.dir/Core/Src/main.c.obj
 .text.MX_TIM2_Init
                0x08001000       0x98 CMakeFiles/TIM10FreetosLV.dir/Core/Src/main.c.obj
 .text.MX_DMA_Init
                0x08001098       0x40 CMakeFiles/TIM10FreetosLV.dir/Core/Src/main.c.obj
 .text.MX_GPIO_Init
                0x080010d8       0xc4 CMakeFiles/TIM10FreetosLV.dir/Core/Src/main.c.obj
 .text.StartLEDTask
                0x0800119c       0x3c CMakeFiles/TIM10FreetosLV.dir/Core/Src/main.c.obj
                0x0800119c                StartLEDTask
 .text.StartAN1Task
                0x080011d8       0x94 CMakeFiles/TIM10FreetosLV.dir/Core/Src/main.c.obj
                0x080011d8                StartAN1Task
 *fill*         0x0800126c        0x4 
 .text.StartAN2Task
                0x08001270       0x94 CMakeFiles/TIM10FreetosLV.dir/Core/Src/main.c.obj
                0x08001270                StartAN2Task
 *fill*         0x08001304        0x4 
 .text.StartAN3Task
                0x08001308       0x94 CMakeFiles/TIM10FreetosLV.dir/Core/Src/main.c.obj
                0x08001308                StartAN3Task
 *fill*         0x0800139c        0x4 
 .text.StartAN4Task
                0x080013a0       0x94 CMakeFiles/TIM10FreetosLV.dir/Core/Src/main.c.obj
                0x080013a0                StartAN4Task
 .text.HAL_TIM_PeriodElapsedCallback
                0x08001434       0x24 CMakeFiles/TIM10FreetosLV.dir/Core/Src/main.c.obj
                0x08001434                HAL_TIM_PeriodElapsedCallback
 .text.Error_Handler
                0x08001458        0xc CMakeFiles/TIM10FreetosLV.dir/Core/Src/main.c.obj
                0x08001458                Error_Handler
 .text.NMI_Handler
                0x08001464        0x8 CMakeFiles/TIM10FreetosLV.dir/Core/Src/stm32f4xx_it.c.obj
                0x08001464                NMI_Handler
 .text.HardFault_Handler
                0x0800146c        0x8 CMakeFiles/TIM10FreetosLV.dir/Core/Src/stm32f4xx_it.c.obj
                0x0800146c                HardFault_Handler
 .text.MemManage_Handler
                0x08001474        0x8 CMakeFiles/TIM10FreetosLV.dir/Core/Src/stm32f4xx_it.c.obj
                0x08001474                MemManage_Handler
 .text.BusFault_Handler
                0x0800147c        0x8 CMakeFiles/TIM10FreetosLV.dir/Core/Src/stm32f4xx_it.c.obj
                0x0800147c                BusFault_Handler
 .text.UsageFault_Handler
                0x08001484        0x8 CMakeFiles/TIM10FreetosLV.dir/Core/Src/stm32f4xx_it.c.obj
                0x08001484                UsageFault_Handler
 .text.DebugMon_Handler
                0x0800148c        0xe CMakeFiles/TIM10FreetosLV.dir/Core/Src/stm32f4xx_it.c.obj
                0x0800148c                DebugMon_Handler
 *fill*         0x0800149a        0x2 
 .text.EXTI0_IRQHandler
                0x0800149c       0x28 CMakeFiles/TIM10FreetosLV.dir/Core/Src/stm32f4xx_it.c.obj
                0x0800149c                EXTI0_IRQHandler
 .text.ADC_IRQHandler
                0x080014c4       0x14 CMakeFiles/TIM10FreetosLV.dir/Core/Src/stm32f4xx_it.c.obj
                0x080014c4                ADC_IRQHandler
 .text.TIM1_UP_TIM10_IRQHandler
                0x080014d8       0x14 CMakeFiles/TIM10FreetosLV.dir/Core/Src/stm32f4xx_it.c.obj
                0x080014d8                TIM1_UP_TIM10_IRQHandler
 .text.TIM2_IRQHandler
                0x080014ec       0x24 CMakeFiles/TIM10FreetosLV.dir/Core/Src/stm32f4xx_it.c.obj
                0x080014ec                TIM2_IRQHandler
 .text.DMA2_Stream0_IRQHandler
                0x08001510       0x14 CMakeFiles/TIM10FreetosLV.dir/Core/Src/stm32f4xx_it.c.obj
                0x08001510                DMA2_Stream0_IRQHandler
 .text.HAL_ADC_ConvCpltCallback
                0x08001524       0x50 CMakeFiles/TIM10FreetosLV.dir/Core/Src/stm32f4xx_it.c.obj
                0x08001524                HAL_ADC_ConvCpltCallback
 .text.HAL_MspInit
                0x08001574       0x58 CMakeFiles/TIM10FreetosLV.dir/Core/Src/stm32f4xx_hal_msp.c.obj
                0x08001574                HAL_MspInit
 .text.HAL_ADC_MspInit
                0x080015cc      0x100 CMakeFiles/TIM10FreetosLV.dir/Core/Src/stm32f4xx_hal_msp.c.obj
                0x080015cc                HAL_ADC_MspInit
 .text.HAL_TIM_Base_MspInit
                0x080016cc       0x4c CMakeFiles/TIM10FreetosLV.dir/Core/Src/stm32f4xx_hal_msp.c.obj
                0x080016cc                HAL_TIM_Base_MspInit
 .text.HAL_InitTick
                0x08001718       0xe4 CMakeFiles/TIM10FreetosLV.dir/Core/Src/stm32f4xx_hal_timebase_tim.c.obj
                0x08001718                HAL_InitTick
 .text.HAL_ADC_Init
                0x080017fc       0x86 CMakeFiles/TIM10FreetosLV.dir/Drivers/STM32F4xx_HAL_Driver/Src/stm32f4xx_hal_adc.c.obj
                0x080017fc                HAL_ADC_Init
 .text.HAL_ADC_IRQHandler
                0x08001882      0x220 CMakeFiles/TIM10FreetosLV.dir/Drivers/STM32F4xx_HAL_Driver/Src/stm32f4xx_hal_adc.c.obj
                0x08001882                HAL_ADC_IRQHandler
 *fill*         0x08001aa2        0x2 
 .text.HAL_ADC_Start_DMA
                0x08001aa4      0x1e0 CMakeFiles/TIM10FreetosLV.dir/Drivers/STM32F4xx_HAL_Driver/Src/stm32f4xx_hal_adc.c.obj
                0x08001aa4                HAL_ADC_Start_DMA
 .text.HAL_ADC_ConvHalfCpltCallback
                0x08001c84       0x14 CMakeFiles/TIM10FreetosLV.dir/Drivers/STM32F4xx_HAL_Driver/Src/stm32f4xx_hal_adc.c.obj
                0x08001c84                HAL_ADC_ConvHalfCpltCallback
 .text.HAL_ADC_LevelOutOfWindowCallback
                0x08001c98       0x14 CMakeFiles/TIM10FreetosLV.dir/Drivers/STM32F4xx_HAL_Driver/Src/stm32f4xx_hal_adc.c.obj
                0x08001c98                HAL_ADC_LevelOutOfWindowCallback
 .text.HAL_ADC_ErrorCallback
                0x08001cac       0x14 CMakeFiles/TIM10FreetosLV.dir/Drivers/STM32F4xx_HAL_Driver/Src/stm32f4xx_hal_adc.c.obj
                0x08001cac                HAL_ADC_ErrorCallback
 .text.HAL_ADC_ConfigChannel
                0x08001cc0      0x264 CMakeFiles/TIM10FreetosLV.dir/Drivers/STM32F4xx_HAL_Driver/Src/stm32f4xx_hal_adc.c.obj
                0x08001cc0                HAL_ADC_ConfigChannel
 .text.ADC_Init
                0x08001f24      0x1f8 CMakeFiles/TIM10FreetosLV.dir/Drivers/STM32F4xx_HAL_Driver/Src/stm32f4xx_hal_adc.c.obj
 .text.ADC_DMAConvCplt
                0x0800211c       0xba CMakeFiles/TIM10FreetosLV.dir/Drivers/STM32F4xx_HAL_Driver/Src/stm32f4xx_hal_adc.c.obj
 .text.ADC_DMAHalfConvCplt
                0x080021d6       0x1c CMakeFiles/TIM10FreetosLV.dir/Drivers/STM32F4xx_HAL_Driver/Src/stm32f4xx_hal_adc.c.obj
 .text.ADC_DMAError
                0x080021f2       0x2e CMakeFiles/TIM10FreetosLV.dir/Drivers/STM32F4xx_HAL_Driver/Src/stm32f4xx_hal_adc.c.obj
 .text.HAL_ADCEx_InjectedConvCpltCallback
                0x08002220       0x14 CMakeFiles/TIM10FreetosLV.dir/Drivers/STM32F4xx_HAL_Driver/Src/stm32f4xx_hal_adc_ex.c.obj
                0x08002220                HAL_ADCEx_InjectedConvCpltCallback
 .text.HAL_RCC_OscConfig
                0x08002234      0x4f0 CMakeFiles/TIM10FreetosLV.dir/Drivers/STM32F4xx_HAL_Driver/Src/stm32f4xx_hal_rcc.c.obj
                0x08002234                HAL_RCC_OscConfig
 .text.HAL_RCC_ClockConfig
                0x08002724      0x1cc CMakeFiles/TIM10FreetosLV.dir/Drivers/STM32F4xx_HAL_Driver/Src/stm32f4xx_hal_rcc.c.obj
                0x08002724                HAL_RCC_ClockConfig
 .text.HAL_RCC_GetSysClockFreq
                0x080028f0      0x18c CMakeFiles/TIM10FreetosLV.dir/Drivers/STM32F4xx_HAL_Driver/Src/stm32f4xx_hal_rcc.c.obj
                0x080028f0                HAL_RCC_GetSysClockFreq
 .text.HAL_RCC_GetHCLKFreq
                0x08002a7c       0x18 CMakeFiles/TIM10FreetosLV.dir/Drivers/STM32F4xx_HAL_Driver/Src/stm32f4xx_hal_rcc.c.obj
                0x08002a7c                HAL_RCC_GetHCLKFreq
 .text.HAL_RCC_GetPCLK2Freq
                0x08002a94       0x28 CMakeFiles/TIM10FreetosLV.dir/Drivers/STM32F4xx_HAL_Driver/Src/stm32f4xx_hal_rcc.c.obj
                0x08002a94                HAL_RCC_GetPCLK2Freq
 .text.HAL_RCC_GetClockConfig
                0x08002abc       0x64 CMakeFiles/TIM10FreetosLV.dir/Drivers/STM32F4xx_HAL_Driver/Src/stm32f4xx_hal_rcc.c.obj
                0x08002abc                HAL_RCC_GetClockConfig
 .text.HAL_GPIO_Init
                0x08002b20      0x308 CMakeFiles/TIM10FreetosLV.dir/Drivers/STM32F4xx_HAL_Driver/Src/stm32f4xx_hal_gpio.c.obj
                0x08002b20                HAL_GPIO_Init
 .text.HAL_GPIO_WritePin
                0x08002e28       0x32 CMakeFiles/TIM10FreetosLV.dir/Drivers/STM32F4xx_HAL_Driver/Src/stm32f4xx_hal_gpio.c.obj
                0x08002e28                HAL_GPIO_WritePin
 *fill*         0x08002e5a        0x2 
 .text.HAL_GPIO_EXTI_IRQHandler
                0x08002e5c       0x30 CMakeFiles/TIM10FreetosLV.dir/Drivers/STM32F4xx_HAL_Driver/Src/stm32f4xx_hal_gpio.c.obj
                0x08002e5c                HAL_GPIO_EXTI_IRQHandler
 .text.HAL_GPIO_EXTI_Callback
                0x08002e8c       0x16 CMakeFiles/TIM10FreetosLV.dir/Drivers/STM32F4xx_HAL_Driver/Src/stm32f4xx_hal_gpio.c.obj
                0x08002e8c                HAL_GPIO_EXTI_Callback
 *fill*         0x08002ea2        0x2 
 .text.HAL_DMA_Init
                0x08002ea4      0x15c CMakeFiles/TIM10FreetosLV.dir/Drivers/STM32F4xx_HAL_Driver/Src/stm32f4xx_hal_dma.c.obj
                0x08002ea4                HAL_DMA_Init
 .text.HAL_DMA_Start_IT
                0x08003000       0xb0 CMakeFiles/TIM10FreetosLV.dir/Drivers/STM32F4xx_HAL_Driver/Src/stm32f4xx_hal_dma.c.obj
                0x08003000                HAL_DMA_Start_IT
 .text.HAL_DMA_IRQHandler
                0x080030b0      0x314 CMakeFiles/TIM10FreetosLV.dir/Drivers/STM32F4xx_HAL_Driver/Src/stm32f4xx_hal_dma.c.obj
                0x080030b0                HAL_DMA_IRQHandler
 .text.DMA_SetConfig
                0x080033c4       0x5c CMakeFiles/TIM10FreetosLV.dir/Drivers/STM32F4xx_HAL_Driver/Src/stm32f4xx_hal_dma.c.obj
 .text.DMA_CalcBaseAndBitshift
                0x08003420       0x6c CMakeFiles/TIM10FreetosLV.dir/Drivers/STM32F4xx_HAL_Driver/Src/stm32f4xx_hal_dma.c.obj
 .text.DMA_CheckFifoParam
                0x0800348c       0xf8 CMakeFiles/TIM10FreetosLV.dir/Drivers/STM32F4xx_HAL_Driver/Src/stm32f4xx_hal_dma.c.obj
 .text.__NVIC_SetPriorityGrouping
                0x08003584       0x48 CMakeFiles/TIM10FreetosLV.dir/Drivers/STM32F4xx_HAL_Driver/Src/stm32f4xx_hal_cortex.c.obj
 .text.__NVIC_GetPriorityGrouping
                0x080035cc       0x1c CMakeFiles/TIM10FreetosLV.dir/Drivers/STM32F4xx_HAL_Driver/Src/stm32f4xx_hal_cortex.c.obj
 .text.__NVIC_EnableIRQ
                0x080035e8       0x3c CMakeFiles/TIM10FreetosLV.dir/Drivers/STM32F4xx_HAL_Driver/Src/stm32f4xx_hal_cortex.c.obj
 .text.__NVIC_SetPriority
                0x08003624       0x54 CMakeFiles/TIM10FreetosLV.dir/Drivers/STM32F4xx_HAL_Driver/Src/stm32f4xx_hal_cortex.c.obj
 .text.NVIC_EncodePriority
                0x08003678       0x66 CMakeFiles/TIM10FreetosLV.dir/Drivers/STM32F4xx_HAL_Driver/Src/stm32f4xx_hal_cortex.c.obj
 .text.HAL_NVIC_SetPriorityGrouping
                0x080036de       0x16 CMakeFiles/TIM10FreetosLV.dir/Drivers/STM32F4xx_HAL_Driver/Src/stm32f4xx_hal_cortex.c.obj
                0x080036de                HAL_NVIC_SetPriorityGrouping
 .text.HAL_NVIC_SetPriority
                0x080036f4       0x38 CMakeFiles/TIM10FreetosLV.dir/Drivers/STM32F4xx_HAL_Driver/Src/stm32f4xx_hal_cortex.c.obj
                0x080036f4                HAL_NVIC_SetPriority
 .text.HAL_NVIC_EnableIRQ
                0x0800372c       0x1c CMakeFiles/TIM10FreetosLV.dir/Drivers/STM32F4xx_HAL_Driver/Src/stm32f4xx_hal_cortex.c.obj
                0x0800372c                HAL_NVIC_EnableIRQ
 .text.HAL_Init
                0x08003748       0x44 CMakeFiles/TIM10FreetosLV.dir/Drivers/STM32F4xx_HAL_Driver/Src/stm32f4xx_hal.c.obj
                0x08003748                HAL_Init
 .text.HAL_IncTick
                0x0800378c       0x28 CMakeFiles/TIM10FreetosLV.dir/Drivers/STM32F4xx_HAL_Driver/Src/stm32f4xx_hal.c.obj
                0x0800378c                HAL_IncTick
 .text.HAL_GetTick
                0x080037b4       0x18 CMakeFiles/TIM10FreetosLV.dir/Drivers/STM32F4xx_HAL_Driver/Src/stm32f4xx_hal.c.obj
                0x080037b4                HAL_GetTick
 .text.HAL_TIM_Base_Init
                0x080037cc       0x9e CMakeFiles/TIM10FreetosLV.dir/Drivers/STM32F4xx_HAL_Driver/Src/stm32f4xx_hal_tim.c.obj
                0x080037cc                HAL_TIM_Base_Init
 *fill*         0x0800386a        0x2 
 .text.HAL_TIM_Base_Start_IT
                0x0800386c       0xc4 CMakeFiles/TIM10FreetosLV.dir/Drivers/STM32F4xx_HAL_Driver/Src/stm32f4xx_hal_tim.c.obj
                0x0800386c                HAL_TIM_Base_Start_IT
 .text.HAL_TIM_IRQHandler
                0x08003930      0x1e0 CMakeFiles/TIM10FreetosLV.dir/Drivers/STM32F4xx_HAL_Driver/Src/stm32f4xx_hal_tim.c.obj
                0x08003930                HAL_TIM_IRQHandler
 .text.HAL_TIM_ConfigClockSource
                0x08003b10      0x18e CMakeFiles/TIM10FreetosLV.dir/Drivers/STM32F4xx_HAL_Driver/Src/stm32f4xx_hal_tim.c.obj
                0x08003b10                HAL_TIM_ConfigClockSource
 .text.HAL_TIM_OC_DelayElapsedCallback
                0x08003c9e       0x14 CMakeFiles/TIM10FreetosLV.dir/Drivers/STM32F4xx_HAL_Driver/Src/stm32f4xx_hal_tim.c.obj
                0x08003c9e                HAL_TIM_OC_DelayElapsedCallback
 .text.HAL_TIM_IC_CaptureCallback
                0x08003cb2       0x14 CMakeFiles/TIM10FreetosLV.dir/Drivers/STM32F4xx_HAL_Driver/Src/stm32f4xx_hal_tim.c.obj
                0x08003cb2                HAL_TIM_IC_CaptureCallback
 .text.HAL_TIM_PWM_PulseFinishedCallback
                0x08003cc6       0x14 CMakeFiles/TIM10FreetosLV.dir/Drivers/STM32F4xx_HAL_Driver/Src/stm32f4xx_hal_tim.c.obj
                0x08003cc6                HAL_TIM_PWM_PulseFinishedCallback
 .text.HAL_TIM_TriggerCallback
                0x08003cda       0x14 CMakeFiles/TIM10FreetosLV.dir/Drivers/STM32F4xx_HAL_Driver/Src/stm32f4xx_hal_tim.c.obj
                0x08003cda                HAL_TIM_TriggerCallback
 *fill*         0x08003cee        0x2 
 .text.TIM_Base_SetConfig
                0x08003cf0      0x118 CMakeFiles/TIM10FreetosLV.dir/Drivers/STM32F4xx_HAL_Driver/Src/stm32f4xx_hal_tim.c.obj
                0x08003cf0                TIM_Base_SetConfig
 .text.TIM_TI1_ConfigInputStage
                0x08003e08       0x5e CMakeFiles/TIM10FreetosLV.dir/Drivers/STM32F4xx_HAL_Driver/Src/stm32f4xx_hal_tim.c.obj
 .text.TIM_TI2_ConfigInputStage
                0x08003e66       0x60 CMakeFiles/TIM10FreetosLV.dir/Drivers/STM32F4xx_HAL_Driver/Src/stm32f4xx_hal_tim.c.obj
 .text.TIM_ITRx_SetConfig
                0x08003ec6       0x36 CMakeFiles/TIM10FreetosLV.dir/Drivers/STM32F4xx_HAL_Driver/Src/stm32f4xx_hal_tim.c.obj
 .text.TIM_ETR_SetConfig
                0x08003efc       0x40 CMakeFiles/TIM10FreetosLV.dir/Drivers/STM32F4xx_HAL_Driver/Src/stm32f4xx_hal_tim.c.obj
                0x08003efc                TIM_ETR_SetConfig
 .text.HAL_TIMEx_MasterConfigSynchronization
                0x08003f3c       0xdc CMakeFiles/TIM10FreetosLV.dir/Drivers/STM32F4xx_HAL_Driver/Src/stm32f4xx_hal_tim_ex.c.obj
                0x08003f3c                HAL_TIMEx_MasterConfigSynchronization
 .text.HAL_TIMEx_CommutCallback
                0x08004018       0x14 CMakeFiles/TIM10FreetosLV.dir/Drivers/STM32F4xx_HAL_Driver/Src/stm32f4xx_hal_tim_ex.c.obj
                0x08004018                HAL_TIMEx_CommutCallback
 .text.HAL_TIMEx_BreakCallback
                0x0800402c       0x14 CMakeFiles/TIM10FreetosLV.dir/Drivers/STM32F4xx_HAL_Driver/Src/stm32f4xx_hal_tim_ex.c.obj
                0x0800402c                HAL_TIMEx_BreakCallback
 .text.SystemInit
                0x08004040       0x24 CMakeFiles/TIM10FreetosLV.dir/Core/Src/system_stm32f4xx.c.obj
                0x08004040                SystemInit
 .text.vListInitialise
                0x08004064       0x40 CMakeFiles/TIM10FreetosLV.dir/Middlewares/Third_Party/FreeRTOS/Source/list.c.obj
                0x08004064                vListInitialise
 .text.vListInitialiseItem
                0x080040a4       0x1a CMakeFiles/TIM10FreetosLV.dir/Middlewares/Third_Party/FreeRTOS/Source/list.c.obj
                0x080040a4                vListInitialiseItem
 .text.vListInsertEnd
                0x080040be       0x48 CMakeFiles/TIM10FreetosLV.dir/Middlewares/Third_Party/FreeRTOS/Source/list.c.obj
                0x080040be                vListInsertEnd
 .text.vListInsert
                0x08004106       0x72 CMakeFiles/TIM10FreetosLV.dir/Middlewares/Third_Party/FreeRTOS/Source/list.c.obj
                0x08004106                vListInsert
 .text.uxListRemove
                0x08004178       0x54 CMakeFiles/TIM10FreetosLV.dir/Middlewares/Third_Party/FreeRTOS/Source/list.c.obj
                0x08004178                uxListRemove
 .text.xQueueGenericReset
                0x080041cc       0xd4 CMakeFiles/TIM10FreetosLV.dir/Middlewares/Third_Party/FreeRTOS/Source/queue.c.obj
                0x080041cc                xQueueGenericReset
 .text.xQueueGenericCreateStatic
                0x080042a0       0xfa CMakeFiles/TIM10FreetosLV.dir/Middlewares/Third_Party/FreeRTOS/Source/queue.c.obj
                0x080042a0                xQueueGenericCreateStatic
 .text.xQueueGenericCreate
                0x0800439a       0x76 CMakeFiles/TIM10FreetosLV.dir/Middlewares/Third_Party/FreeRTOS/Source/queue.c.obj
                0x0800439a                xQueueGenericCreate
 .text.prvInitialiseNewQueue
                0x08004410       0x46 CMakeFiles/TIM10FreetosLV.dir/Middlewares/Third_Party/FreeRTOS/Source/queue.c.obj
 .text.prvInitialiseMutex
                0x08004456       0x34 CMakeFiles/TIM10FreetosLV.dir/Middlewares/Third_Party/FreeRTOS/Source/queue.c.obj
 .text.xQueueCreateMutex
                0x0800448a       0x30 CMakeFiles/TIM10FreetosLV.dir/Middlewares/Third_Party/FreeRTOS/Source/queue.c.obj
                0x0800448a                xQueueCreateMutex
 .text.xQueueCreateMutexStatic
                0x080044ba       0x36 CMakeFiles/TIM10FreetosLV.dir/Middlewares/Third_Party/FreeRTOS/Source/queue.c.obj
                0x080044ba                xQueueCreateMutexStatic
 .text.xQueueGenericSend
                0x080044f0      0x204 CMakeFiles/TIM10FreetosLV.dir/Middlewares/Third_Party/FreeRTOS/Source/queue.c.obj
                0x080044f0                xQueueGenericSend
 .text.xQueueGenericSendFromISR
                0x080046f4      0x13c CMakeFiles/TIM10FreetosLV.dir/Middlewares/Third_Party/FreeRTOS/Source/queue.c.obj
                0x080046f4                xQueueGenericSendFromISR
 .text.xQueueReceive
                0x08004830      0x1c4 CMakeFiles/TIM10FreetosLV.dir/Middlewares/Third_Party/FreeRTOS/Source/queue.c.obj
                0x08004830                xQueueReceive
 .text.prvCopyDataToQueue
                0x080049f4       0xd4 CMakeFiles/TIM10FreetosLV.dir/Middlewares/Third_Party/FreeRTOS/Source/queue.c.obj
 .text.prvCopyDataFromQueue
                0x08004ac8       0x4c CMakeFiles/TIM10FreetosLV.dir/Middlewares/Third_Party/FreeRTOS/Source/queue.c.obj
 .text.prvUnlockQueue
                0x08004b14       0xa4 CMakeFiles/TIM10FreetosLV.dir/Middlewares/Third_Party/FreeRTOS/Source/queue.c.obj
 .text.prvIsQueueEmpty
                0x08004bb8       0x2c CMakeFiles/TIM10FreetosLV.dir/Middlewares/Third_Party/FreeRTOS/Source/queue.c.obj
 .text.prvIsQueueFull
                0x08004be4       0x30 CMakeFiles/TIM10FreetosLV.dir/Middlewares/Third_Party/FreeRTOS/Source/queue.c.obj
 .text.vQueueAddToRegistry
                0x08004c14       0x54 CMakeFiles/TIM10FreetosLV.dir/Middlewares/Third_Party/FreeRTOS/Source/queue.c.obj
                0x08004c14                vQueueAddToRegistry
 .text.vQueueWaitForMessageRestricted
                0x08004c68       0x68 CMakeFiles/TIM10FreetosLV.dir/Middlewares/Third_Party/FreeRTOS/Source/queue.c.obj
                0x08004c68                vQueueWaitForMessageRestricted
 .text.xTaskCreateStatic
                0x08004cd0       0xc0 CMakeFiles/TIM10FreetosLV.dir/Middlewares/Third_Party/FreeRTOS/Source/tasks.c.obj
                0x08004cd0                xTaskCreateStatic
 .text.xTaskCreate
                0x08004d90       0x8a CMakeFiles/TIM10FreetosLV.dir/Middlewares/Third_Party/FreeRTOS/Source/tasks.c.obj
                0x08004d90                xTaskCreate
 .text.prvInitialiseNewTask
                0x08004e1a      0x120 CMakeFiles/TIM10FreetosLV.dir/Middlewares/Third_Party/FreeRTOS/Source/tasks.c.obj
 *fill*         0x08004f3a        0x2 
 .text.prvAddNewTaskToReadyList
                0x08004f3c       0xe0 CMakeFiles/TIM10FreetosLV.dir/Middlewares/Third_Party/FreeRTOS/Source/tasks.c.obj
 .text.vTaskDelay
                0x0800501c       0x6c CMakeFiles/TIM10FreetosLV.dir/Middlewares/Third_Party/FreeRTOS/Source/tasks.c.obj
                0x0800501c                vTaskDelay
 .text.vTaskStartScheduler
                0x08005088       0xd0 CMakeFiles/TIM10FreetosLV.dir/Middlewares/Third_Party/FreeRTOS/Source/tasks.c.obj
                0x08005088                vTaskStartScheduler
 .text.vTaskSuspendAll
                0x08005158       0x1c CMakeFiles/TIM10FreetosLV.dir/Middlewares/Third_Party/FreeRTOS/Source/tasks.c.obj
                0x08005158                vTaskSuspendAll
 .text.xTaskResumeAll
                0x08005174      0x13c CMakeFiles/TIM10FreetosLV.dir/Middlewares/Third_Party/FreeRTOS/Source/tasks.c.obj
                0x08005174                xTaskResumeAll
 .text.xTaskGetTickCount
                0x080052b0       0x20 CMakeFiles/TIM10FreetosLV.dir/Middlewares/Third_Party/FreeRTOS/Source/tasks.c.obj
                0x080052b0                xTaskGetTickCount
 .text.xTaskIncrementTick
                0x080052d0      0x174 CMakeFiles/TIM10FreetosLV.dir/Middlewares/Third_Party/FreeRTOS/Source/tasks.c.obj
                0x080052d0                xTaskIncrementTick
 .text.vTaskSwitchContext
                0x08005444       0xbc CMakeFiles/TIM10FreetosLV.dir/Middlewares/Third_Party/FreeRTOS/Source/tasks.c.obj
                0x08005444                vTaskSwitchContext
 .text.vTaskPlaceOnEventList
                0x08005500       0x4c CMakeFiles/TIM10FreetosLV.dir/Middlewares/Third_Party/FreeRTOS/Source/tasks.c.obj
                0x08005500                vTaskPlaceOnEventList
 .text.vTaskPlaceOnEventListRestricted
                0x0800554c       0x58 CMakeFiles/TIM10FreetosLV.dir/Middlewares/Third_Party/FreeRTOS/Source/tasks.c.obj
                0x0800554c                vTaskPlaceOnEventListRestricted
 .text.xTaskRemoveFromEventList
                0x080055a4       0xc8 CMakeFiles/TIM10FreetosLV.dir/Middlewares/Third_Party/FreeRTOS/Source/tasks.c.obj
                0x080055a4                xTaskRemoveFromEventList
 .text.vTaskInternalSetTimeOutState
                0x0800566c       0x2c CMakeFiles/TIM10FreetosLV.dir/Middlewares/Third_Party/FreeRTOS/Source/tasks.c.obj
                0x0800566c                vTaskInternalSetTimeOutState
 .text.xTaskCheckForTimeOut
                0x08005698       0xc8 CMakeFiles/TIM10FreetosLV.dir/Middlewares/Third_Party/FreeRTOS/Source/tasks.c.obj
                0x08005698                xTaskCheckForTimeOut
 .text.vTaskMissedYield
                0x08005760       0x18 CMakeFiles/TIM10FreetosLV.dir/Middlewares/Third_Party/FreeRTOS/Source/tasks.c.obj
                0x08005760                vTaskMissedYield
 .text.prvIdleTask
                0x08005778       0x30 CMakeFiles/TIM10FreetosLV.dir/Middlewares/Third_Party/FreeRTOS/Source/tasks.c.obj
 .text.prvInitialiseTaskLists
                0x080057a8       0x80 CMakeFiles/TIM10FreetosLV.dir/Middlewares/Third_Party/FreeRTOS/Source/tasks.c.obj
 .text.prvCheckTasksWaitingTermination
                0x08005828       0x5c CMakeFiles/TIM10FreetosLV.dir/Middlewares/Third_Party/FreeRTOS/Source/tasks.c.obj
 .text.prvDeleteTCB
                0x08005884       0x60 CMakeFiles/TIM10FreetosLV.dir/Middlewares/Third_Party/FreeRTOS/Source/tasks.c.obj
 .text.prvResetNextTaskUnblockTime
                0x080058e4       0x40 CMakeFiles/TIM10FreetosLV.dir/Middlewares/Third_Party/FreeRTOS/Source/tasks.c.obj
 .text.xTaskGetSchedulerState
                0x08005924       0x3c CMakeFiles/TIM10FreetosLV.dir/Middlewares/Third_Party/FreeRTOS/Source/tasks.c.obj
                0x08005924                xTaskGetSchedulerState
 .text.xTaskPriorityDisinherit
                0x08005960       0xe0 CMakeFiles/TIM10FreetosLV.dir/Middlewares/Third_Party/FreeRTOS/Source/tasks.c.obj
                0x08005960                xTaskPriorityDisinherit
 .text.prvAddCurrentTaskToDelayedList
                0x08005a40       0xa8 CMakeFiles/TIM10FreetosLV.dir/Middlewares/Third_Party/FreeRTOS/Source/tasks.c.obj
 .text.xTimerCreateTimerTask
                0x08005ae8       0x94 CMakeFiles/TIM10FreetosLV.dir/Middlewares/Third_Party/FreeRTOS/Source/timers.c.obj
                0x08005ae8                xTimerCreateTimerTask
 .text.xTimerGenericCommand
                0x08005b7c       0x9c CMakeFiles/TIM10FreetosLV.dir/Middlewares/Third_Party/FreeRTOS/Source/timers.c.obj
                0x08005b7c                xTimerGenericCommand
 .text.prvProcessExpiredTimer
                0x08005c18       0x9c CMakeFiles/TIM10FreetosLV.dir/Middlewares/Third_Party/FreeRTOS/Source/timers.c.obj
 .text.prvTimerTask
                0x08005cb4       0x26 CMakeFiles/TIM10FreetosLV.dir/Middlewares/Third_Party/FreeRTOS/Source/timers.c.obj
 *fill*         0x08005cda        0x2 
 .text.prvProcessTimerOrBlockTask
                0x08005cdc       0x9c CMakeFiles/TIM10FreetosLV.dir/Middlewares/Third_Party/FreeRTOS/Source/timers.c.obj
 .text.prvGetNextExpireTime
                0x08005d78       0x48 CMakeFiles/TIM10FreetosLV.dir/Middlewares/Third_Party/FreeRTOS/Source/timers.c.obj
 .text.prvSampleTimeNow
                0x08005dc0       0x40 CMakeFiles/TIM10FreetosLV.dir/Middlewares/Third_Party/FreeRTOS/Source/timers.c.obj
 .text.prvInsertTimerInActiveList
                0x08005e00       0x84 CMakeFiles/TIM10FreetosLV.dir/Middlewares/Third_Party/FreeRTOS/Source/timers.c.obj
 .text.prvProcessReceivedCommands
                0x08005e84      0x1cc CMakeFiles/TIM10FreetosLV.dir/Middlewares/Third_Party/FreeRTOS/Source/timers.c.obj
 .text.prvSwitchTimerLists
                0x08006050       0xcc CMakeFiles/TIM10FreetosLV.dir/Middlewares/Third_Party/FreeRTOS/Source/timers.c.obj
 .text.prvCheckForValidListAndQueue
                0x0800611c       0x80 CMakeFiles/TIM10FreetosLV.dir/Middlewares/Third_Party/FreeRTOS/Source/timers.c.obj
 .text.__NVIC_SetPriority
                0x0800619c       0x54 CMakeFiles/TIM10FreetosLV.dir/Middlewares/Third_Party/FreeRTOS/Source/CMSIS_RTOS_V2/cmsis_os2.c.obj
 .text.SysTick_Handler
                0x080061f0       0x20 CMakeFiles/TIM10FreetosLV.dir/Middlewares/Third_Party/FreeRTOS/Source/CMSIS_RTOS_V2/cmsis_os2.c.obj
                0x080061f0                SysTick_Handler
 .text.SVC_Setup
                0x08006210       0x12 CMakeFiles/TIM10FreetosLV.dir/Middlewares/Third_Party/FreeRTOS/Source/CMSIS_RTOS_V2/cmsis_os2.c.obj
 *fill*         0x08006222        0x2 
 .text.osKernelInitialize
                0x08006224       0x48 CMakeFiles/TIM10FreetosLV.dir/Middlewares/Third_Party/FreeRTOS/Source/CMSIS_RTOS_V2/cmsis_os2.c.obj
                0x08006224                osKernelInitialize
 .text.osKernelStart
                0x0800626c       0x4c CMakeFiles/TIM10FreetosLV.dir/Middlewares/Third_Party/FreeRTOS/Source/CMSIS_RTOS_V2/cmsis_os2.c.obj
                0x0800626c                osKernelStart
 .text.osThreadNew
                0x080062b8      0x124 CMakeFiles/TIM10FreetosLV.dir/Middlewares/Third_Party/FreeRTOS/Source/CMSIS_RTOS_V2/cmsis_os2.c.obj
                0x080062b8                osThreadNew
 .text.osDelay  0x080063dc       0x36 CMakeFiles/TIM10FreetosLV.dir/Middlewares/Third_Party/FreeRTOS/Source/CMSIS_RTOS_V2/cmsis_os2.c.obj
                0x080063dc                osDelay
 .text.osMutexNew
                0x08006412      0x10c CMakeFiles/TIM10FreetosLV.dir/Middlewares/Third_Party/FreeRTOS/Source/CMSIS_RTOS_V2/cmsis_os2.c.obj
                0x08006412                osMutexNew
 *fill*         0x0800651e        0x2 
 .text.vApplicationGetIdleTaskMemory
                0x08006520       0x34 CMakeFiles/TIM10FreetosLV.dir/Middlewares/Third_Party/FreeRTOS/Source/CMSIS_RTOS_V2/cmsis_os2.c.obj
                0x08006520                vApplicationGetIdleTaskMemory
 .text.vApplicationGetTimerTaskMemory
                0x08006554       0x34 CMakeFiles/TIM10FreetosLV.dir/Middlewares/Third_Party/FreeRTOS/Source/CMSIS_RTOS_V2/cmsis_os2.c.obj
                0x08006554                vApplicationGetTimerTaskMemory
 .text.pvPortMalloc
                0x08006588      0x19c CMakeFiles/TIM10FreetosLV.dir/Middlewares/Third_Party/FreeRTOS/Source/portable/MemMang/heap_4.c.obj
                0x08006588                pvPortMalloc
 .text.vPortFree
                0x08006724       0xc8 CMakeFiles/TIM10FreetosLV.dir/Middlewares/Third_Party/FreeRTOS/Source/portable/MemMang/heap_4.c.obj
                0x08006724                vPortFree
 .text.prvHeapInit
                0x080067ec       0xc4 CMakeFiles/TIM10FreetosLV.dir/Middlewares/Third_Party/FreeRTOS/Source/portable/MemMang/heap_4.c.obj
 .text.prvInsertBlockIntoFreeList
                0x080068b0       0xb4 CMakeFiles/TIM10FreetosLV.dir/Middlewares/Third_Party/FreeRTOS/Source/portable/MemMang/heap_4.c.obj
 .text.pxPortInitialiseStack
                0x08006964       0x68 CMakeFiles/TIM10FreetosLV.dir/Middlewares/Third_Party/FreeRTOS/Source/portable/GCC/ARM_CM4F/port.c.obj
                0x08006964                pxPortInitialiseStack
 .text.prvTaskExitError
                0x080069cc       0x5c CMakeFiles/TIM10FreetosLV.dir/Middlewares/Third_Party/FreeRTOS/Source/portable/GCC/ARM_CM4F/port.c.obj
 *fill*         0x08006a28        0x8 
 .text.SVC_Handler
                0x08006a30       0x28 CMakeFiles/TIM10FreetosLV.dir/Middlewares/Third_Party/FreeRTOS/Source/portable/GCC/ARM_CM4F/port.c.obj
                0x08006a30                SVC_Handler
 .text.prvPortStartFirstTask
                0x08006a58       0x28 CMakeFiles/TIM10FreetosLV.dir/Middlewares/Third_Party/FreeRTOS/Source/portable/GCC/ARM_CM4F/port.c.obj
 .text.xPortStartScheduler
                0x08006a80      0x148 CMakeFiles/TIM10FreetosLV.dir/Middlewares/Third_Party/FreeRTOS/Source/portable/GCC/ARM_CM4F/port.c.obj
                0x08006a80                xPortStartScheduler
 .text.vPortEnterCritical
                0x08006bc8       0x64 CMakeFiles/TIM10FreetosLV.dir/Middlewares/Third_Party/FreeRTOS/Source/portable/GCC/ARM_CM4F/port.c.obj
                0x08006bc8                vPortEnterCritical
 .text.vPortExitCritical
                0x08006c2c       0x54 CMakeFiles/TIM10FreetosLV.dir/Middlewares/Third_Party/FreeRTOS/Source/portable/GCC/ARM_CM4F/port.c.obj
                0x08006c2c                vPortExitCritical
 .text.PendSV_Handler
                0x08006c80       0x68 CMakeFiles/TIM10FreetosLV.dir/Middlewares/Third_Party/FreeRTOS/Source/portable/GCC/ARM_CM4F/port.c.obj
                0x08006c80                PendSV_Handler
 .text.xPortSysTickHandler
                0x08006ce8       0x44 CMakeFiles/TIM10FreetosLV.dir/Middlewares/Third_Party/FreeRTOS/Source/portable/GCC/ARM_CM4F/port.c.obj
                0x08006ce8                xPortSysTickHandler
 .text.vPortSetupTimerInterrupt
                0x08006d2c       0x48 CMakeFiles/TIM10FreetosLV.dir/Middlewares/Third_Party/FreeRTOS/Source/portable/GCC/ARM_CM4F/port.c.obj
                0x08006d2c                vPortSetupTimerInterrupt
 .text.vPortEnableVFP
                0x08006d74       0x14 CMakeFiles/TIM10FreetosLV.dir/Middlewares/Third_Party/FreeRTOS/Source/portable/GCC/ARM_CM4F/port.c.obj
 .text.vPortValidateInterruptPriority
                0x08006d88       0x84 CMakeFiles/TIM10FreetosLV.dir/Middlewares/Third_Party/FreeRTOS/Source/portable/GCC/ARM_CM4F/port.c.obj
                0x08006d88                vPortValidateInterruptPriority
 .text.Reset_Handler
                0x08006e0c       0x50 CMakeFiles/TIM10FreetosLV.dir/startup_stm32f411xe.s.obj
                0x08006e0c                Reset_Handler
 .text.Default_Handler
                0x08006e5c        0x2 CMakeFiles/TIM10FreetosLV.dir/startup_stm32f411xe.s.obj
                0x08006e5c                RTC_Alarm_IRQHandler
                0x08006e5c                EXTI2_IRQHandler
                0x08006e5c                SPI4_IRQHandler
                0x08006e5c                TIM1_CC_IRQHandler
                0x08006e5c                DMA2_Stream5_IRQHandler
                0x08006e5c                DMA1_Stream5_IRQHandler
                0x08006e5c                PVD_IRQHandler
                0x08006e5c                SDIO_IRQHandler
                0x08006e5c                TAMP_STAMP_IRQHandler
                0x08006e5c                EXTI3_IRQHandler
                0x08006e5c                I2C3_ER_IRQHandler
                0x08006e5c                I2C2_EV_IRQHandler
                0x08006e5c                DMA1_Stream2_IRQHandler
                0x08006e5c                FPU_IRQHandler
                0x08006e5c                DMA2_Stream2_IRQHandler
                0x08006e5c                SPI1_IRQHandler
                0x08006e5c                TIM1_BRK_TIM9_IRQHandler
                0x08006e5c                DMA2_Stream3_IRQHandler
                0x08006e5c                USART6_IRQHandler
                0x08006e5c                TIM4_IRQHandler
                0x08006e5c                I2C1_EV_IRQHandler
                0x08006e5c                DMA1_Stream6_IRQHandler
                0x08006e5c                DMA1_Stream1_IRQHandler
                0x08006e5c                TIM3_IRQHandler
                0x08006e5c                RCC_IRQHandler
                0x08006e5c                Default_Handler
                0x08006e5c                EXTI15_10_IRQHandler
                0x08006e5c                DMA1_Stream7_IRQHandler
                0x08006e5c                SPI5_IRQHandler
                0x08006e5c                TIM5_IRQHandler
                0x08006e5c                DMA2_Stream7_IRQHandler
                0x08006e5c                I2C3_EV_IRQHandler
                0x08006e5c                EXTI9_5_IRQHandler
                0x08006e5c                RTC_WKUP_IRQHandler
                0x08006e5c                SPI2_IRQHandler
                0x08006e5c                DMA1_Stream0_IRQHandler
                0x08006e5c                EXTI4_IRQHandler
                0x08006e5c                WWDG_IRQHandler
                0x08006e5c                OTG_FS_WKUP_IRQHandler
                0x08006e5c                TIM1_TRG_COM_TIM11_IRQHandler
                0x08006e5c                EXTI1_IRQHandler
                0x08006e5c                USART2_IRQHandler
                0x08006e5c                I2C2_ER_IRQHandler
                0x08006e5c                DMA2_Stream1_IRQHandler
                0x08006e5c                FLASH_IRQHandler
                0x08006e5c                DMA2_Stream4_IRQHandler
                0x08006e5c                USART1_IRQHandler
                0x08006e5c                OTG_FS_IRQHandler
                0x08006e5c                SPI3_IRQHandler
                0x08006e5c                DMA1_Stream4_IRQHandler
                0x08006e5c                I2C1_ER_IRQHandler
                0x08006e5c                DMA2_Stream6_IRQHandler
                0x08006e5c                DMA1_Stream3_IRQHandler
 .text.memcpy   0x08006e5e       0x1c C:/ST/STM32CubeCLT_1.16.0/GNU-tools-for-STM32/bin/../lib/gcc/arm-none-eabi/12.3.1/../../../../arm-none-eabi/lib/thumb/v7e-m+fp/hard\libg_nano.a(libc_a-memcpy-stub.o)
                0x08006e5e                memcpy
 *(.glue_7)
 .glue_7        0x08006e7a        0x0 linker stubs
 *(.glue_7t)
 .glue_7t       0x08006e7a        0x0 linker stubs
 *(.eh_frame)
 *fill*         0x08006e7a        0x2 
 .eh_frame      0x08006e7c        0x0 C:/ST/STM32CubeCLT_1.16.0/GNU-tools-for-STM32/bin/../lib/gcc/arm-none-eabi/12.3.1/thumb/v7e-m+fp/hard/crtbegin.o
 *(.init)
 .init          0x08006e7c        0x4 C:/ST/STM32CubeCLT_1.16.0/GNU-tools-for-STM32/bin/../lib/gcc/arm-none-eabi/12.3.1/thumb/v7e-m+fp/hard/crti.o
                0x08006e7c                _init
 .init          0x08006e80        0x8 C:/ST/STM32CubeCLT_1.16.0/GNU-tools-for-STM32/bin/../lib/gcc/arm-none-eabi/12.3.1/thumb/v7e-m+fp/hard/crtn.o
 *(.fini)
 .fini          0x08006e88        0x4 C:/ST/STM32CubeCLT_1.16.0/GNU-tools-for-STM32/bin/../lib/gcc/arm-none-eabi/12.3.1/thumb/v7e-m+fp/hard/crti.o
                0x08006e88                _fini
 .fini          0x08006e8c        0x8 C:/ST/STM32CubeCLT_1.16.0/GNU-tools-for-STM32/bin/../lib/gcc/arm-none-eabi/12.3.1/thumb/v7e-m+fp/hard/crtn.o
                0x08006e94                        . = ALIGN (0x4)
                0x08006e94                        _etext = .

.vfp11_veneer   0x08006e94        0x0
 .vfp11_veneer  0x08006e94        0x0 linker stubs

.v4_bx          0x08006e94        0x0
 .v4_bx         0x08006e94        0x0 linker stubs

.iplt           0x08006e94        0x0
 .iplt          0x08006e94        0x0 C:/ST/STM32CubeCLT_1.16.0/GNU-tools-for-STM32/bin/../lib/gcc/arm-none-eabi/12.3.1/thumb/v7e-m+fp/hard/crtbegin.o

.rodata         0x08006e94      0x154
                0x08006e94                        . = ALIGN (0x4)
 *(.rodata)
 .rodata        0x08006e94       0x45 CMakeFiles/TIM10FreetosLV.dir/Core/Src/main.c.obj
 *fill*         0x08006ed9        0x3 
 .rodata        0x08006edc        0x5 CMakeFiles/TIM10FreetosLV.dir/Middlewares/Third_Party/FreeRTOS/Source/tasks.c.obj
 *fill*         0x08006ee1        0x3 
 .rodata        0x08006ee4        0xd CMakeFiles/TIM10FreetosLV.dir/Middlewares/Third_Party/FreeRTOS/Source/timers.c.obj
 *(.rodata*)
 *fill*         0x08006ef1        0x3 
 .rodata.LEDTask_attributes
                0x08006ef4       0x24 CMakeFiles/TIM10FreetosLV.dir/Core/Src/main.c.obj
                0x08006ef4                LEDTask_attributes
 .rodata.AN1Task_attributes
                0x08006f18       0x24 CMakeFiles/TIM10FreetosLV.dir/Core/Src/main.c.obj
                0x08006f18                AN1Task_attributes
 .rodata.AN2Task_attributes
                0x08006f3c       0x24 CMakeFiles/TIM10FreetosLV.dir/Core/Src/main.c.obj
                0x08006f3c                AN2Task_attributes
 .rodata.AN3Task_attributes
                0x08006f60       0x24 CMakeFiles/TIM10FreetosLV.dir/Core/Src/main.c.obj
                0x08006f60                AN3Task_attributes
 .rodata.AN4Task_attributes
                0x08006f84       0x24 CMakeFiles/TIM10FreetosLV.dir/Core/Src/main.c.obj
                0x08006f84                AN4Task_attributes
 .rodata.SensorAMutex_attributes
                0x08006fa8       0x10 CMakeFiles/TIM10FreetosLV.dir/Core/Src/main.c.obj
                0x08006fa8                SensorAMutex_attributes
 .rodata.SensorBMutex_attributes
                0x08006fb8       0x10 CMakeFiles/TIM10FreetosLV.dir/Core/Src/main.c.obj
                0x08006fb8                SensorBMutex_attributes
 .rodata.flagBitshiftOffset.0
                0x08006fc8        0x8 CMakeFiles/TIM10FreetosLV.dir/Drivers/STM32F4xx_HAL_Driver/Src/stm32f4xx_hal_dma.c.obj
 .rodata.AHBPrescTable
                0x08006fd0       0x10 CMakeFiles/TIM10FreetosLV.dir/Core/Src/system_stm32f4xx.c.obj
                0x08006fd0                AHBPrescTable
 .rodata.APBPrescTable
                0x08006fe0        0x8 CMakeFiles/TIM10FreetosLV.dir/Core/Src/system_stm32f4xx.c.obj
                0x08006fe0                APBPrescTable
                0x08006fe8                        . = ALIGN (0x4)

.ARM.extab
 *(.ARM.extab* .gnu.linkonce.armextab.*)

.ARM            0x08006fe8        0x8
                0x08006fe8                        __exidx_start = .
 *(.ARM.exidx*)
 .ARM.exidx     0x08006fe8        0x8 C:/ST/STM32CubeCLT_1.16.0/GNU-tools-for-STM32/bin/../lib/gcc/arm-none-eabi/12.3.1/thumb/v7e-m+fp/hard\libgcc.a(_udivmoddi4.o)
                0x08006ff0                        __exidx_end = .

.rel.dyn        0x08006ff0        0x0
 .rel.iplt      0x08006ff0        0x0 C:/ST/STM32CubeCLT_1.16.0/GNU-tools-for-STM32/bin/../lib/gcc/arm-none-eabi/12.3.1/thumb/v7e-m+fp/hard/crtbegin.o

.preinit_array  0x08006ff0        0x0
                0x08006ff0                        PROVIDE (__preinit_array_start = .)
 *(.preinit_array*)
                0x08006ff0                        PROVIDE (__preinit_array_end = .)

.init_array     0x08006ff0        0x4
                0x08006ff0                        PROVIDE (__init_array_start = .)
 *(SORT_BY_NAME(.init_array.*))
 *(.init_array*)
 .init_array    0x08006ff0        0x4 C:/ST/STM32CubeCLT_1.16.0/GNU-tools-for-STM32/bin/../lib/gcc/arm-none-eabi/12.3.1/thumb/v7e-m+fp/hard/crtbegin.o
                0x08006ff4                        PROVIDE (__init_array_end = .)

.fini_array     0x08006ff4        0x4
                [!provide]                        PROVIDE (__fini_array_start = .)
 *(SORT_BY_NAME(.fini_array.*))
 *(.fini_array*)
 .fini_array    0x08006ff4        0x4 C:/ST/STM32CubeCLT_1.16.0/GNU-tools-for-STM32/bin/../lib/gcc/arm-none-eabi/12.3.1/thumb/v7e-m+fp/hard/crtbegin.o
                [!provide]                        PROVIDE (__fini_array_end = .)
                0x08006ff8                        _sidata = LOADADDR (.data)

.data           0x20000000       0x10 load address 0x08006ff8
                0x20000000                        . = ALIGN (0x4)
                0x20000000                        _sdata = .
 *(.data)
 *(.data*)
 .data.uwTickPrio
                0x20000000        0x4 CMakeFiles/TIM10FreetosLV.dir/Drivers/STM32F4xx_HAL_Driver/Src/stm32f4xx_hal.c.obj
                0x20000000                uwTickPrio
 .data.uwTickFreq
                0x20000004        0x1 CMakeFiles/TIM10FreetosLV.dir/Drivers/STM32F4xx_HAL_Driver/Src/stm32f4xx_hal.c.obj
                0x20000004                uwTickFreq
 *fill*         0x20000005        0x3 
 .data.SystemCoreClock
                0x20000008        0x4 CMakeFiles/TIM10FreetosLV.dir/Core/Src/system_stm32f4xx.c.obj
                0x20000008                SystemCoreClock
 .data.uxCriticalNesting
                0x2000000c        0x4 CMakeFiles/TIM10FreetosLV.dir/Middlewares/Third_Party/FreeRTOS/Source/portable/GCC/ARM_CM4F/port.c.obj
                0x20000010                        . = ALIGN (0x4)
                0x20000010                        _edata = .

.igot.plt       0x20000010        0x0 load address 0x08007008
 .igot.plt      0x20000010        0x0 C:/ST/STM32CubeCLT_1.16.0/GNU-tools-for-STM32/bin/../lib/gcc/arm-none-eabi/12.3.1/thumb/v7e-m+fp/hard/crtbegin.o
                0x20000010                        . = ALIGN (0x4)

.bss            0x20000010     0x4afc load address 0x08007008
                0x20000010                        _sbss = .
                0x20000010                        __bss_start__ = _sbss
 *(.bss)
 .bss           0x20000010       0x1c C:/ST/STM32CubeCLT_1.16.0/GNU-tools-for-STM32/bin/../lib/gcc/arm-none-eabi/12.3.1/thumb/v7e-m+fp/hard/crtbegin.o
 *(.bss*)
 .bss.hadc1     0x2000002c       0x48 CMakeFiles/TIM10FreetosLV.dir/Core/Src/main.c.obj
                0x2000002c                hadc1
 .bss.hdma_adc1
                0x20000074       0x60 CMakeFiles/TIM10FreetosLV.dir/Core/Src/main.c.obj
                0x20000074                hdma_adc1
 .bss.htim2     0x200000d4       0x48 CMakeFiles/TIM10FreetosLV.dir/Core/Src/main.c.obj
                0x200000d4                htim2
 .bss.LEDTaskHandle
                0x2000011c        0x4 CMakeFiles/TIM10FreetosLV.dir/Core/Src/main.c.obj
                0x2000011c                LEDTaskHandle
 .bss.AN1TaskHandle
                0x20000120        0x4 CMakeFiles/TIM10FreetosLV.dir/Core/Src/main.c.obj
                0x20000120                AN1TaskHandle
 .bss.AN2TaskHandle
                0x20000124        0x4 CMakeFiles/TIM10FreetosLV.dir/Core/Src/main.c.obj
                0x20000124                AN2TaskHandle
 .bss.AN3TaskHandle
                0x20000128        0x4 CMakeFiles/TIM10FreetosLV.dir/Core/Src/main.c.obj
                0x20000128                AN3TaskHandle
 .bss.AN4TaskHandle
                0x2000012c        0x4 CMakeFiles/TIM10FreetosLV.dir/Core/Src/main.c.obj
                0x2000012c                AN4TaskHandle
 .bss.SensorAMutexHandle
                0x20000130        0x4 CMakeFiles/TIM10FreetosLV.dir/Core/Src/main.c.obj
                0x20000130                SensorAMutexHandle
 .bss.SensorBMutexHandle
                0x20000134        0x4 CMakeFiles/TIM10FreetosLV.dir/Core/Src/main.c.obj
                0x20000134                SensorBMutexHandle
 .bss.BLUELED   0x20000138        0x1 CMakeFiles/TIM10FreetosLV.dir/Core/Src/main.c.obj
                0x20000138                BLUELED
 *fill*         0x20000139        0x3 
 .bss.AD_RES_BUFFER
                0x2000013c       0x10 CMakeFiles/TIM10FreetosLV.dir/Core/Src/main.c.obj
                0x2000013c                AD_RES_BUFFER
 .bss.ADC1IN1   0x2000014c        0x2 CMakeFiles/TIM10FreetosLV.dir/Core/Src/main.c.obj
                0x2000014c                ADC1IN1
 .bss.ADC1IN2   0x2000014e        0x2 CMakeFiles/TIM10FreetosLV.dir/Core/Src/main.c.obj
                0x2000014e                ADC1IN2
 .bss.ADC1IN3   0x20000150        0x2 CMakeFiles/TIM10FreetosLV.dir/Core/Src/main.c.obj
                0x20000150                ADC1IN3
 .bss.ADC1IN4   0x20000152        0x2 CMakeFiles/TIM10FreetosLV.dir/Core/Src/main.c.obj
                0x20000152                ADC1IN4
 .bss.DiffA     0x20000154        0x2 CMakeFiles/TIM10FreetosLV.dir/Core/Src/main.c.obj
                0x20000154                DiffA
 .bss.DiffB     0x20000156        0x2 CMakeFiles/TIM10FreetosLV.dir/Core/Src/main.c.obj
                0x20000156                DiffB
 .bss.voltage1  0x20000158        0x4 CMakeFiles/TIM10FreetosLV.dir/Core/Src/main.c.obj
                0x20000158                voltage1
 .bss.voltage2  0x2000015c        0x4 CMakeFiles/TIM10FreetosLV.dir/Core/Src/main.c.obj
                0x2000015c                voltage2
 .bss.voltage3  0x20000160        0x4 CMakeFiles/TIM10FreetosLV.dir/Core/Src/main.c.obj
                0x20000160                voltage3
 .bss.voltage4  0x20000164        0x4 CMakeFiles/TIM10FreetosLV.dir/Core/Src/main.c.obj
                0x20000164                voltage4
 .bss.sensorA   0x20000168        0x4 CMakeFiles/TIM10FreetosLV.dir/Core/Src/main.c.obj
                0x20000168                sensorA
 .bss.sensorB   0x2000016c        0x4 CMakeFiles/TIM10FreetosLV.dir/Core/Src/main.c.obj
                0x2000016c                sensorB
 .bss.htim10    0x20000170       0x48 CMakeFiles/TIM10FreetosLV.dir/Core/Src/stm32f4xx_hal_timebase_tim.c.obj
                0x20000170                htim10
 .bss.uwTick    0x200001b8        0x4 CMakeFiles/TIM10FreetosLV.dir/Drivers/STM32F4xx_HAL_Driver/Src/stm32f4xx_hal.c.obj
                0x200001b8                uwTick
 .bss.xQueueRegistry
                0x200001bc       0x40 CMakeFiles/TIM10FreetosLV.dir/Middlewares/Third_Party/FreeRTOS/Source/queue.c.obj
                0x200001bc                xQueueRegistry
 .bss.pxCurrentTCB
                0x200001fc        0x4 CMakeFiles/TIM10FreetosLV.dir/Middlewares/Third_Party/FreeRTOS/Source/tasks.c.obj
                0x200001fc                pxCurrentTCB
 .bss.pxReadyTasksLists
                0x20000200      0x460 CMakeFiles/TIM10FreetosLV.dir/Middlewares/Third_Party/FreeRTOS/Source/tasks.c.obj
 .bss.xDelayedTaskList1
                0x20000660       0x14 CMakeFiles/TIM10FreetosLV.dir/Middlewares/Third_Party/FreeRTOS/Source/tasks.c.obj
 .bss.xDelayedTaskList2
                0x20000674       0x14 CMakeFiles/TIM10FreetosLV.dir/Middlewares/Third_Party/FreeRTOS/Source/tasks.c.obj
 .bss.pxDelayedTaskList
                0x20000688        0x4 CMakeFiles/TIM10FreetosLV.dir/Middlewares/Third_Party/FreeRTOS/Source/tasks.c.obj
 .bss.pxOverflowDelayedTaskList
                0x2000068c        0x4 CMakeFiles/TIM10FreetosLV.dir/Middlewares/Third_Party/FreeRTOS/Source/tasks.c.obj
 .bss.xPendingReadyList
                0x20000690       0x14 CMakeFiles/TIM10FreetosLV.dir/Middlewares/Third_Party/FreeRTOS/Source/tasks.c.obj
 .bss.xTasksWaitingTermination
                0x200006a4       0x14 CMakeFiles/TIM10FreetosLV.dir/Middlewares/Third_Party/FreeRTOS/Source/tasks.c.obj
 .bss.uxDeletedTasksWaitingCleanUp
                0x200006b8        0x4 CMakeFiles/TIM10FreetosLV.dir/Middlewares/Third_Party/FreeRTOS/Source/tasks.c.obj
 .bss.xSuspendedTaskList
                0x200006bc       0x14 CMakeFiles/TIM10FreetosLV.dir/Middlewares/Third_Party/FreeRTOS/Source/tasks.c.obj
 .bss.uxCurrentNumberOfTasks
                0x200006d0        0x4 CMakeFiles/TIM10FreetosLV.dir/Middlewares/Third_Party/FreeRTOS/Source/tasks.c.obj
 .bss.xTickCount
                0x200006d4        0x4 CMakeFiles/TIM10FreetosLV.dir/Middlewares/Third_Party/FreeRTOS/Source/tasks.c.obj
 .bss.uxTopReadyPriority
                0x200006d8        0x4 CMakeFiles/TIM10FreetosLV.dir/Middlewares/Third_Party/FreeRTOS/Source/tasks.c.obj
 .bss.xSchedulerRunning
                0x200006dc        0x4 CMakeFiles/TIM10FreetosLV.dir/Middlewares/Third_Party/FreeRTOS/Source/tasks.c.obj
 .bss.xPendedTicks
                0x200006e0        0x4 CMakeFiles/TIM10FreetosLV.dir/Middlewares/Third_Party/FreeRTOS/Source/tasks.c.obj
 .bss.xYieldPending
                0x200006e4        0x4 CMakeFiles/TIM10FreetosLV.dir/Middlewares/Third_Party/FreeRTOS/Source/tasks.c.obj
 .bss.xNumOfOverflows
                0x200006e8        0x4 CMakeFiles/TIM10FreetosLV.dir/Middlewares/Third_Party/FreeRTOS/Source/tasks.c.obj
 .bss.uxTaskNumber
                0x200006ec        0x4 CMakeFiles/TIM10FreetosLV.dir/Middlewares/Third_Party/FreeRTOS/Source/tasks.c.obj
 .bss.xNextTaskUnblockTime
                0x200006f0        0x4 CMakeFiles/TIM10FreetosLV.dir/Middlewares/Third_Party/FreeRTOS/Source/tasks.c.obj
 .bss.xIdleTaskHandle
                0x200006f4        0x4 CMakeFiles/TIM10FreetosLV.dir/Middlewares/Third_Party/FreeRTOS/Source/tasks.c.obj
 .bss.uxSchedulerSuspended
                0x200006f8        0x4 CMakeFiles/TIM10FreetosLV.dir/Middlewares/Third_Party/FreeRTOS/Source/tasks.c.obj
 .bss.xActiveTimerList1
                0x200006fc       0x14 CMakeFiles/TIM10FreetosLV.dir/Middlewares/Third_Party/FreeRTOS/Source/timers.c.obj
 .bss.xActiveTimerList2
                0x20000710       0x14 CMakeFiles/TIM10FreetosLV.dir/Middlewares/Third_Party/FreeRTOS/Source/timers.c.obj
 .bss.pxCurrentTimerList
                0x20000724        0x4 CMakeFiles/TIM10FreetosLV.dir/Middlewares/Third_Party/FreeRTOS/Source/timers.c.obj
 .bss.pxOverflowTimerList
                0x20000728        0x4 CMakeFiles/TIM10FreetosLV.dir/Middlewares/Third_Party/FreeRTOS/Source/timers.c.obj
 .bss.xTimerQueue
                0x2000072c        0x4 CMakeFiles/TIM10FreetosLV.dir/Middlewares/Third_Party/FreeRTOS/Source/timers.c.obj
 .bss.xTimerTaskHandle
                0x20000730        0x4 CMakeFiles/TIM10FreetosLV.dir/Middlewares/Third_Party/FreeRTOS/Source/timers.c.obj
 .bss.xLastTime.2
                0x20000734        0x4 CMakeFiles/TIM10FreetosLV.dir/Middlewares/Third_Party/FreeRTOS/Source/timers.c.obj
 .bss.ucStaticTimerQueueStorage.1
                0x20000738       0xa0 CMakeFiles/TIM10FreetosLV.dir/Middlewares/Third_Party/FreeRTOS/Source/timers.c.obj
 .bss.xStaticTimerQueue.0
                0x200007d8       0x50 CMakeFiles/TIM10FreetosLV.dir/Middlewares/Third_Party/FreeRTOS/Source/timers.c.obj
 .bss.KernelState
                0x20000828        0x4 CMakeFiles/TIM10FreetosLV.dir/Middlewares/Third_Party/FreeRTOS/Source/CMSIS_RTOS_V2/cmsis_os2.c.obj
 .bss.Idle_TCB.3
                0x2000082c       0x5c CMakeFiles/TIM10FreetosLV.dir/Middlewares/Third_Party/FreeRTOS/Source/CMSIS_RTOS_V2/cmsis_os2.c.obj
 .bss.Idle_Stack.2
                0x20000888      0x200 CMakeFiles/TIM10FreetosLV.dir/Middlewares/Third_Party/FreeRTOS/Source/CMSIS_RTOS_V2/cmsis_os2.c.obj
 .bss.Timer_TCB.1
                0x20000a88       0x5c CMakeFiles/TIM10FreetosLV.dir/Middlewares/Third_Party/FreeRTOS/Source/CMSIS_RTOS_V2/cmsis_os2.c.obj
 .bss.Timer_Stack.0
                0x20000ae4      0x400 CMakeFiles/TIM10FreetosLV.dir/Middlewares/Third_Party/FreeRTOS/Source/CMSIS_RTOS_V2/cmsis_os2.c.obj
 .bss.ucHeap    0x20000ee4     0x3c00 CMakeFiles/TIM10FreetosLV.dir/Middlewares/Third_Party/FreeRTOS/Source/portable/MemMang/heap_4.c.obj
 .bss.xStart    0x20004ae4        0x8 CMakeFiles/TIM10FreetosLV.dir/Middlewares/Third_Party/FreeRTOS/Source/portable/MemMang/heap_4.c.obj
 .bss.pxEnd     0x20004aec        0x4 CMakeFiles/TIM10FreetosLV.dir/Middlewares/Third_Party/FreeRTOS/Source/portable/MemMang/heap_4.c.obj
 .bss.xFreeBytesRemaining
                0x20004af0        0x4 CMakeFiles/TIM10FreetosLV.dir/Middlewares/Third_Party/FreeRTOS/Source/portable/MemMang/heap_4.c.obj
 .bss.xMinimumEverFreeBytesRemaining
                0x20004af4        0x4 CMakeFiles/TIM10FreetosLV.dir/Middlewares/Third_Party/FreeRTOS/Source/portable/MemMang/heap_4.c.obj
 .bss.xNumberOfSuccessfulAllocations
                0x20004af8        0x4 CMakeFiles/TIM10FreetosLV.dir/Middlewares/Third_Party/FreeRTOS/Source/portable/MemMang/heap_4.c.obj
 .bss.xNumberOfSuccessfulFrees
                0x20004afc        0x4 CMakeFiles/TIM10FreetosLV.dir/Middlewares/Third_Party/FreeRTOS/Source/portable/MemMang/heap_4.c.obj
 .bss.xBlockAllocatedBit
                0x20004b00        0x4 CMakeFiles/TIM10FreetosLV.dir/Middlewares/Third_Party/FreeRTOS/Source/portable/MemMang/heap_4.c.obj
 .bss.ucMaxSysCallPriority
                0x20004b04        0x1 CMakeFiles/TIM10FreetosLV.dir/Middlewares/Third_Party/FreeRTOS/Source/portable/GCC/ARM_CM4F/port.c.obj
 *fill*         0x20004b05        0x3 
 .bss.ulMaxPRIGROUPValue
                0x20004b08        0x4 CMakeFiles/TIM10FreetosLV.dir/Middlewares/Third_Party/FreeRTOS/Source/portable/GCC/ARM_CM4F/port.c.obj
 *(COMMON)
                0x20004b0c                        . = ALIGN (0x4)
                0x20004b0c                        _ebss = .
                0x20004b0c                        __bss_end__ = _ebss

._user_heap_stack
                0x20004b0c      0x604 load address 0x08007008
                0x20004b10                        . = ALIGN (0x8)
 *fill*         0x20004b0c        0x4 
                [!provide]                        PROVIDE (end = .)
                0x20004b10                        PROVIDE (_end = .)
                0x20004d10                        . = (. + _Min_Heap_Size)
 *fill*         0x20004b10      0x200 
                0x20005110                        . = (. + _Min_Stack_Size)
 *fill*         0x20004d10      0x400 
                0x20005110                        . = ALIGN (0x8)

/DISCARD/
 libc.a(*)
 libm.a(*)
 libgcc.a(*)

.ARM.attributes
                0x00000000       0x30
 *(.ARM.attributes)
 .ARM.attributes
                0x00000000       0x22 C:/ST/STM32CubeCLT_1.16.0/GNU-tools-for-STM32/bin/../lib/gcc/arm-none-eabi/12.3.1/thumb/v7e-m+fp/hard/crti.o
 .ARM.attributes
                0x00000022       0x34 C:/ST/STM32CubeCLT_1.16.0/GNU-tools-for-STM32/bin/../lib/gcc/arm-none-eabi/12.3.1/thumb/v7e-m+fp/hard/crtbegin.o
 .ARM.attributes
                0x00000056       0x34 C:/ST/STM32CubeCLT_1.16.0/GNU-tools-for-STM32/bin/../lib/gcc/arm-none-eabi/12.3.1/../../../../arm-none-eabi/lib/thumb/v7e-m+fp/hard\libc_nano.a(libc_a-memset.o)
 .ARM.attributes
                0x0000008a       0x34 C:/ST/STM32CubeCLT_1.16.0/GNU-tools-for-STM32/bin/../lib/gcc/arm-none-eabi/12.3.1/../../../../arm-none-eabi/lib/thumb/v7e-m+fp/hard\libc_nano.a(libc_a-init.o)
 .ARM.attributes
                0x000000be       0x34 CMakeFiles/TIM10FreetosLV.dir/Core/Src/main.c.obj
 .ARM.attributes
                0x000000f2       0x34 CMakeFiles/TIM10FreetosLV.dir/Core/Src/stm32f4xx_it.c.obj
 .ARM.attributes
                0x00000126       0x34 CMakeFiles/TIM10FreetosLV.dir/Core/Src/stm32f4xx_hal_msp.c.obj
 .ARM.attributes
                0x0000015a       0x34 CMakeFiles/TIM10FreetosLV.dir/Core/Src/stm32f4xx_hal_timebase_tim.c.obj
 .ARM.attributes
                0x0000018e       0x34 CMakeFiles/TIM10FreetosLV.dir/Drivers/STM32F4xx_HAL_Driver/Src/stm32f4xx_hal_adc.c.obj
 .ARM.attributes
                0x000001c2       0x34 CMakeFiles/TIM10FreetosLV.dir/Drivers/STM32F4xx_HAL_Driver/Src/stm32f4xx_hal_adc_ex.c.obj
 .ARM.attributes
                0x000001f6       0x34 CMakeFiles/TIM10FreetosLV.dir/Drivers/STM32F4xx_HAL_Driver/Src/stm32f4xx_hal_rcc.c.obj
 .ARM.attributes
                0x0000022a       0x34 CMakeFiles/TIM10FreetosLV.dir/Drivers/STM32F4xx_HAL_Driver/Src/stm32f4xx_hal_gpio.c.obj
 .ARM.attributes
                0x0000025e       0x34 CMakeFiles/TIM10FreetosLV.dir/Drivers/STM32F4xx_HAL_Driver/Src/stm32f4xx_hal_dma.c.obj
 .ARM.attributes
                0x00000292       0x34 CMakeFiles/TIM10FreetosLV.dir/Drivers/STM32F4xx_HAL_Driver/Src/stm32f4xx_hal_cortex.c.obj
 .ARM.attributes
                0x000002c6       0x34 CMakeFiles/TIM10FreetosLV.dir/Drivers/STM32F4xx_HAL_Driver/Src/stm32f4xx_hal.c.obj
 .ARM.attributes
                0x000002fa       0x34 CMakeFiles/TIM10FreetosLV.dir/Drivers/STM32F4xx_HAL_Driver/Src/stm32f4xx_hal_tim.c.obj
 .ARM.attributes
                0x0000032e       0x34 CMakeFiles/TIM10FreetosLV.dir/Drivers/STM32F4xx_HAL_Driver/Src/stm32f4xx_hal_tim_ex.c.obj
 .ARM.attributes
                0x00000362       0x34 CMakeFiles/TIM10FreetosLV.dir/Core/Src/system_stm32f4xx.c.obj
 .ARM.attributes
                0x00000396       0x34 CMakeFiles/TIM10FreetosLV.dir/Middlewares/Third_Party/FreeRTOS/Source/list.c.obj
 .ARM.attributes
                0x000003ca       0x34 CMakeFiles/TIM10FreetosLV.dir/Middlewares/Third_Party/FreeRTOS/Source/queue.c.obj
 .ARM.attributes
                0x000003fe       0x34 CMakeFiles/TIM10FreetosLV.dir/Middlewares/Third_Party/FreeRTOS/Source/tasks.c.obj
 .ARM.attributes
                0x00000432       0x34 CMakeFiles/TIM10FreetosLV.dir/Middlewares/Third_Party/FreeRTOS/Source/timers.c.obj
 .ARM.attributes
                0x00000466       0x34 CMakeFiles/TIM10FreetosLV.dir/Middlewares/Third_Party/FreeRTOS/Source/CMSIS_RTOS_V2/cmsis_os2.c.obj
 .ARM.attributes
                0x0000049a       0x34 CMakeFiles/TIM10FreetosLV.dir/Middlewares/Third_Party/FreeRTOS/Source/portable/MemMang/heap_4.c.obj
 .ARM.attributes
                0x000004ce       0x34 CMakeFiles/TIM10FreetosLV.dir/Middlewares/Third_Party/FreeRTOS/Source/portable/GCC/ARM_CM4F/port.c.obj
 .ARM.attributes
                0x00000502       0x21 CMakeFiles/TIM10FreetosLV.dir/startup_stm32f411xe.s.obj
 .ARM.attributes
                0x00000523       0x22 C:/ST/STM32CubeCLT_1.16.0/GNU-tools-for-STM32/bin/../lib/gcc/arm-none-eabi/12.3.1/thumb/v7e-m+fp/hard\libgcc.a(_arm_addsubdf3.o)
 .ARM.attributes
                0x00000545       0x22 C:/ST/STM32CubeCLT_1.16.0/GNU-tools-for-STM32/bin/../lib/gcc/arm-none-eabi/12.3.1/thumb/v7e-m+fp/hard\libgcc.a(_arm_muldivdf3.o)
 .ARM.attributes
                0x00000567       0x22 C:/ST/STM32CubeCLT_1.16.0/GNU-tools-for-STM32/bin/../lib/gcc/arm-none-eabi/12.3.1/thumb/v7e-m+fp/hard\libgcc.a(_arm_truncdfsf2.o)
 .ARM.attributes
                0x00000589       0x22 C:/ST/STM32CubeCLT_1.16.0/GNU-tools-for-STM32/bin/../lib/gcc/arm-none-eabi/12.3.1/thumb/v7e-m+fp/hard\libgcc.a(_aeabi_uldivmod.o)
 .ARM.attributes
                0x000005ab       0x34 C:/ST/STM32CubeCLT_1.16.0/GNU-tools-for-STM32/bin/../lib/gcc/arm-none-eabi/12.3.1/thumb/v7e-m+fp/hard\libgcc.a(_udivmoddi4.o)
 .ARM.attributes
                0x000005df       0x22 C:/ST/STM32CubeCLT_1.16.0/GNU-tools-for-STM32/bin/../lib/gcc/arm-none-eabi/12.3.1/thumb/v7e-m+fp/hard\libgcc.a(_dvmd_tls.o)
 .ARM.attributes
                0x00000601       0x34 C:/ST/STM32CubeCLT_1.16.0/GNU-tools-for-STM32/bin/../lib/gcc/arm-none-eabi/12.3.1/../../../../arm-none-eabi/lib/thumb/v7e-m+fp/hard\libg_nano.a(libc_a-memcpy-stub.o)
 .ARM.attributes
                0x00000635       0x22 C:/ST/STM32CubeCLT_1.16.0/GNU-tools-for-STM32/bin/../lib/gcc/arm-none-eabi/12.3.1/thumb/v7e-m+fp/hard/crtn.o
OUTPUT(TIM10FreetosLV.elf elf32-littlearm)
LOAD linker stubs
LOAD C:/ST/STM32CubeCLT_1.16.0/GNU-tools-for-STM32/bin/../lib/gcc/arm-none-eabi/12.3.1/../../../../arm-none-eabi/lib/thumb/v7e-m+fp/hard\libc.a
LOAD C:/ST/STM32CubeCLT_1.16.0/GNU-tools-for-STM32/bin/../lib/gcc/arm-none-eabi/12.3.1/../../../../arm-none-eabi/lib/thumb/v7e-m+fp/hard\libm.a
LOAD C:/ST/STM32CubeCLT_1.16.0/GNU-tools-for-STM32/bin/../lib/gcc/arm-none-eabi/12.3.1/thumb/v7e-m+fp/hard\libgcc.a

.debug_frame    0x00000000     0x5550
 .debug_frame   0x00000000       0x20 C:/ST/STM32CubeCLT_1.16.0/GNU-tools-for-STM32/bin/../lib/gcc/arm-none-eabi/12.3.1/../../../../arm-none-eabi/lib/thumb/v7e-m+fp/hard\libc_nano.a(libc_a-memset.o)
 .debug_frame   0x00000020       0x2c C:/ST/STM32CubeCLT_1.16.0/GNU-tools-for-STM32/bin/../lib/gcc/arm-none-eabi/12.3.1/../../../../arm-none-eabi/lib/thumb/v7e-m+fp/hard\libc_nano.a(libc_a-init.o)
 .debug_frame   0x0000004c      0x1bc CMakeFiles/TIM10FreetosLV.dir/Core/Src/main.c.obj
 .debug_frame   0x00000208      0x15c CMakeFiles/TIM10FreetosLV.dir/Core/Src/stm32f4xx_it.c.obj
 .debug_frame   0x00000364       0xc4 CMakeFiles/TIM10FreetosLV.dir/Core/Src/stm32f4xx_hal_msp.c.obj
 .debug_frame   0x00000428       0x74 CMakeFiles/TIM10FreetosLV.dir/Core/Src/stm32f4xx_hal_timebase_tim.c.obj
 .debug_frame   0x0000049c      0x3fc CMakeFiles/TIM10FreetosLV.dir/Drivers/STM32F4xx_HAL_Driver/Src/stm32f4xx_hal_adc.c.obj
 .debug_frame   0x00000898      0x250 CMakeFiles/TIM10FreetosLV.dir/Drivers/STM32F4xx_HAL_Driver/Src/stm32f4xx_hal_adc_ex.c.obj
 .debug_frame   0x00000ae8      0x1f4 CMakeFiles/TIM10FreetosLV.dir/Drivers/STM32F4xx_HAL_Driver/Src/stm32f4xx_hal_rcc.c.obj
 .debug_frame   0x00000cdc      0x14c CMakeFiles/TIM10FreetosLV.dir/Drivers/STM32F4xx_HAL_Driver/Src/stm32f4xx_hal_gpio.c.obj
 .debug_frame   0x00000e28      0x250 CMakeFiles/TIM10FreetosLV.dir/Drivers/STM32F4xx_HAL_Driver/Src/stm32f4xx_hal_dma.c.obj
 .debug_frame   0x00001078      0x508 CMakeFiles/TIM10FreetosLV.dir/Drivers/STM32F4xx_HAL_Driver/Src/stm32f4xx_hal_cortex.c.obj
 .debug_frame   0x00001580      0x374 CMakeFiles/TIM10FreetosLV.dir/Drivers/STM32F4xx_HAL_Driver/Src/stm32f4xx_hal.c.obj
 .debug_frame   0x000018f4     0x11b8 CMakeFiles/TIM10FreetosLV.dir/Drivers/STM32F4xx_HAL_Driver/Src/stm32f4xx_hal_tim.c.obj
 .debug_frame   0x00002aac      0x638 CMakeFiles/TIM10FreetosLV.dir/Drivers/STM32F4xx_HAL_Driver/Src/stm32f4xx_hal_tim_ex.c.obj
 .debug_frame   0x000030e4       0x58 CMakeFiles/TIM10FreetosLV.dir/Core/Src/system_stm32f4xx.c.obj
 .debug_frame   0x0000313c       0xd8 CMakeFiles/TIM10FreetosLV.dir/Middlewares/Third_Party/FreeRTOS/Source/list.c.obj
 .debug_frame   0x00003214      0x5ec CMakeFiles/TIM10FreetosLV.dir/Middlewares/Third_Party/FreeRTOS/Source/queue.c.obj
 .debug_frame   0x00003800      0x8f0 CMakeFiles/TIM10FreetosLV.dir/Middlewares/Third_Party/FreeRTOS/Source/tasks.c.obj
 .debug_frame   0x000040f0      0x400 CMakeFiles/TIM10FreetosLV.dir/Middlewares/Third_Party/FreeRTOS/Source/timers.c.obj
 .debug_frame   0x000044f0      0xbe4 CMakeFiles/TIM10FreetosLV.dir/Middlewares/Third_Party/FreeRTOS/Source/CMSIS_RTOS_V2/cmsis_os2.c.obj
 .debug_frame   0x000050d4      0x12c CMakeFiles/TIM10FreetosLV.dir/Middlewares/Third_Party/FreeRTOS/Source/portable/MemMang/heap_4.c.obj
 .debug_frame   0x00005200      0x1a8 CMakeFiles/TIM10FreetosLV.dir/Middlewares/Third_Party/FreeRTOS/Source/portable/GCC/ARM_CM4F/port.c.obj
 .debug_frame   0x000053a8       0xac C:/ST/STM32CubeCLT_1.16.0/GNU-tools-for-STM32/bin/../lib/gcc/arm-none-eabi/12.3.1/thumb/v7e-m+fp/hard\libgcc.a(_arm_addsubdf3.o)
 .debug_frame   0x00005454       0x50 C:/ST/STM32CubeCLT_1.16.0/GNU-tools-for-STM32/bin/../lib/gcc/arm-none-eabi/12.3.1/thumb/v7e-m+fp/hard\libgcc.a(_arm_muldivdf3.o)
 .debug_frame   0x000054a4       0x24 C:/ST/STM32CubeCLT_1.16.0/GNU-tools-for-STM32/bin/../lib/gcc/arm-none-eabi/12.3.1/thumb/v7e-m+fp/hard\libgcc.a(_arm_truncdfsf2.o)
 .debug_frame   0x000054c8       0x2c C:/ST/STM32CubeCLT_1.16.0/GNU-tools-for-STM32/bin/../lib/gcc/arm-none-eabi/12.3.1/thumb/v7e-m+fp/hard\libgcc.a(_aeabi_uldivmod.o)
 .debug_frame   0x000054f4       0x34 C:/ST/STM32CubeCLT_1.16.0/GNU-tools-for-STM32/bin/../lib/gcc/arm-none-eabi/12.3.1/thumb/v7e-m+fp/hard\libgcc.a(_udivmoddi4.o)
 .debug_frame   0x00005528       0x28 C:/ST/STM32CubeCLT_1.16.0/GNU-tools-for-STM32/bin/../lib/gcc/arm-none-eabi/12.3.1/../../../../arm-none-eabi/lib/thumb/v7e-m+fp/hard\libg_nano.a(libc_a-memcpy-stub.o)

.debug_info     0x00000000    0x16240
 .debug_info    0x00000000     0x1930 CMakeFiles/TIM10FreetosLV.dir/Core/Src/main.c.obj
 .debug_info    0x00001930      0xa92 CMakeFiles/TIM10FreetosLV.dir/Core/Src/stm32f4xx_it.c.obj
 .debug_info    0x000023c2      0xf2e CMakeFiles/TIM10FreetosLV.dir/Core/Src/stm32f4xx_hal_msp.c.obj
 .debug_info    0x000032f0      0xb75 CMakeFiles/TIM10FreetosLV.dir/Core/Src/stm32f4xx_hal_timebase_tim.c.obj
 .debug_info    0x00003e65      0xcd1 CMakeFiles/TIM10FreetosLV.dir/Drivers/STM32F4xx_HAL_Driver/Src/stm32f4xx_hal_adc.c.obj
 .debug_info    0x00004b36      0xb56 CMakeFiles/TIM10FreetosLV.dir/Drivers/STM32F4xx_HAL_Driver/Src/stm32f4xx_hal_adc_ex.c.obj
 .debug_info    0x0000568c      0x8f0 CMakeFiles/TIM10FreetosLV.dir/Drivers/STM32F4xx_HAL_Driver/Src/stm32f4xx_hal_rcc.c.obj
 .debug_info    0x00005f7c      0x6f9 CMakeFiles/TIM10FreetosLV.dir/Drivers/STM32F4xx_HAL_Driver/Src/stm32f4xx_hal_gpio.c.obj
 .debug_info    0x00006675      0x8e6 CMakeFiles/TIM10FreetosLV.dir/Drivers/STM32F4xx_HAL_Driver/Src/stm32f4xx_hal_dma.c.obj
 .debug_info    0x00006f5b      0xcfc CMakeFiles/TIM10FreetosLV.dir/Drivers/STM32F4xx_HAL_Driver/Src/stm32f4xx_hal_cortex.c.obj
 .debug_info    0x00007c57      0x8c4 CMakeFiles/TIM10FreetosLV.dir/Drivers/STM32F4xx_HAL_Driver/Src/stm32f4xx_hal.c.obj
 .debug_info    0x0000851b     0x2996 CMakeFiles/TIM10FreetosLV.dir/Drivers/STM32F4xx_HAL_Driver/Src/stm32f4xx_hal_tim.c.obj
 .debug_info    0x0000aeb1     0x14d4 CMakeFiles/TIM10FreetosLV.dir/Drivers/STM32F4xx_HAL_Driver/Src/stm32f4xx_hal_tim_ex.c.obj
 .debug_info    0x0000c385      0x53e CMakeFiles/TIM10FreetosLV.dir/Core/Src/system_stm32f4xx.c.obj
 .debug_info    0x0000c8c3      0x2af CMakeFiles/TIM10FreetosLV.dir/Middlewares/Third_Party/FreeRTOS/Source/list.c.obj
 .debug_info    0x0000cb72     0x1b79 CMakeFiles/TIM10FreetosLV.dir/Middlewares/Third_Party/FreeRTOS/Source/queue.c.obj
 .debug_info    0x0000e6eb     0x21ec CMakeFiles/TIM10FreetosLV.dir/Middlewares/Third_Party/FreeRTOS/Source/tasks.c.obj
 .debug_info    0x000108d7     0x1488 CMakeFiles/TIM10FreetosLV.dir/Middlewares/Third_Party/FreeRTOS/Source/timers.c.obj
 .debug_info    0x00011d5f     0x39dd CMakeFiles/TIM10FreetosLV.dir/Middlewares/Third_Party/FreeRTOS/Source/CMSIS_RTOS_V2/cmsis_os2.c.obj
 .debug_info    0x0001573c      0x4d5 CMakeFiles/TIM10FreetosLV.dir/Middlewares/Third_Party/FreeRTOS/Source/portable/MemMang/heap_4.c.obj
 .debug_info    0x00015c11      0x4de CMakeFiles/TIM10FreetosLV.dir/Middlewares/Third_Party/FreeRTOS/Source/portable/GCC/ARM_CM4F/port.c.obj
 .debug_info    0x000160ef       0x30 CMakeFiles/TIM10FreetosLV.dir/startup_stm32f411xe.s.obj
 .debug_info    0x0001611f      0x121 C:/ST/STM32CubeCLT_1.16.0/GNU-tools-for-STM32/bin/../lib/gcc/arm-none-eabi/12.3.1/../../../../arm-none-eabi/lib/thumb/v7e-m+fp/hard\libg_nano.a(libc_a-memcpy-stub.o)

.debug_abbrev   0x00000000     0x3567
 .debug_abbrev  0x00000000      0x2d8 CMakeFiles/TIM10FreetosLV.dir/Core/Src/main.c.obj
 .debug_abbrev  0x000002d8      0x1eb CMakeFiles/TIM10FreetosLV.dir/Core/Src/stm32f4xx_it.c.obj
 .debug_abbrev  0x000004c3      0x215 CMakeFiles/TIM10FreetosLV.dir/Core/Src/stm32f4xx_hal_msp.c.obj
 .debug_abbrev  0x000006d8      0x207 CMakeFiles/TIM10FreetosLV.dir/Core/Src/stm32f4xx_hal_timebase_tim.c.obj
 .debug_abbrev  0x000008df      0x20e CMakeFiles/TIM10FreetosLV.dir/Drivers/STM32F4xx_HAL_Driver/Src/stm32f4xx_hal_adc.c.obj
 .debug_abbrev  0x00000aed      0x22c CMakeFiles/TIM10FreetosLV.dir/Drivers/STM32F4xx_HAL_Driver/Src/stm32f4xx_hal_adc_ex.c.obj
 .debug_abbrev  0x00000d19      0x2b6 CMakeFiles/TIM10FreetosLV.dir/Drivers/STM32F4xx_HAL_Driver/Src/stm32f4xx_hal_rcc.c.obj
 .debug_abbrev  0x00000fcf      0x1d3 CMakeFiles/TIM10FreetosLV.dir/Drivers/STM32F4xx_HAL_Driver/Src/stm32f4xx_hal_gpio.c.obj
 .debug_abbrev  0x000011a2      0x221 CMakeFiles/TIM10FreetosLV.dir/Drivers/STM32F4xx_HAL_Driver/Src/stm32f4xx_hal_dma.c.obj
 .debug_abbrev  0x000013c3      0x31d CMakeFiles/TIM10FreetosLV.dir/Drivers/STM32F4xx_HAL_Driver/Src/stm32f4xx_hal_cortex.c.obj
 .debug_abbrev  0x000016e0      0x24b CMakeFiles/TIM10FreetosLV.dir/Drivers/STM32F4xx_HAL_Driver/Src/stm32f4xx_hal.c.obj
 .debug_abbrev  0x0000192b      0x28b CMakeFiles/TIM10FreetosLV.dir/Drivers/STM32F4xx_HAL_Driver/Src/stm32f4xx_hal_tim.c.obj
 .debug_abbrev  0x00001bb6      0x296 CMakeFiles/TIM10FreetosLV.dir/Drivers/STM32F4xx_HAL_Driver/Src/stm32f4xx_hal_tim_ex.c.obj
 .debug_abbrev  0x00001e4c      0x11a CMakeFiles/TIM10FreetosLV.dir/Core/Src/system_stm32f4xx.c.obj
 .debug_abbrev  0x00001f66       0xf5 CMakeFiles/TIM10FreetosLV.dir/Middlewares/Third_Party/FreeRTOS/Source/list.c.obj
 .debug_abbrev  0x0000205b      0x3b6 CMakeFiles/TIM10FreetosLV.dir/Middlewares/Third_Party/FreeRTOS/Source/queue.c.obj
 .debug_abbrev  0x00002411      0x386 CMakeFiles/TIM10FreetosLV.dir/Middlewares/Third_Party/FreeRTOS/Source/tasks.c.obj
 .debug_abbrev  0x00002797      0x352 CMakeFiles/TIM10FreetosLV.dir/Middlewares/Third_Party/FreeRTOS/Source/timers.c.obj
 .debug_abbrev  0x00002ae9      0x520 CMakeFiles/TIM10FreetosLV.dir/Middlewares/Third_Party/FreeRTOS/Source/CMSIS_RTOS_V2/cmsis_os2.c.obj
 .debug_abbrev  0x00003009      0x21d CMakeFiles/TIM10FreetosLV.dir/Middlewares/Third_Party/FreeRTOS/Source/portable/MemMang/heap_4.c.obj
 .debug_abbrev  0x00003226      0x25c CMakeFiles/TIM10FreetosLV.dir/Middlewares/Third_Party/FreeRTOS/Source/portable/GCC/ARM_CM4F/port.c.obj
 .debug_abbrev  0x00003482       0x24 CMakeFiles/TIM10FreetosLV.dir/startup_stm32f411xe.s.obj
 .debug_abbrev  0x000034a6       0xc1 C:/ST/STM32CubeCLT_1.16.0/GNU-tools-for-STM32/bin/../lib/gcc/arm-none-eabi/12.3.1/../../../../arm-none-eabi/lib/thumb/v7e-m+fp/hard\libg_nano.a(libc_a-memcpy-stub.o)

.debug_aranges  0x00000000     0x1430
 .debug_aranges
                0x00000000       0x80 CMakeFiles/TIM10FreetosLV.dir/Core/Src/main.c.obj
 .debug_aranges
                0x00000080       0x78 CMakeFiles/TIM10FreetosLV.dir/Core/Src/stm32f4xx_it.c.obj
 .debug_aranges
                0x000000f8       0x40 CMakeFiles/TIM10FreetosLV.dir/Core/Src/stm32f4xx_hal_msp.c.obj
 .debug_aranges
                0x00000138       0x30 CMakeFiles/TIM10FreetosLV.dir/Core/Src/stm32f4xx_hal_timebase_tim.c.obj
 .debug_aranges
                0x00000168       0xe8 CMakeFiles/TIM10FreetosLV.dir/Drivers/STM32F4xx_HAL_Driver/Src/stm32f4xx_hal_adc.c.obj
 .debug_aranges
                0x00000250       0x90 CMakeFiles/TIM10FreetosLV.dir/Drivers/STM32F4xx_HAL_Driver/Src/stm32f4xx_hal_adc_ex.c.obj
 .debug_aranges
                0x000002e0       0x88 CMakeFiles/TIM10FreetosLV.dir/Drivers/STM32F4xx_HAL_Driver/Src/stm32f4xx_hal_rcc.c.obj
 .debug_aranges
                0x00000368       0x58 CMakeFiles/TIM10FreetosLV.dir/Drivers/STM32F4xx_HAL_Driver/Src/stm32f4xx_hal_gpio.c.obj
 .debug_aranges
                0x000003c0       0x90 CMakeFiles/TIM10FreetosLV.dir/Drivers/STM32F4xx_HAL_Driver/Src/stm32f4xx_hal_dma.c.obj
 .debug_aranges
                0x00000450      0x130 CMakeFiles/TIM10FreetosLV.dir/Drivers/STM32F4xx_HAL_Driver/Src/stm32f4xx_hal_cortex.c.obj
 .debug_aranges
                0x00000580       0xf0 CMakeFiles/TIM10FreetosLV.dir/Drivers/STM32F4xx_HAL_Driver/Src/stm32f4xx_hal.c.obj
 .debug_aranges
                0x00000670      0x3d0 CMakeFiles/TIM10FreetosLV.dir/Drivers/STM32F4xx_HAL_Driver/Src/stm32f4xx_hal_tim.c.obj
 .debug_aranges
                0x00000a40      0x168 CMakeFiles/TIM10FreetosLV.dir/Drivers/STM32F4xx_HAL_Driver/Src/stm32f4xx_hal_tim_ex.c.obj
 .debug_aranges
                0x00000ba8       0x28 CMakeFiles/TIM10FreetosLV.dir/Core/Src/system_stm32f4xx.c.obj
 .debug_aranges
                0x00000bd0       0x40 CMakeFiles/TIM10FreetosLV.dir/Middlewares/Third_Party/FreeRTOS/Source/list.c.obj
 .debug_aranges
                0x00000c10      0x158 CMakeFiles/TIM10FreetosLV.dir/Middlewares/Third_Party/FreeRTOS/Source/queue.c.obj
 .debug_aranges
                0x00000d68      0x208 CMakeFiles/TIM10FreetosLV.dir/Middlewares/Third_Party/FreeRTOS/Source/tasks.c.obj
 .debug_aranges
                0x00000f70       0xf0 CMakeFiles/TIM10FreetosLV.dir/Middlewares/Third_Party/FreeRTOS/Source/timers.c.obj
 .debug_aranges
                0x00001060      0x2b0 CMakeFiles/TIM10FreetosLV.dir/Middlewares/Third_Party/FreeRTOS/Source/CMSIS_RTOS_V2/cmsis_os2.c.obj
 .debug_aranges
                0x00001310       0x58 CMakeFiles/TIM10FreetosLV.dir/Middlewares/Third_Party/FreeRTOS/Source/portable/MemMang/heap_4.c.obj
 .debug_aranges
                0x00001368       0x80 CMakeFiles/TIM10FreetosLV.dir/Middlewares/Third_Party/FreeRTOS/Source/portable/GCC/ARM_CM4F/port.c.obj
 .debug_aranges
                0x000013e8       0x28 CMakeFiles/TIM10FreetosLV.dir/startup_stm32f411xe.s.obj
 .debug_aranges
                0x00001410       0x20 C:/ST/STM32CubeCLT_1.16.0/GNU-tools-for-STM32/bin/../lib/gcc/arm-none-eabi/12.3.1/../../../../arm-none-eabi/lib/thumb/v7e-m+fp/hard\libg_nano.a(libc_a-memcpy-stub.o)

.debug_rnglists
                0x00000000      0xf91
 .debug_rnglists
                0x00000000       0x64 CMakeFiles/TIM10FreetosLV.dir/Core/Src/main.c.obj
 .debug_rnglists
                0x00000064       0x55 CMakeFiles/TIM10FreetosLV.dir/Core/Src/stm32f4xx_it.c.obj
 .debug_rnglists
                0x000000b9       0x2c CMakeFiles/TIM10FreetosLV.dir/Core/Src/stm32f4xx_hal_msp.c.obj
 .debug_rnglists
                0x000000e5       0x20 CMakeFiles/TIM10FreetosLV.dir/Core/Src/stm32f4xx_hal_timebase_tim.c.obj
 .debug_rnglists
                0x00000105       0xb5 CMakeFiles/TIM10FreetosLV.dir/Drivers/STM32F4xx_HAL_Driver/Src/stm32f4xx_hal_adc.c.obj
 .debug_rnglists
                0x000001ba       0x71 CMakeFiles/TIM10FreetosLV.dir/Drivers/STM32F4xx_HAL_Driver/Src/stm32f4xx_hal_adc_ex.c.obj
 .debug_rnglists
                0x0000022b       0x66 CMakeFiles/TIM10FreetosLV.dir/Drivers/STM32F4xx_HAL_Driver/Src/stm32f4xx_hal_rcc.c.obj
 .debug_rnglists
                0x00000291       0x3f CMakeFiles/TIM10FreetosLV.dir/Drivers/STM32F4xx_HAL_Driver/Src/stm32f4xx_hal_gpio.c.obj
 .debug_rnglists
                0x000002d0       0x70 CMakeFiles/TIM10FreetosLV.dir/Drivers/STM32F4xx_HAL_Driver/Src/stm32f4xx_hal_dma.c.obj
 .debug_rnglists
                0x00000340       0xe0 CMakeFiles/TIM10FreetosLV.dir/Drivers/STM32F4xx_HAL_Driver/Src/stm32f4xx_hal_cortex.c.obj
 .debug_rnglists
                0x00000420       0xaf CMakeFiles/TIM10FreetosLV.dir/Drivers/STM32F4xx_HAL_Driver/Src/stm32f4xx_hal.c.obj
 .debug_rnglists
                0x000004cf      0x31a CMakeFiles/TIM10FreetosLV.dir/Drivers/STM32F4xx_HAL_Driver/Src/stm32f4xx_hal_tim.c.obj
 .debug_rnglists
                0x000007e9      0x125 CMakeFiles/TIM10FreetosLV.dir/Drivers/STM32F4xx_HAL_Driver/Src/stm32f4xx_hal_tim_ex.c.obj
 .debug_rnglists
                0x0000090e       0x1a CMakeFiles/TIM10FreetosLV.dir/Core/Src/system_stm32f4xx.c.obj
 .debug_rnglists
                0x00000928       0x2b CMakeFiles/TIM10FreetosLV.dir/Middlewares/Third_Party/FreeRTOS/Source/list.c.obj
 .debug_rnglists
                0x00000953      0x109 CMakeFiles/TIM10FreetosLV.dir/Middlewares/Third_Party/FreeRTOS/Source/queue.c.obj
 .debug_rnglists
                0x00000a5c      0x1a0 CMakeFiles/TIM10FreetosLV.dir/Middlewares/Third_Party/FreeRTOS/Source/tasks.c.obj
 .debug_rnglists
                0x00000bfc       0xb8 CMakeFiles/TIM10FreetosLV.dir/Middlewares/Third_Party/FreeRTOS/Source/timers.c.obj
 .debug_rnglists
                0x00000cb4      0x212 CMakeFiles/TIM10FreetosLV.dir/Middlewares/Third_Party/FreeRTOS/Source/CMSIS_RTOS_V2/cmsis_os2.c.obj
 .debug_rnglists
                0x00000ec6       0x42 CMakeFiles/TIM10FreetosLV.dir/Middlewares/Third_Party/FreeRTOS/Source/portable/MemMang/heap_4.c.obj
 .debug_rnglists
                0x00000f08       0x5d CMakeFiles/TIM10FreetosLV.dir/Middlewares/Third_Party/FreeRTOS/Source/portable/GCC/ARM_CM4F/port.c.obj
 .debug_rnglists
                0x00000f65       0x19 CMakeFiles/TIM10FreetosLV.dir/startup_stm32f411xe.s.obj
 .debug_rnglists
                0x00000f7e       0x13 C:/ST/STM32CubeCLT_1.16.0/GNU-tools-for-STM32/bin/../lib/gcc/arm-none-eabi/12.3.1/../../../../arm-none-eabi/lib/thumb/v7e-m+fp/hard\libg_nano.a(libc_a-memcpy-stub.o)

.debug_macro    0x00000000    0x18972
 .debug_macro   0x00000000      0x28b CMakeFiles/TIM10FreetosLV.dir/Core/Src/main.c.obj
 .debug_macro   0x0000028b      0xab4 CMakeFiles/TIM10FreetosLV.dir/Core/Src/main.c.obj
 .debug_macro   0x00000d3f      0x29b CMakeFiles/TIM10FreetosLV.dir/Core/Src/main.c.obj
 .debug_macro   0x00000fda       0x2e CMakeFiles/TIM10FreetosLV.dir/Core/Src/main.c.obj
 .debug_macro   0x00001008       0x28 CMakeFiles/TIM10FreetosLV.dir/Core/Src/main.c.obj
 .debug_macro   0x00001030       0x22 CMakeFiles/TIM10FreetosLV.dir/Core/Src/main.c.obj
 .debug_macro   0x00001052       0x8e CMakeFiles/TIM10FreetosLV.dir/Core/Src/main.c.obj
 .debug_macro   0x000010e0       0x51 CMakeFiles/TIM10FreetosLV.dir/Core/Src/main.c.obj
 .debug_macro   0x00001131      0x103 CMakeFiles/TIM10FreetosLV.dir/Core/Src/main.c.obj
 .debug_macro   0x00001234       0x6a CMakeFiles/TIM10FreetosLV.dir/Core/Src/main.c.obj
 .debug_macro   0x0000129e      0x1df CMakeFiles/TIM10FreetosLV.dir/Core/Src/main.c.obj
 .debug_macro   0x0000147d       0x1c CMakeFiles/TIM10FreetosLV.dir/Core/Src/main.c.obj
 .debug_macro   0x00001499       0x22 CMakeFiles/TIM10FreetosLV.dir/Core/Src/main.c.obj
 .debug_macro   0x000014bb       0xfb CMakeFiles/TIM10FreetosLV.dir/Core/Src/main.c.obj
 .debug_macro   0x000015b6     0x1011 CMakeFiles/TIM10FreetosLV.dir/Core/Src/main.c.obj
 .debug_macro   0x000025c7      0x11f CMakeFiles/TIM10FreetosLV.dir/Core/Src/main.c.obj
 .debug_macro   0x000026e6     0xb953 CMakeFiles/TIM10FreetosLV.dir/Core/Src/main.c.obj
 .debug_macro   0x0000e039       0x6d CMakeFiles/TIM10FreetosLV.dir/Core/Src/main.c.obj
 .debug_macro   0x0000e0a6     0x369a CMakeFiles/TIM10FreetosLV.dir/Core/Src/main.c.obj
 .debug_macro   0x00011740      0x189 CMakeFiles/TIM10FreetosLV.dir/Core/Src/main.c.obj
 .debug_macro   0x000118c9       0x5c CMakeFiles/TIM10FreetosLV.dir/Core/Src/main.c.obj
 .debug_macro   0x00011925      0x45c CMakeFiles/TIM10FreetosLV.dir/Core/Src/main.c.obj
 .debug_macro   0x00011d81      0x9e9 CMakeFiles/TIM10FreetosLV.dir/Core/Src/main.c.obj
 .debug_macro   0x0001276a      0x115 CMakeFiles/TIM10FreetosLV.dir/Core/Src/main.c.obj
 .debug_macro   0x0001287f      0x11b CMakeFiles/TIM10FreetosLV.dir/Core/Src/main.c.obj
 .debug_macro   0x0001299a       0xa5 CMakeFiles/TIM10FreetosLV.dir/Core/Src/main.c.obj
 .debug_macro   0x00012a3f      0x15f CMakeFiles/TIM10FreetosLV.dir/Core/Src/main.c.obj
 .debug_macro   0x00012b9e      0x287 CMakeFiles/TIM10FreetosLV.dir/Core/Src/main.c.obj
 .debug_macro   0x00012e25       0x5f CMakeFiles/TIM10FreetosLV.dir/Core/Src/main.c.obj
 .debug_macro   0x00012e84      0x236 CMakeFiles/TIM10FreetosLV.dir/Core/Src/main.c.obj
 .debug_macro   0x000130ba      0x9e1 CMakeFiles/TIM10FreetosLV.dir/Core/Src/main.c.obj
 .debug_macro   0x00013a9b      0x38b CMakeFiles/TIM10FreetosLV.dir/Core/Src/main.c.obj
 .debug_macro   0x00013e26      0x17d CMakeFiles/TIM10FreetosLV.dir/Core/Src/main.c.obj
 .debug_macro   0x00013fa3       0xf9 CMakeFiles/TIM10FreetosLV.dir/Core/Src/main.c.obj
 .debug_macro   0x0001409c      0x132 CMakeFiles/TIM10FreetosLV.dir/Core/Src/main.c.obj
 .debug_macro   0x000141ce      0x264 CMakeFiles/TIM10FreetosLV.dir/Core/Src/main.c.obj
 .debug_macro   0x00014432       0x2e CMakeFiles/TIM10FreetosLV.dir/Core/Src/main.c.obj
 .debug_macro   0x00014460      0x127 CMakeFiles/TIM10FreetosLV.dir/Core/Src/main.c.obj
 .debug_macro   0x00014587       0x85 CMakeFiles/TIM10FreetosLV.dir/Core/Src/main.c.obj
 .debug_macro   0x0001460c       0x89 CMakeFiles/TIM10FreetosLV.dir/Core/Src/main.c.obj
 .debug_macro   0x00014695      0x8ed CMakeFiles/TIM10FreetosLV.dir/Core/Src/main.c.obj
 .debug_macro   0x00014f82       0x47 CMakeFiles/TIM10FreetosLV.dir/Core/Src/main.c.obj
 .debug_macro   0x00014fc9      0x126 CMakeFiles/TIM10FreetosLV.dir/Core/Src/main.c.obj
 .debug_macro   0x000150ef       0x22 CMakeFiles/TIM10FreetosLV.dir/Core/Src/main.c.obj
 .debug_macro   0x00015111      0x169 CMakeFiles/TIM10FreetosLV.dir/Core/Src/main.c.obj
 .debug_macro   0x0001527a      0x15a CMakeFiles/TIM10FreetosLV.dir/Core/Src/main.c.obj
 .debug_macro   0x000153d4       0xc9 CMakeFiles/TIM10FreetosLV.dir/Core/Src/main.c.obj
 .debug_macro   0x0001549d       0x1c CMakeFiles/TIM10FreetosLV.dir/Core/Src/main.c.obj
 .debug_macro   0x000154b9       0x26 CMakeFiles/TIM10FreetosLV.dir/Core/Src/main.c.obj
 .debug_macro   0x000154df      0x4c5 CMakeFiles/TIM10FreetosLV.dir/Core/Src/main.c.obj
 .debug_macro   0x000159a4       0xb5 CMakeFiles/TIM10FreetosLV.dir/Core/Src/main.c.obj
 .debug_macro   0x00015a59       0xaa CMakeFiles/TIM10FreetosLV.dir/Core/Src/main.c.obj
 .debug_macro   0x00015b03       0x66 CMakeFiles/TIM10FreetosLV.dir/Core/Src/main.c.obj
 .debug_macro   0x00015b69       0x74 CMakeFiles/TIM10FreetosLV.dir/Core/Src/main.c.obj
 .debug_macro   0x00015bdd       0xdd CMakeFiles/TIM10FreetosLV.dir/Core/Src/main.c.obj
 .debug_macro   0x00015cba      0x205 CMakeFiles/TIM10FreetosLV.dir/Core/Src/stm32f4xx_it.c.obj
 .debug_macro   0x00015ebf      0x1fb CMakeFiles/TIM10FreetosLV.dir/Core/Src/stm32f4xx_hal_msp.c.obj
 .debug_macro   0x000160ba      0x1ec CMakeFiles/TIM10FreetosLV.dir/Core/Src/stm32f4xx_hal_timebase_tim.c.obj
 .debug_macro   0x000162a6      0x1ed CMakeFiles/TIM10FreetosLV.dir/Drivers/STM32F4xx_HAL_Driver/Src/stm32f4xx_hal_adc.c.obj
 .debug_macro   0x00016493      0x1ec CMakeFiles/TIM10FreetosLV.dir/Drivers/STM32F4xx_HAL_Driver/Src/stm32f4xx_hal_adc_ex.c.obj
 .debug_macro   0x0001667f      0x210 CMakeFiles/TIM10FreetosLV.dir/Drivers/STM32F4xx_HAL_Driver/Src/stm32f4xx_hal_rcc.c.obj
 .debug_macro   0x0001688f      0x1f2 CMakeFiles/TIM10FreetosLV.dir/Drivers/STM32F4xx_HAL_Driver/Src/stm32f4xx_hal_gpio.c.obj
 .debug_macro   0x00016a81      0x1f2 CMakeFiles/TIM10FreetosLV.dir/Drivers/STM32F4xx_HAL_Driver/Src/stm32f4xx_hal_dma.c.obj
 .debug_macro   0x00016c73      0x1ec CMakeFiles/TIM10FreetosLV.dir/Drivers/STM32F4xx_HAL_Driver/Src/stm32f4xx_hal_cortex.c.obj
 .debug_macro   0x00016e5f      0x24c CMakeFiles/TIM10FreetosLV.dir/Drivers/STM32F4xx_HAL_Driver/Src/stm32f4xx_hal.c.obj
 .debug_macro   0x000170ab      0x1ed CMakeFiles/TIM10FreetosLV.dir/Drivers/STM32F4xx_HAL_Driver/Src/stm32f4xx_hal_tim.c.obj
 .debug_macro   0x00017298      0x1ec CMakeFiles/TIM10FreetosLV.dir/Drivers/STM32F4xx_HAL_Driver/Src/stm32f4xx_hal_tim_ex.c.obj
 .debug_macro   0x00017484      0x1ec CMakeFiles/TIM10FreetosLV.dir/Core/Src/system_stm32f4xx.c.obj
 .debug_macro   0x00017670      0x178 CMakeFiles/TIM10FreetosLV.dir/Middlewares/Third_Party/FreeRTOS/Source/list.c.obj
 .debug_macro   0x000177e8      0x207 CMakeFiles/TIM10FreetosLV.dir/Middlewares/Third_Party/FreeRTOS/Source/queue.c.obj
 .debug_macro   0x000179ef       0x16 CMakeFiles/TIM10FreetosLV.dir/Middlewares/Third_Party/FreeRTOS/Source/queue.c.obj
 .debug_macro   0x00017a05       0x35 CMakeFiles/TIM10FreetosLV.dir/Middlewares/Third_Party/FreeRTOS/Source/queue.c.obj
 .debug_macro   0x00017a3a       0x20 CMakeFiles/TIM10FreetosLV.dir/Middlewares/Third_Party/FreeRTOS/Source/queue.c.obj
 .debug_macro   0x00017a5a       0x87 CMakeFiles/TIM10FreetosLV.dir/Middlewares/Third_Party/FreeRTOS/Source/queue.c.obj
 .debug_macro   0x00017ae1      0x270 CMakeFiles/TIM10FreetosLV.dir/Middlewares/Third_Party/FreeRTOS/Source/tasks.c.obj
 .debug_macro   0x00017d51       0x10 CMakeFiles/TIM10FreetosLV.dir/Middlewares/Third_Party/FreeRTOS/Source/tasks.c.obj
 .debug_macro   0x00017d61      0x1cd CMakeFiles/TIM10FreetosLV.dir/Middlewares/Third_Party/FreeRTOS/Source/timers.c.obj
 .debug_macro   0x00017f2e       0x97 CMakeFiles/TIM10FreetosLV.dir/Middlewares/Third_Party/FreeRTOS/Source/timers.c.obj
 .debug_macro   0x00017fc5      0x3d4 CMakeFiles/TIM10FreetosLV.dir/Middlewares/Third_Party/FreeRTOS/Source/CMSIS_RTOS_V2/cmsis_os2.c.obj
 .debug_macro   0x00018399       0x10 CMakeFiles/TIM10FreetosLV.dir/Middlewares/Third_Party/FreeRTOS/Source/CMSIS_RTOS_V2/cmsis_os2.c.obj
 .debug_macro   0x000183a9       0xf5 CMakeFiles/TIM10FreetosLV.dir/Middlewares/Third_Party/FreeRTOS/Source/CMSIS_RTOS_V2/cmsis_os2.c.obj
 .debug_macro   0x0001849e       0x8d CMakeFiles/TIM10FreetosLV.dir/Middlewares/Third_Party/FreeRTOS/Source/CMSIS_RTOS_V2/cmsis_os2.c.obj
 .debug_macro   0x0001852b       0x9a CMakeFiles/TIM10FreetosLV.dir/Middlewares/Third_Party/FreeRTOS/Source/CMSIS_RTOS_V2/cmsis_os2.c.obj
 .debug_macro   0x000185c5       0x22 CMakeFiles/TIM10FreetosLV.dir/Middlewares/Third_Party/FreeRTOS/Source/CMSIS_RTOS_V2/cmsis_os2.c.obj