Archive member included to satisfy reference by file (symbol)

C:/ST/STM32CubeCLT_1.16.0/GNU-tools-for-STM32/bin/../lib/gcc/arm-none-eabi/12.3.1/../../../../arm-none-eabi/lib/thumb/v7e-m+fp/hard\libc_nano.a(libc_a-exit.o)
                              C:/ST/STM32CubeCLT_1.16.0/GNU-tools-for-STM32/bin/../lib/gcc/arm-none-eabi/12.3.1/../../../../arm-none-eabi/lib/thumb/v7e-m+fp/hard/crt0.o (exit)
C:/ST/STM32CubeCLT_1.16.0/GNU-tools-for-STM32/bin/../lib/gcc/arm-none-eabi/12.3.1/../../../../arm-none-eabi/lib/thumb/v7e-m+fp/hard\libc_nano.a(libc_a-findfp.o)
                              C:/ST/STM32CubeCLT_1.16.0/GNU-tools-for-STM32/bin/../lib/gcc/arm-none-eabi/12.3.1/../../../../arm-none-eabi/lib/thumb/v7e-m+fp/hard\libc_nano.a(libc_a-exit.o) (__stdio_exit_handler)
C:/ST/STM32CubeCLT_1.16.0/GNU-tools-for-STM32/bin/../lib/gcc/arm-none-eabi/12.3.1/../../../../arm-none-eabi/lib/thumb/v7e-m+fp/hard\libc_nano.a(libc_a-fwalk.o)
                              C:/ST/STM32CubeCLT_1.16.0/GNU-tools-for-STM32/bin/../lib/gcc/arm-none-eabi/12.3.1/../../../../arm-none-eabi/lib/thumb/v7e-m+fp/hard\libc_nano.a(libc_a-findfp.o) (_fwalk_sglue)
C:/ST/STM32CubeCLT_1.16.0/GNU-tools-for-STM32/bin/../lib/gcc/arm-none-eabi/12.3.1/../../../../arm-none-eabi/lib/thumb/v7e-m+fp/hard\libc_nano.a(libc_a-stdio.o)
                              C:/ST/STM32CubeCLT_1.16.0/GNU-tools-for-STM32/bin/../lib/gcc/arm-none-eabi/12.3.1/../../../../arm-none-eabi/lib/thumb/v7e-m+fp/hard\libc_nano.a(libc_a-findfp.o) (__sread)
C:/ST/STM32CubeCLT_1.16.0/GNU-tools-for-STM32/bin/../lib/gcc/arm-none-eabi/12.3.1/../../../../arm-none-eabi/lib/thumb/v7e-m+fp/hard\libc_nano.a(libc_a-memset.o)
                              C:/ST/STM32CubeCLT_1.16.0/GNU-tools-for-STM32/bin/../lib/gcc/arm-none-eabi/12.3.1/../../../../arm-none-eabi/lib/thumb/v7e-m+fp/hard/crt0.o (memset)
C:/ST/STM32CubeCLT_1.16.0/GNU-tools-for-STM32/bin/../lib/gcc/arm-none-eabi/12.3.1/../../../../arm-none-eabi/lib/thumb/v7e-m+fp/hard\libc_nano.a(libc_a-closer.o)
                              C:/ST/STM32CubeCLT_1.16.0/GNU-tools-for-STM32/bin/../lib/gcc/arm-none-eabi/12.3.1/../../../../arm-none-eabi/lib/thumb/v7e-m+fp/hard\libc_nano.a(libc_a-stdio.o) (_close_r)
C:/ST/STM32CubeCLT_1.16.0/GNU-tools-for-STM32/bin/../lib/gcc/arm-none-eabi/12.3.1/../../../../arm-none-eabi/lib/thumb/v7e-m+fp/hard\libc_nano.a(libc_a-reent.o)
                              C:/ST/STM32CubeCLT_1.16.0/GNU-tools-for-STM32/bin/../lib/gcc/arm-none-eabi/12.3.1/../../../../arm-none-eabi/lib/thumb/v7e-m+fp/hard\libc_nano.a(libc_a-closer.o) (errno)
C:/ST/STM32CubeCLT_1.16.0/GNU-tools-for-STM32/bin/../lib/gcc/arm-none-eabi/12.3.1/../../../../arm-none-eabi/lib/thumb/v7e-m+fp/hard\libc_nano.a(libc_a-impure.o)
                              C:/ST/STM32CubeCLT_1.16.0/GNU-tools-for-STM32/bin/../lib/gcc/arm-none-eabi/12.3.1/../../../../arm-none-eabi/lib/thumb/v7e-m+fp/hard\libc_nano.a(libc_a-reent.o) (_impure_ptr)
C:/ST/STM32CubeCLT_1.16.0/GNU-tools-for-STM32/bin/../lib/gcc/arm-none-eabi/12.3.1/../../../../arm-none-eabi/lib/thumb/v7e-m+fp/hard\libc_nano.a(libc_a-lseekr.o)
                              C:/ST/STM32CubeCLT_1.16.0/GNU-tools-for-STM32/bin/../lib/gcc/arm-none-eabi/12.3.1/../../../../arm-none-eabi/lib/thumb/v7e-m+fp/hard\libc_nano.a(libc_a-stdio.o) (_lseek_r)
C:/ST/STM32CubeCLT_1.16.0/GNU-tools-for-STM32/bin/../lib/gcc/arm-none-eabi/12.3.1/../../../../arm-none-eabi/lib/thumb/v7e-m+fp/hard\libc_nano.a(libc_a-readr.o)
                              C:/ST/STM32CubeCLT_1.16.0/GNU-tools-for-STM32/bin/../lib/gcc/arm-none-eabi/12.3.1/../../../../arm-none-eabi/lib/thumb/v7e-m+fp/hard\libc_nano.a(libc_a-stdio.o) (_read_r)
C:/ST/STM32CubeCLT_1.16.0/GNU-tools-for-STM32/bin/../lib/gcc/arm-none-eabi/12.3.1/../../../../arm-none-eabi/lib/thumb/v7e-m+fp/hard\libc_nano.a(libc_a-writer.o)
                              C:/ST/STM32CubeCLT_1.16.0/GNU-tools-for-STM32/bin/../lib/gcc/arm-none-eabi/12.3.1/../../../../arm-none-eabi/lib/thumb/v7e-m+fp/hard\libc_nano.a(libc_a-stdio.o) (_write_r)
C:/ST/STM32CubeCLT_1.16.0/GNU-tools-for-STM32/bin/../lib/gcc/arm-none-eabi/12.3.1/../../../../arm-none-eabi/lib/thumb/v7e-m+fp/hard\libc_nano.a(libc_a-init.o)
                              C:/ST/STM32CubeCLT_1.16.0/GNU-tools-for-STM32/bin/../lib/gcc/arm-none-eabi/12.3.1/../../../../arm-none-eabi/lib/thumb/v7e-m+fp/hard/crt0.o (__libc_init_array)
C:/ST/STM32CubeCLT_1.16.0/GNU-tools-for-STM32/bin/../lib/gcc/arm-none-eabi/12.3.1/../../../../arm-none-eabi/lib/thumb/v7e-m+fp/hard\libc_nano.a(libc_a-lock.o)
                              C:/ST/STM32CubeCLT_1.16.0/GNU-tools-for-STM32/bin/../lib/gcc/arm-none-eabi/12.3.1/../../../../arm-none-eabi/lib/thumb/v7e-m+fp/hard\libc_nano.a(libc_a-findfp.o) (__retarget_lock_init_recursive)
C:/ST/STM32CubeCLT_1.16.0/GNU-tools-for-STM32/bin/../lib/gcc/arm-none-eabi/12.3.1/../../../../arm-none-eabi/lib/thumb/v7e-m+fp/hard\libc_nano.a(libc_a-freer.o)
[...]
Memory Configuration

Name             Origin             Length             Attributes
RAM              0x20000000         0x00020000         xrw
FLASH            0x08000000         0x00080000         xr
*default*        0x00000000         0xffffffff

Linker script and memory map

LOAD C:/ST/STM32CubeCLT_1.16.0/GNU-tools-for-STM32/bin/../lib/gcc/arm-none-eabi/12.3.1/thumb/v7e-m+fp/hard/crti.o
LOAD C:/ST/STM32CubeCLT_1.16.0/GNU-tools-for-STM32/bin/../lib/gcc/arm-none-eabi/12.3.1/thumb/v7e-m+fp/hard/crtbegin.o
LOAD C:/ST/STM32CubeCLT_1.16.0/GNU-tools-for-STM32/bin/../lib/gcc/arm-none-eabi/12.3.1/../../../../arm-none-eabi/lib/thumb/v7e-m+fp/hard/crt0.o
START GROUP
LOAD C:/ST/STM32CubeCLT_1.16.0/GNU-tools-for-STM32/bin/../lib/gcc/arm-none-eabi/12.3.1/../../../../arm-none-eabi/lib/thumb/v7e-m+fp/hard\libc_nano.a
LOAD C:/ST/STM32CubeCLT_1.16.0/GNU-tools-for-STM32/bin/../lib/gcc/arm-none-eabi/12.3.1/../../../../arm-none-eabi/lib/thumb/v7e-m+fp/hard\libm.a
END GROUP
LOAD CMakeFiles/ProjetoFinalRFID.dir/Core/Src/main.c.obj
LOAD CMakeFiles/ProjetoFinalRFID.dir/Core/Src/RC522.c.obj
LOAD CMakeFiles/ProjetoFinalRFID.dir/Core/Src/stm32f4xx_it.c.obj
LOAD CMakeFiles/ProjetoFinalRFID.dir/Core/Src/stm32f4xx_hal_msp.c.obj
LOAD CMakeFiles/ProjetoFinalRFID.dir/Drivers/STM32F4xx_HAL_Driver/Src/stm32f4xx_hal_spi.c.obj
LOAD CMakeFiles/ProjetoFinalRFID.dir/Drivers/STM32F4xx_HAL_Driver/Src/stm32f4xx_hal_rcc.c.obj
LOAD CMakeFiles/ProjetoFinalRFID.dir/Drivers/STM32F4xx_HAL_Driver/Src/stm32f4xx_hal_rcc_ex.c.obj
LOAD CMakeFiles/ProjetoFinalRFID.dir/Drivers/STM32F4xx_HAL_Driver/Src/stm32f4xx_hal_flash.c.obj
LOAD CMakeFiles/ProjetoFinalRFID.dir/Drivers/STM32F4xx_HAL_Driver/Src/stm32f4xx_hal_flash_ex.c.obj
LOAD CMakeFiles/ProjetoFinalRFID.dir/Drivers/STM32F4xx_HAL_Driver/Src/stm32f4xx_hal_flash_ramfunc.c.obj
LOAD CMakeFiles/ProjetoFinalRFID.dir/Drivers/STM32F4xx_HAL_Driver/Src/stm32f4xx_hal_gpio.c.obj
LOAD CMakeFiles/ProjetoFinalRFID.dir/Drivers/STM32F4xx_HAL_Driver/Src/stm32f4xx_hal_dma_ex.c.obj
LOAD CMakeFiles/ProjetoFinalRFID.dir/Drivers/STM32F4xx_HAL_Driver/Src/stm32f4xx_hal_dma.c.obj
LOAD CMakeFiles/ProjetoFinalRFID.dir/Drivers/STM32F4xx_HAL_Driver/Src/stm32f4xx_hal_pwr.c.obj
LOAD CMakeFiles/ProjetoFinalRFID.dir/Drivers/STM32F4xx_HAL_Driver/Src/stm32f4xx_hal_pwr_ex.c.obj
LOAD CMakeFiles/ProjetoFinalRFID.dir/Drivers/STM32F4xx_HAL_Driver/Src/stm32f4xx_hal_cortex.c.obj
LOAD CMakeFiles/ProjetoFinalRFID.dir/Drivers/STM32F4xx_HAL_Driver/Src/stm32f4xx_hal.c.obj
LOAD CMakeFiles/ProjetoFinalRFID.dir/Drivers/STM32F4xx_HAL_Driver/Src/stm32f4xx_hal_exti.c.obj
LOAD CMakeFiles/ProjetoFinalRFID.dir/Drivers/STM32F4xx_HAL_Driver/Src/stm32f4xx_hal_tim.c.obj
LOAD CMakeFiles/ProjetoFinalRFID.dir/Drivers/STM32F4xx_HAL_Driver/Src/stm32f4xx_hal_tim_ex.c.obj
LOAD CMakeFiles/ProjetoFinalRFID.dir/Drivers/STM32F4xx_HAL_Driver/Src/stm32f4xx_hal_uart.c.obj
LOAD CMakeFiles/ProjetoFinalRFID.dir/Core/Src/system_stm32f4xx.c.obj
LOAD CMakeFiles/ProjetoFinalRFID.dir/Core/Src/sysmem.c.obj
LOAD CMakeFiles/ProjetoFinalRFID.dir/Core/Src/syscalls.c.obj
LOAD CMakeFiles/ProjetoFinalRFID.dir/startup_stm32f411xe.s.obj
START GROUP
LOAD C:/ST/STM32CubeCLT_1.16.0/GNU-tools-for-STM32/bin/../lib/gcc/arm-none-eabi/12.3.1/thumb/v7e-m+fp/hard\libgcc.a
LOAD C:/ST/STM32CubeCLT_1.16.0/GNU-tools-for-STM32/bin/../lib/gcc/arm-none-eabi/12.3.1/../../../../arm-none-eabi/lib/thumb/v7e-m+fp/hard\libg_nano.a
LOAD C:/ST/STM32CubeCLT_1.16.0/GNU-tools-for-STM32/bin/../lib/gcc/arm-none-eabi/12.3.1/../../../../arm-none-eabi/lib/thumb/v7e-m+fp/hard\libc_nano.a
END GROUP
START GROUP
LOAD C:/ST/STM32CubeCLT_1.16.0/GNU-tools-for-STM32/bin/../lib/gcc/arm-none-eabi/12.3.1/thumb/v7e-m+fp/hard\libgcc.a
LOAD C:/ST/STM32CubeCLT_1.16.0/GNU-tools-for-STM32/bin/../lib/gcc/arm-none-eabi/12.3.1/../../../../arm-none-eabi/lib/thumb/v7e-m+fp/hard\libc_nano.a
END GROUP
LOAD C:/ST/STM32CubeCLT_1.16.0/GNU-tools-for-STM32/bin/../lib/gcc/arm-none-eabi/12.3.1/thumb/v7e-m+fp/hard/crtend.o
LOAD C:/ST/STM32CubeCLT_1.16.0/GNU-tools-for-STM32/bin/../lib/gcc/arm-none-eabi/12.3.1/thumb/v7e-m+fp/hard/crtn.o
                0x20020000                        _estack = (ORIGIN (RAM) + LENGTH (RAM))
                0x00000200                        _Min_Heap_Size = 0x200
                0x00000400                        _Min_Stack_Size = 0x400

.isr_vector     0x08000000      0x198
                0x08000000                        . = ALIGN (0x4)
 *(.isr_vector)
 .isr_vector    0x08000000      0x198 CMakeFiles/ProjetoFinalRFID.dir/startup_stm32f411xe.s.obj
                0x08000000                g_pfnVectors
                0x08000198                        . = ALIGN (0x4)

.text           0x080001a0     0x374c
                0x080001a0                        . = ALIGN (0x4)
 *(.text)
 .text          0x080001a0       0x40 C:/ST/STM32CubeCLT_1.16.0/GNU-tools-for-STM32/bin/../lib/gcc/arm-none-eabi/12.3.1/thumb/v7e-m+fp/hard/crtbegin.o
 .text          0x080001e0       0x30 C:/ST/STM32CubeCLT_1.16.0/GNU-tools-for-STM32/bin/../lib/gcc/arm-none-eabi/12.3.1/thumb/v7e-m+fp/hard\libgcc.a(_aeabi_uldivmod.o)
                0x080001e0                __aeabi_uldivmod
 .text          0x08000210      0x2bc C:/ST/STM32CubeCLT_1.16.0/GNU-tools-for-STM32/bin/../lib/gcc/arm-none-eabi/12.3.1/thumb/v7e-m+fp/hard\libgcc.a(_udivmoddi4.o)
                0x08000210                __udivmoddi4
 .text          0x080004cc        0x4 C:/ST/STM32CubeCLT_1.16.0/GNU-tools-for-STM32/bin/../lib/gcc/arm-none-eabi/12.3.1/thumb/v7e-m+fp/hard\libgcc.a(_dvmd_tls.o)
                0x080004cc                __aeabi_idiv0
                0x080004cc                __aeabi_ldiv0
 .text          0x080004d0       0xa0 C:/ST/STM32CubeCLT_1.16.0/GNU-tools-for-STM32/bin/../lib/gcc/arm-none-eabi/12.3.1/../../../../arm-none-eabi/lib/thumb/v7e-m+fp/hard\libg_nano.a(libc_a-memchr.o)
                0x080004d0                memchr
 *(.text*)
 .text.std      0x08000570       0x6c C:/ST/STM32CubeCLT_1.16.0/GNU-tools-for-STM32/bin/../lib/gcc/arm-none-eabi/12.3.1/../../../../arm-none-eabi/lib/thumb/v7e-m+fp/hard\libc_nano.a(libc_a-findfp.o)
 .text.stdio_exit_handler
                0x080005dc       0x18 C:/ST/STM32CubeCLT_1.16.0/GNU-tools-for-STM32/bin/../lib/gcc/arm-none-eabi/12.3.1/../../../../arm-none-eabi/lib/thumb/v7e-m+fp/hard\libc_nano.a(libc_a-findfp.o)
 .text.cleanup_stdio
                0x080005f4       0x40 C:/ST/STM32CubeCLT_1.16.0/GNU-tools-for-STM32/bin/../lib/gcc/arm-none-eabi/12.3.1/../../../../arm-none-eabi/lib/thumb/v7e-m+fp/hard\libc_nano.a(libc_a-findfp.o)
 .text.global_stdio_init.part.0
                0x08000634       0x3c C:/ST/STM32CubeCLT_1.16.0/GNU-tools-for-STM32/bin/../lib/gcc/arm-none-eabi/12.3.1/../../../../arm-none-eabi/lib/thumb/v7e-m+fp/hard\libc_nano.a(libc_a-findfp.o)
 .text.__sfp_lock_acquire
                0x08000670        0xc C:/ST/STM32CubeCLT_1.16.0/GNU-tools-for-STM32/bin/../lib/gcc/arm-none-eabi/12.3.1/../../../../arm-none-eabi/lib/thumb/v7e-m+fp/hard\libc_nano.a(libc_a-findfp.o)
                0x08000670                __sfp_lock_acquire
 .text.__sfp_lock_release
                0x0800067c        0xc C:/ST/STM32CubeCLT_1.16.0/GNU-tools-for-STM32/bin/../lib/gcc/arm-none-eabi/12.3.1/../../../../arm-none-eabi/lib/thumb/v7e-m+fp/hard\libc_nano.a(libc_a-findfp.o)
                0x0800067c                __sfp_lock_release
 .text.__sinit  0x08000688       0x30 C:/ST/STM32CubeCLT_1.16.0/GNU-tools-for-STM32/bin/../lib/gcc/arm-none-eabi/12.3.1/../../../../arm-none-eabi/lib/thumb/v7e-m+fp/hard\libc_nano.a(libc_a-findfp.o)
                0x08000688                __sinit
 .text._fwalk_sglue
                0x080006b8       0x3c C:/ST/STM32CubeCLT_1.16.0/GNU-tools-for-STM32/bin/../lib/gcc/arm-none-eabi/12.3.1/../../../../arm-none-eabi/lib/thumb/v7e-m+fp/hard\libc_nano.a(libc_a-fwalk.o)
                0x080006b8                _fwalk_sglue
 .text.__sread  0x080006f4       0x22 C:/ST/STM32CubeCLT_1.16.0/GNU-tools-for-STM32/bin/../lib/gcc/arm-none-eabi/12.3.1/../../../../arm-none-eabi/lib/thumb/v7e-m+fp/hard\libc_nano.a(libc_a-stdio.o)
                0x080006f4                __sread
 .text.__swrite
                0x08000716       0x38 C:/ST/STM32CubeCLT_1.16.0/GNU-tools-for-STM32/bin/../lib/gcc/arm-none-eabi/12.3.1/../../../../arm-none-eabi/lib/thumb/v7e-m+fp/hard\libc_nano.a(libc_a-stdio.o)
                0x08000716                __swrite
 .text.__sseek  0x0800074e       0x24 C:/ST/STM32CubeCLT_1.16.0/GNU-tools-for-STM32/bin/../lib/gcc/arm-none-eabi/12.3.1/../../../../arm-none-eabi/lib/thumb/v7e-m+fp/hard\libc_nano.a(libc_a-stdio.o)
                0x0800074e                __sseek
 .text.__sclose
                0x08000772        0x8 C:/ST/STM32CubeCLT_1.16.0/GNU-tools-for-STM32/bin/../lib/gcc/arm-none-eabi/12.3.1/../../../../arm-none-eabi/lib/thumb/v7e-m+fp/hard\libc_nano.a(libc_a-stdio.o)
                0x08000772                __sclose
 .text.memset   0x0800077a       0x10 C:/ST/STM32CubeCLT_1.16.0/GNU-tools-for-STM32/bin/../lib/gcc/arm-none-eabi/12.3.1/../../../../arm-none-eabi/lib/thumb/v7e-m+fp/hard\libc_nano.a(libc_a-memset.o)
                0x0800077a                memset
 *fill*         0x0800078a        0x2 
 .text._close_r
                0x0800078c       0x20 C:/ST/STM32CubeCLT_1.16.0/GNU-tools-for-STM32/bin/../lib/gcc/arm-none-eabi/12.3.1/../../../../arm-none-eabi/lib/thumb/v7e-m+fp/hard\libc_nano.a(libc_a-closer.o)
                0x0800078c                _close_r
 .text._lseek_r
                0x080007ac       0x24 C:/ST/STM32CubeCLT_1.16.0/GNU-tools-for-STM32/bin/../lib/gcc/arm-none-eabi/12.3.1/../../../../arm-none-eabi/lib/thumb/v7e-m+fp/hard\libc_nano.a(libc_a-lseekr.o)
                0x080007ac                _lseek_r
 .text._read_r  0x080007d0       0x24 C:/ST/STM32CubeCLT_1.16.0/GNU-tools-for-STM32/bin/../lib/gcc/arm-none-eabi/12.3.1/../../../../arm-none-eabi/lib/thumb/v7e-m+fp/hard\libc_nano.a(libc_a-readr.o)
                0x080007d0                _read_r
 .text._write_r
                0x080007f4       0x24 C:/ST/STM32CubeCLT_1.16.0/GNU-tools-for-STM32/bin/../lib/gcc/arm-none-eabi/12.3.1/../../../../arm-none-eabi/lib/thumb/v7e-m+fp/hard\libc_nano.a(libc_a-writer.o)
                0x080007f4                _write_r
 .text.__libc_init_array
                0x08000818       0x48 C:/ST/STM32CubeCLT_1.16.0/GNU-tools-for-STM32/bin/../lib/gcc/arm-none-eabi/12.3.1/../../../../arm-none-eabi/lib/thumb/v7e-m+fp/hard\libc_nano.a(libc_a-init.o)
                0x08000818                __libc_init_array
 .text.__retarget_lock_init_recursive
                0x08000860        0x2 C:/ST/STM32CubeCLT_1.16.0/GNU-tools-for-STM32/bin/../lib/gcc/arm-none-eabi/12.3.1/../../../../arm-none-eabi/lib/thumb/v7e-m+fp/hard\libc_nano.a(libc_a-lock.o)
                0x08000860                __retarget_lock_init_recursive
 .text.__retarget_lock_acquire_recursive
                0x08000862        0x2 C:/ST/STM32CubeCLT_1.16.0/GNU-tools-for-STM32/bin/../lib/gcc/arm-none-eabi/12.3.1/../../../../arm-none-eabi/lib/thumb/v7e-m+fp/hard\libc_nano.a(libc_a-lock.o)
                0x08000862                __retarget_lock_acquire_recursive
 .text.__retarget_lock_release_recursive
                0x08000864        0x2 C:/ST/STM32CubeCLT_1.16.0/GNU-tools-for-STM32/bin/../lib/gcc/arm-none-eabi/12.3.1/../../../../arm-none-eabi/lib/thumb/v7e-m+fp/hard\libc_nano.a(libc_a-lock.o)
                0x08000864                __retarget_lock_release_recursive
 *fill*         0x08000866        0x2 
 .text._free_r  0x08000868       0x94 C:/ST/STM32CubeCLT_1.16.0/GNU-tools-for-STM32/bin/../lib/gcc/arm-none-eabi/12.3.1/../../../../arm-none-eabi/lib/thumb/v7e-m+fp/hard\libc_nano.a(libc_a-freer.o)
                0x08000868                _free_r
 .text.sbrk_aligned
                0x080008fc       0x44 C:/ST/STM32CubeCLT_1.16.0/GNU-tools-for-STM32/bin/../lib/gcc/arm-none-eabi/12.3.1/../../../../arm-none-eabi/lib/thumb/v7e-m+fp/hard\libc_nano.a(libc_a-mallocr.o)
 .text._malloc_r
                0x08000940      0x100 C:/ST/STM32CubeCLT_1.16.0/GNU-tools-for-STM32/bin/../lib/gcc/arm-none-eabi/12.3.1/../../../../arm-none-eabi/lib/thumb/v7e-m+fp/hard\libc_nano.a(libc_a-mallocr.o)
                0x08000940                _malloc_r
 .text.__malloc_lock
                0x08000a40        0xc C:/ST/STM32CubeCLT_1.16.0/GNU-tools-for-STM32/bin/../lib/gcc/arm-none-eabi/12.3.1/../../../../arm-none-eabi/lib/thumb/v7e-m+fp/hard\libc_nano.a(libc_a-mlock.o)
                0x08000a40                __malloc_lock
 .text.__malloc_unlock
                0x08000a4c        0xc C:/ST/STM32CubeCLT_1.16.0/GNU-tools-for-STM32/bin/../lib/gcc/arm-none-eabi/12.3.1/../../../../arm-none-eabi/lib/thumb/v7e-m+fp/hard\libc_nano.a(libc_a-mlock.o)
                0x08000a4c                __malloc_unlock
 .text.__sflush_r
                0x08000a58      0x108 C:/ST/STM32CubeCLT_1.16.0/GNU-tools-for-STM32/bin/../lib/gcc/arm-none-eabi/12.3.1/../../../../arm-none-eabi/lib/thumb/v7e-m+fp/hard\libc_nano.a(libc_a-fflush.o)
                0x08000a58                __sflush_r
 .text._fflush_r
                0x08000b60       0x50 C:/ST/STM32CubeCLT_1.16.0/GNU-tools-for-STM32/bin/../lib/gcc/arm-none-eabi/12.3.1/../../../../arm-none-eabi/lib/thumb/v7e-m+fp/hard\libc_nano.a(libc_a-fflush.o)
                0x08000b60                _fflush_r
 .text._sbrk_r  0x08000bb0       0x20 C:/ST/STM32CubeCLT_1.16.0/GNU-tools-for-STM32/bin/../lib/gcc/arm-none-eabi/12.3.1/../../../../arm-none-eabi/lib/thumb/v7e-m+fp/hard\libc_nano.a(libc_a-sbrkr.o)
                0x08000bb0                _sbrk_r
 .text.main     0x08000bd0       0x84 CMakeFiles/ProjetoFinalRFID.dir/Core/Src/main.c.obj
                0x08000bd0                main
 .text.SystemClock_Config
                0x08000c54       0xbc CMakeFiles/ProjetoFinalRFID.dir/Core/Src/main.c.obj
                0x08000c54                SystemClock_Config
 .text.MX_SPI1_Init
                0x08000d10       0x6c CMakeFiles/ProjetoFinalRFID.dir/Core/Src/main.c.obj
 .text.MX_USART2_UART_Init
                0x08000d7c       0x54 CMakeFiles/ProjetoFinalRFID.dir/Core/Src/main.c.obj
 .text.MX_GPIO_Init
                0x08000dd0       0xcc CMakeFiles/ProjetoFinalRFID.dir/Core/Src/main.c.obj
 .text.Error_Handler
                0x08000e9c        0xc CMakeFiles/ProjetoFinalRFID.dir/Core/Src/main.c.obj
                0x08000e9c                Error_Handler
 .text.RC522_SPI_Transfer
                0x08000ea8       0x2c CMakeFiles/ProjetoFinalRFID.dir/Core/Src/RC522.c.obj
                0x08000ea8                RC522_SPI_Transfer
 .text.Write_MFRC522
                0x08000ed4       0x4c CMakeFiles/ProjetoFinalRFID.dir/Core/Src/RC522.c.obj
                0x08000ed4                Write_MFRC522
 .text.Read_MFRC522
                0x08000f20       0x50 CMakeFiles/ProjetoFinalRFID.dir/Core/Src/RC522.c.obj
                0x08000f20                Read_MFRC522
 .text.SetBitMask
                0x08000f70       0x36 CMakeFiles/ProjetoFinalRFID.dir/Core/Src/RC522.c.obj
                0x08000f70                SetBitMask
 .text.ClearBitMask
                0x08000fa6       0x40 CMakeFiles/ProjetoFinalRFID.dir/Core/Src/RC522.c.obj
                0x08000fa6                ClearBitMask
 .text.AntennaOn
                0x08000fe6       0x16 CMakeFiles/ProjetoFinalRFID.dir/Core/Src/RC522.c.obj
                0x08000fe6                AntennaOn
 .text.MFRC522_Reset
                0x08000ffc       0x10 CMakeFiles/ProjetoFinalRFID.dir/Core/Src/RC522.c.obj
                0x08000ffc                MFRC522_Reset
 .text.MFRC522_Init
                0x0800100c       0x5c CMakeFiles/ProjetoFinalRFID.dir/Core/Src/RC522.c.obj
                0x0800100c                MFRC522_Init
 .text.MFRC522_ToCard
                0x08001068      0x192 CMakeFiles/ProjetoFinalRFID.dir/Core/Src/RC522.c.obj
                0x08001068                MFRC522_ToCard
 .text.MFRC522_Request
                0x080011fa       0x4a CMakeFiles/ProjetoFinalRFID.dir/Core/Src/RC522.c.obj
                0x080011fa                MFRC522_Request
 .text.MFRC522_Anticoll
                0x08001244       0x7a CMakeFiles/ProjetoFinalRFID.dir/Core/Src/RC522.c.obj
                0x08001244                MFRC522_Anticoll
 .text.NMI_Handler
                0x080012be        0x8 CMakeFiles/ProjetoFinalRFID.dir/Core/Src/stm32f4xx_it.c.obj
                0x080012be                NMI_Handler
 .text.HardFault_Handler
                0x080012c6        0x8 CMakeFiles/ProjetoFinalRFID.dir/Core/Src/stm32f4xx_it.c.obj
                0x080012c6                HardFault_Handler
 .text.MemManage_Handler
                0x080012ce        0x8 CMakeFiles/ProjetoFinalRFID.dir/Core/Src/stm32f4xx_it.c.obj
                0x080012ce                MemManage_Handler
 .text.BusFault_Handler
                0x080012d6        0x8 CMakeFiles/ProjetoFinalRFID.dir/Core/Src/stm32f4xx_it.c.obj
                0x080012d6                BusFault_Handler
 .text.UsageFault_Handler
                0x080012de        0x8 CMakeFiles/ProjetoFinalRFID.dir/Core/Src/stm32f4xx_it.c.obj
                0x080012de                UsageFault_Handler
 .text.SVC_Handler
                0x080012e6        0xe CMakeFiles/ProjetoFinalRFID.dir/Core/Src/stm32f4xx_it.c.obj
                0x080012e6                SVC_Handler
 .text.DebugMon_Handler
                0x080012f4        0xe CMakeFiles/ProjetoFinalRFID.dir/Core/Src/stm32f4xx_it.c.obj
                0x080012f4                DebugMon_Handler
 .text.PendSV_Handler
                0x08001302        0xe CMakeFiles/ProjetoFinalRFID.dir/Core/Src/stm32f4xx_it.c.obj
                0x08001302                PendSV_Handler
 .text.SysTick_Handler
                0x08001310        0xc CMakeFiles/ProjetoFinalRFID.dir/Core/Src/stm32f4xx_it.c.obj
                0x08001310                SysTick_Handler
 .text.HAL_MspInit
                0x0800131c       0x50 CMakeFiles/ProjetoFinalRFID.dir/Core/Src/stm32f4xx_hal_msp.c.obj
                0x0800131c                HAL_MspInit
 .text.HAL_SPI_MspInit
                0x0800136c       0x90 CMakeFiles/ProjetoFinalRFID.dir/Core/Src/stm32f4xx_hal_msp.c.obj
                0x0800136c                HAL_SPI_MspInit
 .text.HAL_UART_MspInit
                0x080013fc       0x90 CMakeFiles/ProjetoFinalRFID.dir/Core/Src/stm32f4xx_hal_msp.c.obj
                0x080013fc                HAL_UART_MspInit
 .text.HAL_SPI_Init
                0x0800148c      0x112 CMakeFiles/ProjetoFinalRFID.dir/Drivers/STM32F4xx_HAL_Driver/Src/stm32f4xx_hal_spi.c.obj
                0x0800148c                HAL_SPI_Init
 .text.HAL_SPI_TransmitReceive
                0x0800159e      0x352 CMakeFiles/ProjetoFinalRFID.dir/Drivers/STM32F4xx_HAL_Driver/Src/stm32f4xx_hal_spi.c.obj
                0x0800159e                HAL_SPI_TransmitReceive
 .text.SPI_WaitFlagStateUntilTimeout
                0x080018f0      0x110 CMakeFiles/ProjetoFinalRFID.dir/Drivers/STM32F4xx_HAL_Driver/Src/stm32f4xx_hal_spi.c.obj
 .text.SPI_EndRxTxTransaction
                0x08001a00       0xa8 CMakeFiles/ProjetoFinalRFID.dir/Drivers/STM32F4xx_HAL_Driver/Src/stm32f4xx_hal_spi.c.obj
 .text.HAL_RCC_OscConfig
                0x08001aa8      0x4f0 CMakeFiles/ProjetoFinalRFID.dir/Drivers/STM32F4xx_HAL_Driver/Src/stm32f4xx_hal_rcc.c.obj
                0x08001aa8                HAL_RCC_OscConfig
 .text.HAL_RCC_ClockConfig
                0x08001f98      0x1cc CMakeFiles/ProjetoFinalRFID.dir/Drivers/STM32F4xx_HAL_Driver/Src/stm32f4xx_hal_rcc.c.obj
                0x08001f98                HAL_RCC_ClockConfig
 .text.HAL_RCC_GetSysClockFreq
                0x08002164      0x18c CMakeFiles/ProjetoFinalRFID.dir/Drivers/STM32F4xx_HAL_Driver/Src/stm32f4xx_hal_rcc.c.obj
                0x08002164                HAL_RCC_GetSysClockFreq
 .text.HAL_RCC_GetHCLKFreq
                0x080022f0       0x18 CMakeFiles/ProjetoFinalRFID.dir/Drivers/STM32F4xx_HAL_Driver/Src/stm32f4xx_hal_rcc.c.obj
                0x080022f0                HAL_RCC_GetHCLKFreq
 .text.HAL_RCC_GetPCLK1Freq
                0x08002308       0x28 CMakeFiles/ProjetoFinalRFID.dir/Drivers/STM32F4xx_HAL_Driver/Src/stm32f4xx_hal_rcc.c.obj
                0x08002308                HAL_RCC_GetPCLK1Freq
 .text.HAL_RCC_GetPCLK2Freq
                0x08002330       0x28 CMakeFiles/ProjetoFinalRFID.dir/Drivers/STM32F4xx_HAL_Driver/Src/stm32f4xx_hal_rcc.c.obj
                0x08002330                HAL_RCC_GetPCLK2Freq
 .text.HAL_GPIO_Init
                0x08002358      0x308 CMakeFiles/ProjetoFinalRFID.dir/Drivers/STM32F4xx_HAL_Driver/Src/stm32f4xx_hal_gpio.c.obj
                0x08002358                HAL_GPIO_Init
 .text.HAL_GPIO_WritePin
                0x08002660       0x32 CMakeFiles/ProjetoFinalRFID.dir/Drivers/STM32F4xx_HAL_Driver/Src/stm32f4xx_hal_gpio.c.obj
                0x08002660                HAL_GPIO_WritePin
 *fill*         0x08002692        0x2 
 .text.__NVIC_SetPriorityGrouping
                0x08002694       0x48 CMakeFiles/ProjetoFinalRFID.dir/Drivers/STM32F4xx_HAL_Driver/Src/stm32f4xx_hal_cortex.c.obj
 .text.__NVIC_GetPriorityGrouping
                0x080026dc       0x1c CMakeFiles/ProjetoFinalRFID.dir/Drivers/STM32F4xx_HAL_Driver/Src/stm32f4xx_hal_cortex.c.obj
 .text.__NVIC_SetPriority
                0x080026f8       0x54 CMakeFiles/ProjetoFinalRFID.dir/Drivers/STM32F4xx_HAL_Driver/Src/stm32f4xx_hal_cortex.c.obj
 .text.NVIC_EncodePriority
                0x0800274c       0x66 CMakeFiles/ProjetoFinalRFID.dir/Drivers/STM32F4xx_HAL_Driver/Src/stm32f4xx_hal_cortex.c.obj
 *fill*         0x080027b2        0x2 
 .text.SysTick_Config
                0x080027b4       0x44 CMakeFiles/ProjetoFinalRFID.dir/Drivers/STM32F4xx_HAL_Driver/Src/stm32f4xx_hal_cortex.c.obj
 .text.HAL_NVIC_SetPriorityGrouping
                0x080027f8       0x16 CMakeFiles/ProjetoFinalRFID.dir/Drivers/STM32F4xx_HAL_Driver/Src/stm32f4xx_hal_cortex.c.obj
                0x080027f8                HAL_NVIC_SetPriorityGrouping
 .text.HAL_NVIC_SetPriority
                0x0800280e       0x38 CMakeFiles/ProjetoFinalRFID.dir/Drivers/STM32F4xx_HAL_Driver/Src/stm32f4xx_hal_cortex.c.obj
                0x0800280e                HAL_NVIC_SetPriority
 .text.HAL_SYSTICK_Config
                0x08002846       0x18 CMakeFiles/ProjetoFinalRFID.dir/Drivers/STM32F4xx_HAL_Driver/Src/stm32f4xx_hal_cortex.c.obj
                0x08002846                HAL_SYSTICK_Config
 *fill*         0x0800285e        0x2 
 .text.HAL_Init
                0x08002860       0x44 CMakeFiles/ProjetoFinalRFID.dir/Drivers/STM32F4xx_HAL_Driver/Src/stm32f4xx_hal.c.obj
                0x08002860                HAL_Init
 .text.HAL_InitTick
                0x080028a4       0x60 CMakeFiles/ProjetoFinalRFID.dir/Drivers/STM32F4xx_HAL_Driver/Src/stm32f4xx_hal.c.obj
                0x080028a4                HAL_InitTick
 .text.HAL_IncTick
                0x08002904       0x28 CMakeFiles/ProjetoFinalRFID.dir/Drivers/STM32F4xx_HAL_Driver/Src/stm32f4xx_hal.c.obj
                0x08002904                HAL_IncTick
 .text.HAL_GetTick
                0x0800292c       0x18 CMakeFiles/ProjetoFinalRFID.dir/Drivers/STM32F4xx_HAL_Driver/Src/stm32f4xx_hal.c.obj
                0x0800292c                HAL_GetTick
 .text.HAL_Delay
                0x08002944       0x48 CMakeFiles/ProjetoFinalRFID.dir/Drivers/STM32F4xx_HAL_Driver/Src/stm32f4xx_hal.c.obj
                0x08002944                HAL_Delay
 .text.HAL_UART_Init
                0x0800298c       0xa0 CMakeFiles/ProjetoFinalRFID.dir/Drivers/STM32F4xx_HAL_Driver/Src/stm32f4xx_hal_uart.c.obj
                0x0800298c                HAL_UART_Init
 .text.UART_SetConfig
                0x08002a2c      0x4e8 CMakeFiles/ProjetoFinalRFID.dir/Drivers/STM32F4xx_HAL_Driver/Src/stm32f4xx_hal_uart.c.obj
 .text.SystemInit
                0x08002f14       0x24 CMakeFiles/ProjetoFinalRFID.dir/Core/Src/system_stm32f4xx.c.obj
                0x08002f14                SystemInit
 .text._sbrk    0x08002f38       0x6c CMakeFiles/ProjetoFinalRFID.dir/Core/Src/sysmem.c.obj
                0x08002f38                _sbrk
 .text._read    0x08002fa4       0x3a CMakeFiles/ProjetoFinalRFID.dir/Core/Src/syscalls.c.obj
                0x08002fa4                _read
 .text._write   0x08002fde       0x38 CMakeFiles/ProjetoFinalRFID.dir/Core/Src/syscalls.c.obj
                0x08002fde                _write
 .text._close   0x08003016       0x18 CMakeFiles/ProjetoFinalRFID.dir/Core/Src/syscalls.c.obj
                0x08003016                _close
 .text._fstat   0x0800302e       0x20 CMakeFiles/ProjetoFinalRFID.dir/Core/Src/syscalls.c.obj
                0x0800302e                _fstat
 .text._isatty  0x0800304e       0x16 CMakeFiles/ProjetoFinalRFID.dir/Core/Src/syscalls.c.obj
                0x0800304e                _isatty
 .text._lseek   0x08003064       0x1a CMakeFiles/ProjetoFinalRFID.dir/Core/Src/syscalls.c.obj
                0x08003064                _lseek
 *fill*         0x0800307e        0x2 
 .text.Reset_Handler
                0x08003080       0x50 CMakeFiles/ProjetoFinalRFID.dir/startup_stm32f411xe.s.obj
                0x08003080                Reset_Handler
 .text.Default_Handler
                0x080030d0        0x2 CMakeFiles/ProjetoFinalRFID.dir/startup_stm32f411xe.s.obj
                0x080030d0                RTC_Alarm_IRQHandler
                0x080030d0                EXTI2_IRQHandler
                0x080030d0                SPI4_IRQHandler
                0x080030d0                TIM1_CC_IRQHandler
                0x080030d0                DMA2_Stream5_IRQHandler
                0x080030d0                DMA1_Stream5_IRQHandler
                0x080030d0                PVD_IRQHandler
                0x080030d0                SDIO_IRQHandler
                0x080030d0                TAMP_STAMP_IRQHandler
                0x080030d0                EXTI3_IRQHandler
                0x080030d0                TIM1_UP_TIM10_IRQHandler
                0x080030d0                I2C3_ER_IRQHandler
                0x080030d0                EXTI0_IRQHandler
                0x080030d0                I2C2_EV_IRQHandler
                0x080030d0                DMA1_Stream2_IRQHandler
                0x080030d0                FPU_IRQHandler
                0x080030d0                DMA2_Stream2_IRQHandler
                0x080030d0                SPI1_IRQHandler
                0x080030d0                TIM1_BRK_TIM9_IRQHandler
                0x080030d0                DMA2_Stream3_IRQHandler
                0x080030d0                USART6_IRQHandler
                0x080030d0                DMA2_Stream0_IRQHandler
                0x080030d0                TIM4_IRQHandler
                0x080030d0                I2C1_EV_IRQHandler
                0x080030d0                DMA1_Stream6_IRQHandler
                0x080030d0                DMA1_Stream1_IRQHandler
                0x080030d0                TIM3_IRQHandler
                0x080030d0                RCC_IRQHandler
                0x080030d0                Default_Handler
                0x080030d0                EXTI15_10_IRQHandler
                0x080030d0                ADC_IRQHandler
                0x080030d0                DMA1_Stream7_IRQHandler
                0x080030d0                SPI5_IRQHandler
                0x080030d0                TIM5_IRQHandler
                0x080030d0                DMA2_Stream7_IRQHandler
                0x080030d0                I2C3_EV_IRQHandler
                0x080030d0                EXTI9_5_IRQHandler
                0x080030d0                RTC_WKUP_IRQHandler
                0x080030d0                SPI2_IRQHandler
                0x080030d0                DMA1_Stream0_IRQHandler
                0x080030d0                EXTI4_IRQHandler
                0x080030d0                WWDG_IRQHandler
                0x080030d0                TIM2_IRQHandler
                0x080030d0                OTG_FS_WKUP_IRQHandler
                0x080030d0                TIM1_TRG_COM_TIM11_IRQHandler
                0x080030d0                EXTI1_IRQHandler
                0x080030d0                USART2_IRQHandler
                0x080030d0                I2C2_ER_IRQHandler
                0x080030d0                DMA2_Stream1_IRQHandler
                0x080030d0                FLASH_IRQHandler
                0x080030d0                DMA2_Stream4_IRQHandler
                0x080030d0                USART1_IRQHandler
                0x080030d0                OTG_FS_IRQHandler
                0x080030d0                SPI3_IRQHandler
                0x080030d0                DMA1_Stream4_IRQHandler
                0x080030d0                I2C1_ER_IRQHandler
                0x080030d0                DMA2_Stream6_IRQHandler
                0x080030d0                DMA1_Stream3_IRQHandler
 *fill*         0x080030d2        0x2 
 .text.printf   0x080030d4       0x24 C:/ST/STM32CubeCLT_1.16.0/GNU-tools-for-STM32/bin/../lib/gcc/arm-none-eabi/12.3.1/../../../../arm-none-eabi/lib/thumb/v7e-m+fp/hard\libg_nano.a(libc_a-printf.o)
                0x080030d4                iprintf
                0x080030d4                printf
 .text.__errno  0x080030f8        0xc C:/ST/STM32CubeCLT_1.16.0/GNU-tools-for-STM32/bin/../lib/gcc/arm-none-eabi/12.3.1/../../../../arm-none-eabi/lib/thumb/v7e-m+fp/hard\libg_nano.a(libc_a-errno.o)
                0x080030f8                __errno
 .text.__sfputc_r
                0x08003104       0x2e C:/ST/STM32CubeCLT_1.16.0/GNU-tools-for-STM32/bin/../lib/gcc/arm-none-eabi/12.3.1/../../../../arm-none-eabi/lib/thumb/v7e-m+fp/hard\libg_nano.a(libc_a-nano-vfprintf.o)
 .text.__sfputs_r
                0x08003132       0x24 C:/ST/STM32CubeCLT_1.16.0/GNU-tools-for-STM32/bin/../lib/gcc/arm-none-eabi/12.3.1/../../../../arm-none-eabi/lib/thumb/v7e-m+fp/hard\libg_nano.a(libc_a-nano-vfprintf.o)
                0x08003132                __sfputs_r
 *fill*         0x08003156        0x2 
 .text._vfprintf_r
                0x08003158      0x230 C:/ST/STM32CubeCLT_1.16.0/GNU-tools-for-STM32/bin/../lib/gcc/arm-none-eabi/12.3.1/../../../../arm-none-eabi/lib/thumb/v7e-m+fp/hard\libg_nano.a(libc_a-nano-vfprintf.o)
                0x08003158                _vfprintf_r
                0x08003158                _vfiprintf_r
 .text._printf_common
                0x08003388       0xda C:/ST/STM32CubeCLT_1.16.0/GNU-tools-for-STM32/bin/../lib/gcc/arm-none-eabi/12.3.1/../../../../arm-none-eabi/lib/thumb/v7e-m+fp/hard\libg_nano.a(libc_a-nano-vfprintf_i.o)
                0x08003388                _printf_common
 *fill*         0x08003462        0x2 
 .text._printf_i
                0x08003464      0x240 C:/ST/STM32CubeCLT_1.16.0/GNU-tools-for-STM32/bin/../lib/gcc/arm-none-eabi/12.3.1/../../../../arm-none-eabi/lib/thumb/v7e-m+fp/hard\libg_nano.a(libc_a-nano-vfprintf_i.o)
                0x08003464                _printf_i
 .text.__swbuf_r
                0x080036a4       0x7c C:/ST/STM32CubeCLT_1.16.0/GNU-tools-for-STM32/bin/../lib/gcc/arm-none-eabi/12.3.1/../../../../arm-none-eabi/lib/thumb/v7e-m+fp/hard\libg_nano.a(libc_a-wbuf.o)
                0x080036a4                __swbuf_r
 .text.__swsetup_r
                0x08003720       0xac C:/ST/STM32CubeCLT_1.16.0/GNU-tools-for-STM32/bin/../lib/gcc/arm-none-eabi/12.3.1/../../../../arm-none-eabi/lib/thumb/v7e-m+fp/hard\libg_nano.a(libc_a-wsetup.o)
                0x08003720                __swsetup_r
 .text.__swhatbuf_r
                0x080037cc       0x4c C:/ST/STM32CubeCLT_1.16.0/GNU-tools-for-STM32/bin/../lib/gcc/arm-none-eabi/12.3.1/../../../../arm-none-eabi/lib/thumb/v7e-m+fp/hard\libg_nano.a(libc_a-makebuf.o)
                0x080037cc                __swhatbuf_r
 .text.__smakebuf_r
                0x08003818       0x78 C:/ST/STM32CubeCLT_1.16.0/GNU-tools-for-STM32/bin/../lib/gcc/arm-none-eabi/12.3.1/../../../../arm-none-eabi/lib/thumb/v7e-m+fp/hard\libg_nano.a(libc_a-makebuf.o)
                0x08003818                __smakebuf_r
 .text._fstat_r
                0x08003890       0x24 C:/ST/STM32CubeCLT_1.16.0/GNU-tools-for-STM32/bin/../lib/gcc/arm-none-eabi/12.3.1/../../../../arm-none-eabi/lib/thumb/v7e-m+fp/hard\libg_nano.a(libc_a-fstatr.o)
                0x08003890                _fstat_r
 .text._isatty_r
                0x080038b4       0x20 C:/ST/STM32CubeCLT_1.16.0/GNU-tools-for-STM32/bin/../lib/gcc/arm-none-eabi/12.3.1/../../../../arm-none-eabi/lib/thumb/v7e-m+fp/hard\libg_nano.a(libc_a-isattyr.o)
                0x080038b4                _isatty_r
 *(.glue_7)
 .glue_7        0x080038d4        0x0 linker stubs
 *(.glue_7t)
 .glue_7t       0x080038d4        0x0 linker stubs
 *(.eh_frame)
 .eh_frame      0x080038d4        0x0 C:/ST/STM32CubeCLT_1.16.0/GNU-tools-for-STM32/bin/../lib/gcc/arm-none-eabi/12.3.1/thumb/v7e-m+fp/hard/crtbegin.o
 *(.init)
 .init          0x080038d4        0x4 C:/ST/STM32CubeCLT_1.16.0/GNU-tools-for-STM32/bin/../lib/gcc/arm-none-eabi/12.3.1/thumb/v7e-m+fp/hard/crti.o
                0x080038d4                _init
 .init          0x080038d8        0x8 C:/ST/STM32CubeCLT_1.16.0/GNU-tools-for-STM32/bin/../lib/gcc/arm-none-eabi/12.3.1/thumb/v7e-m+fp/hard/crtn.o
 *(.fini)
 .fini          0x080038e0        0x4 C:/ST/STM32CubeCLT_1.16.0/GNU-tools-for-STM32/bin/../lib/gcc/arm-none-eabi/12.3.1/thumb/v7e-m+fp/hard/crti.o
                0x080038e0                _fini
 .fini          0x080038e4        0x8 C:/ST/STM32CubeCLT_1.16.0/GNU-tools-for-STM32/bin/../lib/gcc/arm-none-eabi/12.3.1/thumb/v7e-m+fp/hard/crtn.o
                0x080038ec                        . = ALIGN (0x4)
                0x080038ec                        _etext = .

.vfp11_veneer   0x080038ec        0x0
 .vfp11_veneer  0x080038ec        0x0 linker stubs

.v4_bx          0x080038ec        0x0
 .v4_bx         0x080038ec        0x0 linker stubs

.iplt           0x080038ec        0x0
 .iplt          0x080038ec        0x0 C:/ST/STM32CubeCLT_1.16.0/GNU-tools-for-STM32/bin/../lib/gcc/arm-none-eabi/12.3.1/thumb/v7e-m+fp/hard/crtbegin.o

.rodata         0x080038ec       0x78
                0x080038ec                        . = ALIGN (0x4)
 *(.rodata)
 .rodata        0x080038ec       0x2c CMakeFiles/ProjetoFinalRFID.dir/Core/Src/main.c.obj
 *(.rodata*)
 .rodata.AHBPrescTable
                0x08003918       0x10 CMakeFiles/ProjetoFinalRFID.dir/Core/Src/system_stm32f4xx.c.obj
                0x08003918                AHBPrescTable
 .rodata.APBPrescTable
                0x08003928        0x8 CMakeFiles/ProjetoFinalRFID.dir/Core/Src/system_stm32f4xx.c.obj
                0x08003928                APBPrescTable
 .rodata._vfprintf_r.str1.1
                0x08003930       0x11 C:/ST/STM32CubeCLT_1.16.0/GNU-tools-for-STM32/bin/../lib/gcc/arm-none-eabi/12.3.1/../../../../arm-none-eabi/lib/thumb/v7e-m+fp/hard\libg_nano.a(libc_a-nano-vfprintf.o)
 .rodata._printf_i.str1.1
                0x08003941       0x22 C:/ST/STM32CubeCLT_1.16.0/GNU-tools-for-STM32/bin/../lib/gcc/arm-none-eabi/12.3.1/../../../../arm-none-eabi/lib/thumb/v7e-m+fp/hard\libg_nano.a(libc_a-nano-vfprintf_i.o)
                0x08003964                        . = ALIGN (0x4)
 *fill*         0x08003963        0x1 

.ARM.extab
 *(.ARM.extab* .gnu.linkonce.armextab.*)

.ARM            0x08003964        0x8
                0x08003964                        __exidx_start = .
 *(.ARM.exidx*)
 .ARM.exidx     0x08003964        0x8 C:/ST/STM32CubeCLT_1.16.0/GNU-tools-for-STM32/bin/../lib/gcc/arm-none-eabi/12.3.1/thumb/v7e-m+fp/hard\libgcc.a(_udivmoddi4.o)
 .ARM.exidx     0x0800396c        0x0 C:/ST/STM32CubeCLT_1.16.0/GNU-tools-for-STM32/bin/../lib/gcc/arm-none-eabi/12.3.1/../../../../arm-none-eabi/lib/thumb/v7e-m+fp/hard\libg_nano.a(libc_a-memchr.o)
                                  0x8 (size before relaxing)
                0x0800396c                        __exidx_end = .

.rel.dyn        0x0800396c        0x0
 .rel.iplt      0x0800396c        0x0 C:/ST/STM32CubeCLT_1.16.0/GNU-tools-for-STM32/bin/../lib/gcc/arm-none-eabi/12.3.1/thumb/v7e-m+fp/hard/crtbegin.o

.preinit_array  0x0800396c        0x0
                0x0800396c                        PROVIDE (__preinit_array_start = .)
 *(.preinit_array*)
                0x0800396c                        PROVIDE (__preinit_array_end = .)

.init_array     0x0800396c        0x4
                0x0800396c                        PROVIDE (__init_array_start = .)
 *(SORT_BY_NAME(.init_array.*))
 *(.init_array*)
 .init_array    0x0800396c        0x4 C:/ST/STM32CubeCLT_1.16.0/GNU-tools-for-STM32/bin/../lib/gcc/arm-none-eabi/12.3.1/thumb/v7e-m+fp/hard/crtbegin.o
                0x08003970                        PROVIDE (__init_array_end = .)

.fini_array     0x08003970        0x4
                [!provide]                        PROVIDE (__fini_array_start = .)
 *(SORT_BY_NAME(.fini_array.*))
 *(.fini_array*)
 .fini_array    0x08003970        0x4 C:/ST/STM32CubeCLT_1.16.0/GNU-tools-for-STM32/bin/../lib/gcc/arm-none-eabi/12.3.1/thumb/v7e-m+fp/hard/crtbegin.o
                [!provide]                        PROVIDE (__fini_array_end = .)
                0x08003974                        _sidata = LOADADDR (.data)

.data           0x20000000       0x68 load address 0x08003974
                0x20000000                        . = ALIGN (0x4)
                0x20000000                        _sdata = .
 *(.data)
 *(.data*)
 .data.__sglue  0x20000000        0xc C:/ST/STM32CubeCLT_1.16.0/GNU-tools-for-STM32/bin/../lib/gcc/arm-none-eabi/12.3.1/../../../../arm-none-eabi/lib/thumb/v7e-m+fp/hard\libc_nano.a(libc_a-findfp.o)
                0x20000000                __sglue
 .data._impure_ptr
                0x2000000c        0x4 C:/ST/STM32CubeCLT_1.16.0/GNU-tools-for-STM32/bin/../lib/gcc/arm-none-eabi/12.3.1/../../../../arm-none-eabi/lib/thumb/v7e-m+fp/hard\libc_nano.a(libc_a-impure.o)
                0x2000000c                _impure_ptr
 .data._impure_data
                0x20000010       0x4c C:/ST/STM32CubeCLT_1.16.0/GNU-tools-for-STM32/bin/../lib/gcc/arm-none-eabi/12.3.1/../../../../arm-none-eabi/lib/thumb/v7e-m+fp/hard\libc_nano.a(libc_a-impure.o)
                0x20000010                _impure_data
 .data.uwTickPrio
                0x2000005c        0x4 CMakeFiles/ProjetoFinalRFID.dir/Drivers/STM32F4xx_HAL_Driver/Src/stm32f4xx_hal.c.obj
                0x2000005c                uwTickPrio
 .data.uwTickFreq
                0x20000060        0x1 CMakeFiles/ProjetoFinalRFID.dir/Drivers/STM32F4xx_HAL_Driver/Src/stm32f4xx_hal.c.obj
                0x20000060                uwTickFreq
 *fill*         0x20000061        0x3 
 .data.SystemCoreClock
                0x20000064        0x4 CMakeFiles/ProjetoFinalRFID.dir/Core/Src/system_stm32f4xx.c.obj
                0x20000064                SystemCoreClock
                0x20000068                        . = ALIGN (0x4)
                0x20000068                        _edata = .

.igot.plt       0x20000068        0x0 load address 0x080039dc
 .igot.plt      0x20000068        0x0 C:/ST/STM32CubeCLT_1.16.0/GNU-tools-for-STM32/bin/../lib/gcc/arm-none-eabi/12.3.1/thumb/v7e-m+fp/hard/crtbegin.o

.bss            0x20000068      0x22c load address 0x080039dc
                0x20000068                        _sbss = .
                0x20000068                        __bss_start__ = _sbss
 *(.bss)
 .bss           0x20000068       0x1c C:/ST/STM32CubeCLT_1.16.0/GNU-tools-for-STM32/bin/../lib/gcc/arm-none-eabi/12.3.1/thumb/v7e-m+fp/hard/crtbegin.o
 *(.bss*)
 .bss.__sf      0x20000084      0x138 C:/ST/STM32CubeCLT_1.16.0/GNU-tools-for-STM32/bin/../lib/gcc/arm-none-eabi/12.3.1/../../../../arm-none-eabi/lib/thumb/v7e-m+fp/hard\libc_nano.a(libc_a-findfp.o)
                0x20000084                __sf
 .bss.__stdio_exit_handler
                0x200001bc        0x4 C:/ST/STM32CubeCLT_1.16.0/GNU-tools-for-STM32/bin/../lib/gcc/arm-none-eabi/12.3.1/../../../../arm-none-eabi/lib/thumb/v7e-m+fp/hard\libc_nano.a(libc_a-findfp.o)
                0x200001bc                __stdio_exit_handler
 .bss.errno     0x200001c0        0x4 C:/ST/STM32CubeCLT_1.16.0/GNU-tools-for-STM32/bin/../lib/gcc/arm-none-eabi/12.3.1/../../../../arm-none-eabi/lib/thumb/v7e-m+fp/hard\libc_nano.a(libc_a-reent.o)
                0x200001c0                errno
 .bss.__lock___malloc_recursive_mutex
                0x200001c4        0x1 C:/ST/STM32CubeCLT_1.16.0/GNU-tools-for-STM32/bin/../lib/gcc/arm-none-eabi/12.3.1/../../../../arm-none-eabi/lib/thumb/v7e-m+fp/hard\libc_nano.a(libc_a-lock.o)
                0x200001c4                __lock___malloc_recursive_mutex
 .bss.__lock___sfp_recursive_mutex
                0x200001c5        0x1 C:/ST/STM32CubeCLT_1.16.0/GNU-tools-for-STM32/bin/../lib/gcc/arm-none-eabi/12.3.1/../../../../arm-none-eabi/lib/thumb/v7e-m+fp/hard\libc_nano.a(libc_a-lock.o)
                0x200001c5                __lock___sfp_recursive_mutex
 *fill*         0x200001c6        0x2 
 .bss.__malloc_sbrk_start
                0x200001c8        0x4 C:/ST/STM32CubeCLT_1.16.0/GNU-tools-for-STM32/bin/../lib/gcc/arm-none-eabi/12.3.1/../../../../arm-none-eabi/lib/thumb/v7e-m+fp/hard\libc_nano.a(libc_a-mallocr.o)
                0x200001c8                __malloc_sbrk_start
 .bss.__malloc_free_list
                0x200001cc        0x4 C:/ST/STM32CubeCLT_1.16.0/GNU-tools-for-STM32/bin/../lib/gcc/arm-none-eabi/12.3.1/../../../../arm-none-eabi/lib/thumb/v7e-m+fp/hard\libc_nano.a(libc_a-mallocr.o)
                0x200001cc                __malloc_free_list
 .bss.hspi1     0x200001d0       0x58 CMakeFiles/ProjetoFinalRFID.dir/Core/Src/main.c.obj
                0x200001d0                hspi1
 .bss.huart2    0x20000228       0x48 CMakeFiles/ProjetoFinalRFID.dir/Core/Src/main.c.obj
                0x20000228                huart2
 .bss.status    0x20000270        0x1 CMakeFiles/ProjetoFinalRFID.dir/Core/Src/main.c.obj
                0x20000270                status
 *fill*         0x20000271        0x3 
 .bss.str       0x20000274       0x10 CMakeFiles/ProjetoFinalRFID.dir/Core/Src/main.c.obj
                0x20000274                str
 .bss.sNum      0x20000284        0x5 CMakeFiles/ProjetoFinalRFID.dir/Core/Src/main.c.obj
                0x20000284                sNum
 *fill*         0x20000289        0x3 
 .bss.uwTick    0x2000028c        0x4 CMakeFiles/ProjetoFinalRFID.dir/Drivers/STM32F4xx_HAL_Driver/Src/stm32f4xx_hal.c.obj
                0x2000028c                uwTick
 .bss.__sbrk_heap_end
                0x20000290        0x4 CMakeFiles/ProjetoFinalRFID.dir/Core/Src/sysmem.c.obj
 *(COMMON)
                0x20000294                        . = ALIGN (0x4)
                0x20000294                        _ebss = .
                0x20000294                        __bss_end__ = _ebss

._user_heap_stack
                0x20000294      0x604 load address 0x080039dc
                0x20000298                        . = ALIGN (0x8)
 *fill*         0x20000294        0x4 
                [!provide]                        PROVIDE (end = .)
                0x20000298                        PROVIDE (_end = .)
                0x20000498                        . = (. + _Min_Heap_Size)
 *fill*         0x20000298      0x200 
                0x20000898                        . = (. + _Min_Stack_Size)
 *fill*         0x20000498      0x400 
                0x20000898                        . = ALIGN (0x8)

/DISCARD/
 libc.a(*)
 libm.a(*)
 libgcc.a(*)
OUTPUT(ProjetoFinalRFID.elf elf32-littlearm)
LOAD linker stubs
LOAD C:/ST/STM32CubeCLT_1.16.0/GNU-tools-for-STM32/bin/../lib/gcc/arm-none-eabi/12.3.1/../../../../arm-none-eabi/lib/thumb/v7e-m+fp/hard\libc.a
LOAD C:/ST/STM32CubeCLT_1.16.0/GNU-tools-for-STM32/bin/../lib/gcc/arm-none-eabi/12.3.1/../../../../arm-none-eabi/lib/thumb/v7e-m+fp/hard\libm.a
LOAD C:/ST/STM32CubeCLT_1.16.0/GNU-tools-for-STM32/bin/../lib/gcc/arm-none-eabi/12.3.1/thumb/v7e-m+fp/hard\libgcc.a

.ARM.attributes
                0x00000000       0x30
 .ARM.attributes
                0x00000000       0x22 C:/ST/STM32CubeCLT_1.16.0/GNU-tools-for-STM32/bin/../lib/gcc/arm-none-eabi/12.3.1/thumb/v7e-m+fp/hard/crti.o
 .ARM.attributes
                0x00000022       0x34 C:/ST/STM32CubeCLT_1.16.0/GNU-tools-for-STM32/bin/../lib/gcc/arm-none-eabi/12.3.1/thumb/v7e-m+fp/hard/crtbegin.o
 .ARM.attributes
                0x00000056       0x34 C:/ST/STM32CubeCLT_1.16.0/GNU-tools-for-STM32/bin/../lib/gcc/arm-none-eabi/12.3.1/../../../../arm-none-eabi/lib/thumb/v7e-m+fp/hard\libc_nano.a(libc_a-findfp.o)
 .ARM.attributes
                0x0000008a       0x34 C:/ST/STM32CubeCLT_1.16.0/GNU-tools-for-STM32/bin/../lib/gcc/arm-none-eabi/12.3.1/../../../../arm-none-eabi/lib/thumb/v7e-m+fp/hard\libc_nano.a(libc_a-fwalk.o)
 .ARM.attributes
                0x000000be       0x34 C:/ST/STM32CubeCLT_1.16.0/GNU-tools-for-STM32/bin/../lib/gcc/arm-none-eabi/12.3.1/../../../../arm-none-eabi/lib/thumb/v7e-m+fp/hard\libc_nano.a(libc_a-stdio.o)
 .ARM.attributes
                0x000000f2       0x34 C:/ST/STM32CubeCLT_1.16.0/GNU-tools-for-STM32/bin/../lib/gcc/arm-none-eabi/12.3.1/../../../../arm-none-eabi/lib/thumb/v7e-m+fp/hard\libc_nano.a(libc_a-memset.o)
 .ARM.attributes
                0x00000126       0x34 C:/ST/STM32CubeCLT_1.16.0/GNU-tools-for-STM32/bin/../lib/gcc/arm-none-eabi/12.3.1/../../../../arm-none-eabi/lib/thumb/v7e-m+fp/hard\libc_nano.a(libc_a-closer.o)
 .ARM.attributes
                0x0000015a       0x34 C:/ST/STM32CubeCLT_1.16.0/GNU-tools-for-STM32/bin/../lib/gcc/arm-none-eabi/12.3.1/../../../../arm-none-eabi/lib/thumb/v7e-m+fp/hard\libc_nano.a(libc_a-reent.o)
 .ARM.attributes
                0x0000018e       0x34 C:/ST/STM32CubeCLT_1.16.0/GNU-tools-for-STM32/bin/../lib/gcc/arm-none-eabi/12.3.1/../../../../arm-none-eabi/lib/thumb/v7e-m+fp/hard\libc_nano.a(libc_a-impure.o)
 .ARM.attributes
                0x000001c2       0x34 C:/ST/STM32CubeCLT_1.16.0/GNU-tools-for-STM32/bin/../lib/gcc/arm-none-eabi/12.3.1/../../../../arm-none-eabi/lib/thumb/v7e-m+fp/hard\libc_nano.a(libc_a-lseekr.o)
 .ARM.attributes
                0x000001f6       0x34 C:/ST/STM32CubeCLT_1.16.0/GNU-tools-for-STM32/bin/../lib/gcc/arm-none-eabi/12.3.1/../../../../arm-none-eabi/lib/thumb/v7e-m+fp/hard\libc_nano.a(libc_a-readr.o)
 .ARM.attributes
                0x0000022a       0x34 C:/ST/STM32CubeCLT_1.16.0/GNU-tools-for-STM32/bin/../lib/gcc/arm-none-eabi/12.3.1/../../../../arm-none-eabi/lib/thumb/v7e-m+fp/hard\libc_nano.a(libc_a-writer.o)
 .ARM.attributes
                0x0000025e       0x34 C:/ST/STM32CubeCLT_1.16.0/GNU-tools-for-STM32/bin/../lib/gcc/arm-none-eabi/12.3.1/../../../../arm-none-eabi/lib/thumb/v7e-m+fp/hard\libc_nano.a(libc_a-init.o)
 .ARM.attributes
                0x00000292       0x34 C:/ST/STM32CubeCLT_1.16.0/GNU-tools-for-STM32/bin/../lib/gcc/arm-none-eabi/12.3.1/../../../../arm-none-eabi/lib/thumb/v7e-m+fp/hard\libc_nano.a(libc_a-lock.o)
 .ARM.attributes
                0x000002c6       0x34 C:/ST/STM32CubeCLT_1.16.0/GNU-tools-for-STM32/bin/../lib/gcc/arm-none-eabi/12.3.1/../../../../arm-none-eabi/lib/thumb/v7e-m+fp/hard\libc_nano.a(libc_a-freer.o)
 .ARM.attributes
                0x000002fa       0x34 C:/ST/STM32CubeCLT_1.16.0/GNU-tools-for-STM32/bin/../lib/gcc/arm-none-eabi/12.3.1/../../../../arm-none-eabi/lib/thumb/v7e-m+fp/hard\libc_nano.a(libc_a-mallocr.o)
 .ARM.attributes
                0x0000032e       0x34 C:/ST/STM32CubeCLT_1.16.0/GNU-tools-for-STM32/bin/../lib/gcc/arm-none-eabi/12.3.1/../../../../arm-none-eabi/lib/thumb/v7e-m+fp/hard\libc_nano.a(libc_a-mlock.o)
 .ARM.attributes
                0x00000362       0x34 C:/ST/STM32CubeCLT_1.16.0/GNU-tools-for-STM32/bin/../lib/gcc/arm-none-eabi/12.3.1/../../../../arm-none-eabi/lib/thumb/v7e-m+fp/hard\libc_nano.a(libc_a-fflush.o)
 .ARM.attributes
                0x00000396       0x34 C:/ST/STM32CubeCLT_1.16.0/GNU-tools-for-STM32/bin/../lib/gcc/arm-none-eabi/12.3.1/../../../../arm-none-eabi/lib/thumb/v7e-m+fp/hard\libc_nano.a(libc_a-sbrkr.o)
 .ARM.attributes
                0x000003ca       0x34 CMakeFiles/ProjetoFinalRFID.dir/Core/Src/main.c.obj
 .ARM.attributes
                0x000003fe       0x34 CMakeFiles/ProjetoFinalRFID.dir/Core/Src/RC522.c.obj
 .ARM.attributes
                0x00000432       0x34 CMakeFiles/ProjetoFinalRFID.dir/Core/Src/stm32f4xx_it.c.obj
 .ARM.attributes
                0x00000466       0x34 CMakeFiles/ProjetoFinalRFID.dir/Core/Src/stm32f4xx_hal_msp.c.obj
 .ARM.attributes
                0x0000049a       0x34 CMakeFiles/ProjetoFinalRFID.dir/Drivers/STM32F4xx_HAL_Driver/Src/stm32f4xx_hal_spi.c.obj
 .ARM.attributes
                0x000004ce       0x34 CMakeFiles/ProjetoFinalRFID.dir/Drivers/STM32F4xx_HAL_Driver/Src/stm32f4xx_hal_rcc.c.obj
 .ARM.attributes
                0x00000502       0x34 CMakeFiles/ProjetoFinalRFID.dir/Drivers/STM32F4xx_HAL_Driver/Src/stm32f4xx_hal_gpio.c.obj
 .ARM.attributes
                0x00000536       0x34 CMakeFiles/ProjetoFinalRFID.dir/Drivers/STM32F4xx_HAL_Driver/Src/stm32f4xx_hal_cortex.c.obj
 .ARM.attributes
                0x0000056a       0x34 CMakeFiles/ProjetoFinalRFID.dir/Drivers/STM32F4xx_HAL_Driver/Src/stm32f4xx_hal.c.obj
 .ARM.attributes
                0x0000059e       0x34 CMakeFiles/ProjetoFinalRFID.dir/Drivers/STM32F4xx_HAL_Driver/Src/stm32f4xx_hal_uart.c.obj
 .ARM.attributes
                0x000005d2       0x34 CMakeFiles/ProjetoFinalRFID.dir/Core/Src/system_stm32f4xx.c.obj
 .ARM.attributes
                0x00000606       0x34 CMakeFiles/ProjetoFinalRFID.dir/Core/Src/sysmem.c.obj
 .ARM.attributes
                0x0000063a       0x34 CMakeFiles/ProjetoFinalRFID.dir/Core/Src/syscalls.c.obj
 .ARM.attributes
                0x0000066e       0x21 CMakeFiles/ProjetoFinalRFID.dir/startup_stm32f411xe.s.obj
 .ARM.attributes
                0x0000068f       0x22 C:/ST/STM32CubeCLT_1.16.0/GNU-tools-for-STM32/bin/../lib/gcc/arm-none-eabi/12.3.1/thumb/v7e-m+fp/hard\libgcc.a(_aeabi_uldivmod.o)
 .ARM.attributes
                0x000006b1       0x34 C:/ST/STM32CubeCLT_1.16.0/GNU-tools-for-STM32/bin/../lib/gcc/arm-none-eabi/12.3.1/thumb/v7e-m+fp/hard\libgcc.a(_udivmoddi4.o)
 .ARM.attributes
                0x000006e5       0x22 C:/ST/STM32CubeCLT_1.16.0/GNU-tools-for-STM32/bin/../lib/gcc/arm-none-eabi/12.3.1/thumb/v7e-m+fp/hard\libgcc.a(_dvmd_tls.o)
 .ARM.attributes
                0x00000707       0x34 C:/ST/STM32CubeCLT_1.16.0/GNU-tools-for-STM32/bin/../lib/gcc/arm-none-eabi/12.3.1/../../../../arm-none-eabi/lib/thumb/v7e-m+fp/hard\libg_nano.a(libc_a-printf.o)
 .ARM.attributes
                0x0000073b       0x34 C:/ST/STM32CubeCLT_1.16.0/GNU-tools-for-STM32/bin/../lib/gcc/arm-none-eabi/12.3.1/../../../../arm-none-eabi/lib/thumb/v7e-m+fp/hard\libg_nano.a(libc_a-errno.o)
 .ARM.attributes
                0x0000076f       0x34 C:/ST/STM32CubeCLT_1.16.0/GNU-tools-for-STM32/bin/../lib/gcc/arm-none-eabi/12.3.1/../../../../arm-none-eabi/lib/thumb/v7e-m+fp/hard\libg_nano.a(libc_a-nano-vfprintf.o)
 .ARM.attributes
                0x000007a3       0x34 C:/ST/STM32CubeCLT_1.16.0/GNU-tools-for-STM32/bin/../lib/gcc/arm-none-eabi/12.3.1/../../../../arm-none-eabi/lib/thumb/v7e-m+fp/hard\libg_nano.a(libc_a-nano-vfprintf_i.o)
 .ARM.attributes
                0x000007d7       0x34 C:/ST/STM32CubeCLT_1.16.0/GNU-tools-for-STM32/bin/../lib/gcc/arm-none-eabi/12.3.1/../../../../arm-none-eabi/lib/thumb/v7e-m+fp/hard\libg_nano.a(libc_a-wbuf.o)
 .ARM.attributes
                0x0000080b       0x34 C:/ST/STM32CubeCLT_1.16.0/GNU-tools-for-STM32/bin/../lib/gcc/arm-none-eabi/12.3.1/../../../../arm-none-eabi/lib/thumb/v7e-m+fp/hard\libg_nano.a(libc_a-wsetup.o)
 .ARM.attributes
                0x0000083f       0x1c C:/ST/STM32CubeCLT_1.16.0/GNU-tools-for-STM32/bin/../lib/gcc/arm-none-eabi/12.3.1/../../../../arm-none-eabi/lib/thumb/v7e-m+fp/hard\libg_nano.a(libc_a-memchr.o)
 .ARM.attributes
                0x0000085b       0x34 C:/ST/STM32CubeCLT_1.16.0/GNU-tools-for-STM32/bin/../lib/gcc/arm-none-eabi/12.3.1/../../../../arm-none-eabi/lib/thumb/v7e-m+fp/hard\libg_nano.a(libc_a-makebuf.o)
 .ARM.attributes
                0x0000088f       0x34 C:/ST/STM32CubeCLT_1.16.0/GNU-tools-for-STM32/bin/../lib/gcc/arm-none-eabi/12.3.1/../../../../arm-none-eabi/lib/thumb/v7e-m+fp/hard\libg_nano.a(libc_a-fstatr.o)
 .ARM.attributes
                0x000008c3       0x34 C:/ST/STM32CubeCLT_1.16.0/GNU-tools-for-STM32/bin/../lib/gcc/arm-none-eabi/12.3.1/../../../../arm-none-eabi/lib/thumb/v7e-m+fp/hard\libg_nano.a(libc_a-isattyr.o)
 .ARM.attributes
                0x000008f7       0x22 C:/ST/STM32CubeCLT_1.16.0/GNU-tools-for-STM32/bin/../lib/gcc/arm-none-eabi/12.3.1/thumb/v7e-m+fp/hard/crtn.o

.comment        0x00000000       0x43
 .comment       0x00000000       0x43 CMakeFiles/ProjetoFinalRFID.dir/Core/Src/main.c.obj
                                 0x44 (size before relaxing)
 .comment       0x00000043       0x44 CMakeFiles/ProjetoFinalRFID.dir/Core/Src/RC522.c.obj
 .comment       0x00000043       0x44 CMakeFiles/ProjetoFinalRFID.dir/Core/Src/stm32f4xx_it.c.obj
 .comment       0x00000043       0x44 CMakeFiles/ProjetoFinalRFID.dir/Core/Src/stm32f4xx_hal_msp.c.obj
 .comment       0x00000043       0x44 CMakeFiles/ProjetoFinalRFID.dir/Drivers/STM32F4xx_HAL_Driver/Src/stm32f4xx_hal_spi.c.obj
 .comment       0x00000043       0x44 CMakeFiles/ProjetoFinalRFID.dir/Drivers/STM32F4xx_HAL_Driver/Src/stm32f4xx_hal_rcc.c.obj
 .comment       0x00000043       0x44 CMakeFiles/ProjetoFinalRFID.dir/Drivers/STM32F4xx_HAL_Driver/Src/stm32f4xx_hal_gpio.c.obj
 .comment       0x00000043       0x44 CMakeFiles/ProjetoFinalRFID.dir/Drivers/STM32F4xx_HAL_Driver/Src/stm32f4xx_hal_cortex.c.obj
 .comment       0x00000043       0x44 CMakeFiles/ProjetoFinalRFID.dir/Drivers/STM32F4xx_HAL_Driver/Src/stm32f4xx_hal.c.obj
 .comment       0x00000043       0x44 CMakeFiles/ProjetoFinalRFID.dir/Drivers/STM32F4xx_HAL_Driver/Src/stm32f4xx_hal_uart.c.obj
 .comment       0x00000043       0x44 CMakeFiles/ProjetoFinalRFID.dir/Core/Src/system_stm32f4xx.c.obj
 .comment       0x00000043       0x44 CMakeFiles/ProjetoFinalRFID.dir/Core/Src/sysmem.c.obj
 .comment       0x00000043       0x44 CMakeFiles/ProjetoFinalRFID.dir/Core/Src/syscalls.c.obj
 .comment       0x00000043       0x44 C:/ST/STM32CubeCLT_1.16.0/GNU-tools-for-STM32/bin/../lib/gcc/arm-none-eabi/12.3.1/../../../../arm-none-eabi/lib/thumb/v7e-m+fp/hard\libg_nano.a(libc_a-printf.o)
 .comment       0x00000043       0x44 C:/ST/STM32CubeCLT_1.16.0/GNU-tools-for-STM32/bin/../lib/gcc/arm-none-eabi/12.3.1/../../../../arm-none-eabi/lib/thumb/v7e-m+fp/hard\libg_nano.a(libc_a-errno.o)
 .comment       0x00000043       0x44 C:/ST/STM32CubeCLT_1.16.0/GNU-tools-for-STM32/bin/../lib/gcc/arm-none-eabi/12.3.1/../../../../arm-none-eabi/lib/thumb/v7e-m+fp/hard\libg_nano.a(libc_a-nano-vfprintf.o)
 .comment       0x00000043       0x44 C:/ST/STM32CubeCLT_1.16.0/GNU-tools-for-STM32/bin/../lib/gcc/arm-none-eabi/12.3.1/../../../../arm-none-eabi/lib/thumb/v7e-m+fp/hard\libg_nano.a(libc_a-nano-vfprintf_i.o)
 .comment       0x00000043       0x44 C:/ST/STM32CubeCLT_1.16.0/GNU-tools-for-STM32/bin/../lib/gcc/arm-none-eabi/12.3.1/../../../../arm-none-eabi/lib/thumb/v7e-m+fp/hard\libg_nano.a(libc_a-wbuf.o)
 .comment       0x00000043       0x44 C:/ST/STM32CubeCLT_1.16.0/GNU-tools-for-STM32/bin/../lib/gcc/arm-none-eabi/12.3.1/../../../../arm-none-eabi/lib/thumb/v7e-m+fp/hard\libg_nano.a(libc_a-wsetup.o)
 .comment       0x00000043       0x44 C:/ST/STM32CubeCLT_1.16.0/GNU-tools-for-STM32/bin/../lib/gcc/arm-none-eabi/12.3.1/../../../../arm-none-eabi/lib/thumb/v7e-m+fp/hard\libg_nano.a(libc_a-makebuf.o)
 .comment       0x00000043       0x44 C:/ST/STM32CubeCLT_1.16.0/GNU-tools-for-STM32/bin/../lib/gcc/arm-none-eabi/12.3.1/../../../../arm-none-eabi/lib/thumb/v7e-m+fp/hard\libg_nano.a(libc_a-fstatr.o)
 .comment       0x00000043       0x44 C:/ST/STM32CubeCLT_1.16.0/GNU-tools-for-STM32/bin/../lib/gcc/arm-none-eabi/12.3.1/../../../../arm-none-eabi/lib/thumb/v7e-m+fp/hard\libg_nano.a(libc_a-isattyr.o)

.debug_frame    0x00000000     0x2dc0
 .debug_frame   0x00000000      0x144 C:/ST/STM32CubeCLT_1.16.0/GNU-tools-for-STM32/bin/../lib/gcc/arm-none-eabi/12.3.1/../../../../arm-none-eabi/lib/thumb/v7e-m+fp/hard\libc_nano.a(libc_a-findfp.o)
 .debug_frame   0x00000144       0x34 C:/ST/STM32CubeCLT_1.16.0/GNU-tools-for-STM32/bin/../lib/gcc/arm-none-eabi/12.3.1/../../../../arm-none-eabi/lib/thumb/v7e-m+fp/hard\libc_nano.a(libc_a-fwalk.o)
 .debug_frame   0x00000178       0x88 C:/ST/STM32CubeCLT_1.16.0/GNU-tools-for-STM32/bin/../lib/gcc/arm-none-eabi/12.3.1/../../../../arm-none-eabi/lib/thumb/v7e-m+fp/hard\libc_nano.a(libc_a-stdio.o)
 .debug_frame   0x00000200       0x20 C:/ST/STM32CubeCLT_1.16.0/GNU-tools-for-STM32/bin/../lib/gcc/arm-none-eabi/12.3.1/../../../../arm-none-eabi/lib/thumb/v7e-m+fp/hard\libc_nano.a(libc_a-memset.o)
 .debug_frame   0x00000220       0x2c C:/ST/STM32CubeCLT_1.16.0/GNU-tools-for-STM32/bin/../lib/gcc/arm-none-eabi/12.3.1/../../../../arm-none-eabi/lib/thumb/v7e-m+fp/hard\libc_nano.a(libc_a-closer.o)
 .debug_frame   0x0000024c       0x38 C:/ST/STM32CubeCLT_1.16.0/GNU-tools-for-STM32/bin/../lib/gcc/arm-none-eabi/12.3.1/../../../../arm-none-eabi/lib/thumb/v7e-m+fp/hard\libc_nano.a(libc_a-reent.o)
 .debug_frame   0x00000284       0x2c C:/ST/STM32CubeCLT_1.16.0/GNU-tools-for-STM32/bin/../lib/gcc/arm-none-eabi/12.3.1/../../../../arm-none-eabi/lib/thumb/v7e-m+fp/hard\libc_nano.a(libc_a-lseekr.o)
 .debug_frame   0x000002b0       0x2c C:/ST/STM32CubeCLT_1.16.0/GNU-tools-for-STM32/bin/../lib/gcc/arm-none-eabi/12.3.1/../../../../arm-none-eabi/lib/thumb/v7e-m+fp/hard\libc_nano.a(libc_a-readr.o)
 .debug_frame   0x000002dc       0x2c C:/ST/STM32CubeCLT_1.16.0/GNU-tools-for-STM32/bin/../lib/gcc/arm-none-eabi/12.3.1/../../../../arm-none-eabi/lib/thumb/v7e-m+fp/hard\libc_nano.a(libc_a-writer.o)
 .debug_frame   0x00000308       0x2c C:/ST/STM32CubeCLT_1.16.0/GNU-tools-for-STM32/bin/../lib/gcc/arm-none-eabi/12.3.1/../../../../arm-none-eabi/lib/thumb/v7e-m+fp/hard\libc_nano.a(libc_a-init.o)
 .debug_frame   0x00000334       0xb0 C:/ST/STM32CubeCLT_1.16.0/GNU-tools-for-STM32/bin/../lib/gcc/arm-none-eabi/12.3.1/../../../../arm-none-eabi/lib/thumb/v7e-m+fp/hard\libc_nano.a(libc_a-lock.o)
 .debug_frame   0x000003e4       0x38 C:/ST/STM32CubeCLT_1.16.0/GNU-tools-for-STM32/bin/../lib/gcc/arm-none-eabi/12.3.1/../../../../arm-none-eabi/lib/thumb/v7e-m+fp/hard\libc_nano.a(libc_a-freer.o)
 .debug_frame   0x0000041c       0x50 C:/ST/STM32CubeCLT_1.16.0/GNU-tools-for-STM32/bin/../lib/gcc/arm-none-eabi/12.3.1/../../../../arm-none-eabi/lib/thumb/v7e-m+fp/hard\libc_nano.a(libc_a-mallocr.o)
 .debug_frame   0x0000046c       0x30 C:/ST/STM32CubeCLT_1.16.0/GNU-tools-for-STM32/bin/../lib/gcc/arm-none-eabi/12.3.1/../../../../arm-none-eabi/lib/thumb/v7e-m+fp/hard\libc_nano.a(libc_a-mlock.o)
 .debug_frame   0x0000049c       0x5c C:/ST/STM32CubeCLT_1.16.0/GNU-tools-for-STM32/bin/../lib/gcc/arm-none-eabi/12.3.1/../../../../arm-none-eabi/lib/thumb/v7e-m+fp/hard\libc_nano.a(libc_a-fflush.o)
 .debug_frame   0x000004f8       0x2c C:/ST/STM32CubeCLT_1.16.0/GNU-tools-for-STM32/bin/../lib/gcc/arm-none-eabi/12.3.1/../../../../arm-none-eabi/lib/thumb/v7e-m+fp/hard\libc_nano.a(libc_a-sbrkr.o)
 .debug_frame   0x00000524       0xc8 CMakeFiles/ProjetoFinalRFID.dir/Core/Src/main.c.obj
 .debug_frame   0x000005ec      0x288 CMakeFiles/ProjetoFinalRFID.dir/Core/Src/RC522.c.obj
 .debug_frame   0x00000874      0x104 CMakeFiles/ProjetoFinalRFID.dir/Core/Src/stm32f4xx_it.c.obj
 .debug_frame   0x00000978       0xc8 CMakeFiles/ProjetoFinalRFID.dir/Core/Src/stm32f4xx_hal_msp.c.obj
 .debug_frame   0x00000a40      0x828 CMakeFiles/ProjetoFinalRFID.dir/Drivers/STM32F4xx_HAL_Driver/Src/stm32f4xx_hal_spi.c.obj
 .debug_frame   0x00001268      0x1f4 CMakeFiles/ProjetoFinalRFID.dir/Drivers/STM32F4xx_HAL_Driver/Src/stm32f4xx_hal_rcc.c.obj
 .debug_frame   0x0000145c      0x14c CMakeFiles/ProjetoFinalRFID.dir/Drivers/STM32F4xx_HAL_Driver/Src/stm32f4xx_hal_gpio.c.obj
 .debug_frame   0x000015a8      0x508 CMakeFiles/ProjetoFinalRFID.dir/Drivers/STM32F4xx_HAL_Driver/Src/stm32f4xx_hal_cortex.c.obj
 .debug_frame   0x00001ab0      0x374 CMakeFiles/ProjetoFinalRFID.dir/Drivers/STM32F4xx_HAL_Driver/Src/stm32f4xx_hal.c.obj
 .debug_frame   0x00001e24      0x954 CMakeFiles/ProjetoFinalRFID.dir/Drivers/STM32F4xx_HAL_Driver/Src/stm32f4xx_hal_uart.c.obj
 .debug_frame   0x00002778       0x58 CMakeFiles/ProjetoFinalRFID.dir/Core/Src/system_stm32f4xx.c.obj
 .debug_frame   0x000027d0       0x34 CMakeFiles/ProjetoFinalRFID.dir/Core/Src/sysmem.c.obj
 .debug_frame   0x00002804      0x2ac CMakeFiles/ProjetoFinalRFID.dir/Core/Src/syscalls.c.obj
 .debug_frame   0x00002ab0       0x2c C:/ST/STM32CubeCLT_1.16.0/GNU-tools-for-STM32/bin/../lib/gcc/arm-none-eabi/12.3.1/thumb/v7e-m+fp/hard\libgcc.a(_aeabi_uldivmod.o)
 .debug_frame   0x00002adc       0x34 C:/ST/STM32CubeCLT_1.16.0/GNU-tools-for-STM32/bin/../lib/gcc/arm-none-eabi/12.3.1/thumb/v7e-m+fp/hard\libgcc.a(_udivmoddi4.o)
 .debug_frame   0x00002b10       0x6c C:/ST/STM32CubeCLT_1.16.0/GNU-tools-for-STM32/bin/../lib/gcc/arm-none-eabi/12.3.1/../../../../arm-none-eabi/lib/thumb/v7e-m+fp/hard\libg_nano.a(libc_a-printf.o)
 .debug_frame   0x00002b7c       0x20 C:/ST/STM32CubeCLT_1.16.0/GNU-tools-for-STM32/bin/../lib/gcc/arm-none-eabi/12.3.1/../../../../arm-none-eabi/lib/thumb/v7e-m+fp/hard\libg_nano.a(libc_a-errno.o)
 .debug_frame   0x00002b9c       0xa8 C:/ST/STM32CubeCLT_1.16.0/GNU-tools-for-STM32/bin/../lib/gcc/arm-none-eabi/12.3.1/../../../../arm-none-eabi/lib/thumb/v7e-m+fp/hard\libg_nano.a(libc_a-nano-vfprintf.o)
 .debug_frame   0x00002c44       0x60 C:/ST/STM32CubeCLT_1.16.0/GNU-tools-for-STM32/bin/../lib/gcc/arm-none-eabi/12.3.1/../../../../arm-none-eabi/lib/thumb/v7e-m+fp/hard\libg_nano.a(libc_a-nano-vfprintf_i.o)
 .debug_frame   0x00002ca4       0x40 C:/ST/STM32CubeCLT_1.16.0/GNU-tools-for-STM32/bin/../lib/gcc/arm-none-eabi/12.3.1/../../../../arm-none-eabi/lib/thumb/v7e-m+fp/hard\libg_nano.a(libc_a-wbuf.o)
 .debug_frame   0x00002ce4       0x2c C:/ST/STM32CubeCLT_1.16.0/GNU-tools-for-STM32/bin/../lib/gcc/arm-none-eabi/12.3.1/../../../../arm-none-eabi/lib/thumb/v7e-m+fp/hard\libg_nano.a(libc_a-wsetup.o)
 .debug_frame   0x00002d10       0x58 C:/ST/STM32CubeCLT_1.16.0/GNU-tools-for-STM32/bin/../lib/gcc/arm-none-eabi/12.3.1/../../../../arm-none-eabi/lib/thumb/v7e-m+fp/hard\libg_nano.a(libc_a-makebuf.o)
 .debug_frame   0x00002d68       0x2c C:/ST/STM32CubeCLT_1.16.0/GNU-tools-for-STM32/bin/../lib/gcc/arm-none-eabi/12.3.1/../../../../arm-none-eabi/lib/thumb/v7e-m+fp/hard\libg_nano.a(libc_a-fstatr.o)
 .debug_frame   0x00002d94       0x2c C:/ST/STM32CubeCLT_1.16.0/GNU-tools-for-STM32/bin/../lib/gcc/arm-none-eabi/12.3.1/../../../../arm-none-eabi/lib/thumb/v7e-m+fp/hard\libg_nano.a(libc_a-isattyr.o)

.debug_info     0x00000000     0xfa34
 .debug_info    0x00000000      0xf5c CMakeFiles/ProjetoFinalRFID.dir/Core/Src/main.c.obj
 .debug_info    0x00000f5c      0xc51 CMakeFiles/ProjetoFinalRFID.dir/Core/Src/RC522.c.obj
 .debug_info    0x00001bad      0x112 CMakeFiles/ProjetoFinalRFID.dir/Core/Src/stm32f4xx_it.c.obj
 .debug_info    0x00001cbf      0xc0c CMakeFiles/ProjetoFinalRFID.dir/Core/Src/stm32f4xx_hal_msp.c.obj
 .debug_info    0x000028cb     0x1530 CMakeFiles/ProjetoFinalRFID.dir/Drivers/STM32F4xx_HAL_Driver/Src/stm32f4xx_hal_spi.c.obj
 .debug_info    0x00003dfb      0x8f0 CMakeFiles/ProjetoFinalRFID.dir/Drivers/STM32F4xx_HAL_Driver/Src/stm32f4xx_hal_rcc.c.obj
 .debug_info    0x000046eb      0x6f9 CMakeFiles/ProjetoFinalRFID.dir/Drivers/STM32F4xx_HAL_Driver/Src/stm32f4xx_hal_gpio.c.obj
 .debug_info    0x00004de4      0xcfc CMakeFiles/ProjetoFinalRFID.dir/Drivers/STM32F4xx_HAL_Driver/Src/stm32f4xx_hal_cortex.c.obj
 .debug_info    0x00005ae0      0x8c4 CMakeFiles/ProjetoFinalRFID.dir/Drivers/STM32F4xx_HAL_Driver/Src/stm32f4xx_hal.c.obj
 .debug_info    0x000063a4     0x2f56 CMakeFiles/ProjetoFinalRFID.dir/Drivers/STM32F4xx_HAL_Driver/Src/stm32f4xx_hal_uart.c.obj
 .debug_info    0x000092fa      0x53e CMakeFiles/ProjetoFinalRFID.dir/Core/Src/system_stm32f4xx.c.obj
 .debug_info    0x00009838      0x168 CMakeFiles/ProjetoFinalRFID.dir/Core/Src/sysmem.c.obj
 .debug_info    0x000099a0      0x6a3 CMakeFiles/ProjetoFinalRFID.dir/Core/Src/syscalls.c.obj
 .debug_info    0x0000a043       0x30 CMakeFiles/ProjetoFinalRFID.dir/startup_stm32f411xe.s.obj
 .debug_info    0x0000a073      0x83b C:/ST/STM32CubeCLT_1.16.0/GNU-tools-for-STM32/bin/../lib/gcc/arm-none-eabi/12.3.1/../../../../arm-none-eabi/lib/thumb/v7e-m+fp/hard\libg_nano.a(libc_a-printf.o)
 .debug_info    0x0000a8ae      0x6fb C:/ST/STM32CubeCLT_1.16.0/GNU-tools-for-STM32/bin/../lib/gcc/arm-none-eabi/12.3.1/../../../../arm-none-eabi/lib/thumb/v7e-m+fp/hard\libg_nano.a(libc_a-errno.o)
 .debug_info    0x0000afa9     0x107c C:/ST/STM32CubeCLT_1.16.0/GNU-tools-for-STM32/bin/../lib/gcc/arm-none-eabi/12.3.1/../../../../arm-none-eabi/lib/thumb/v7e-m+fp/hard\libg_nano.a(libc_a-nano-vfprintf.o)
 .debug_info    0x0000c025      0xde2 C:/ST/STM32CubeCLT_1.16.0/GNU-tools-for-STM32/bin/../lib/gcc/arm-none-eabi/12.3.1/../../../../arm-none-eabi/lib/thumb/v7e-m+fp/hard\libg_nano.a(libc_a-nano-vfprintf_i.o)
 .debug_info    0x0000ce07      0x868 C:/ST/STM32CubeCLT_1.16.0/GNU-tools-for-STM32/bin/../lib/gcc/arm-none-eabi/12.3.1/../../../../arm-none-eabi/lib/thumb/v7e-m+fp/hard\libg_nano.a(libc_a-wbuf.o)
 .debug_info    0x0000d66f      0x7bb C:/ST/STM32CubeCLT_1.16.0/GNU-tools-for-STM32/bin/../lib/gcc/arm-none-eabi/12.3.1/../../../../arm-none-eabi/lib/thumb/v7e-m+fp/hard\libg_nano.a(libc_a-wsetup.o)
 .debug_info    0x0000de2a       0x25 C:/ST/STM32CubeCLT_1.16.0/GNU-tools-for-STM32/bin/../lib/gcc/arm-none-eabi/12.3.1/../../../../arm-none-eabi/lib/thumb/v7e-m+fp/hard\libg_nano.a(libc_a-memchr.o)
 .debug_info    0x0000de4f      0xb1a C:/ST/STM32CubeCLT_1.16.0/GNU-tools-for-STM32/bin/../lib/gcc/arm-none-eabi/12.3.1/../../../../arm-none-eabi/lib/thumb/v7e-m+fp/hard\libg_nano.a(libc_a-makebuf.o)
 .debug_info    0x0000e969      0x975 C:/ST/STM32CubeCLT_1.16.0/GNU-tools-for-STM32/bin/../lib/gcc/arm-none-eabi/12.3.1/../../../../arm-none-eabi/lib/thumb/v7e-m+fp/hard\libg_nano.a(libc_a-fstatr.o)
 .debug_info    0x0000f2de      0x756 C:/ST/STM32CubeCLT_1.16.0/GNU-tools-for-STM32/bin/../lib/gcc/arm-none-eabi/12.3.1/../../../../arm-none-eabi/lib/thumb/v7e-m+fp/hard\libg_nano.a(libc_a-isattyr.o)

.debug_abbrev   0x00000000     0x2e08
 .debug_abbrev  0x00000000      0x2d4 CMakeFiles/ProjetoFinalRFID.dir/Core/Src/main.c.obj
 .debug_abbrev  0x000002d4      0x2a3 CMakeFiles/ProjetoFinalRFID.dir/Core/Src/RC522.c.obj
 .debug_abbrev  0x00000577       0x73 CMakeFiles/ProjetoFinalRFID.dir/Core/Src/stm32f4xx_it.c.obj
 .debug_abbrev  0x000005ea      0x1ac CMakeFiles/ProjetoFinalRFID.dir/Core/Src/stm32f4xx_hal_msp.c.obj
 .debug_abbrev  0x00000796      0x276 CMakeFiles/ProjetoFinalRFID.dir/Drivers/STM32F4xx_HAL_Driver/Src/stm32f4xx_hal_spi.c.obj
 .debug_abbrev  0x00000a0c      0x2b6 CMakeFiles/ProjetoFinalRFID.dir/Drivers/STM32F4xx_HAL_Driver/Src/stm32f4xx_hal_rcc.c.obj
 .debug_abbrev  0x00000cc2      0x1d3 CMakeFiles/ProjetoFinalRFID.dir/Drivers/STM32F4xx_HAL_Driver/Src/stm32f4xx_hal_gpio.c.obj
 .debug_abbrev  0x00000e95      0x31d CMakeFiles/ProjetoFinalRFID.dir/Drivers/STM32F4xx_HAL_Driver/Src/stm32f4xx_hal_cortex.c.obj
 .debug_abbrev  0x000011b2      0x24b CMakeFiles/ProjetoFinalRFID.dir/Drivers/STM32F4xx_HAL_Driver/Src/stm32f4xx_hal.c.obj
 .debug_abbrev  0x000013fd      0x31b CMakeFiles/ProjetoFinalRFID.dir/Drivers/STM32F4xx_HAL_Driver/Src/stm32f4xx_hal_uart.c.obj
 .debug_abbrev  0x00001718      0x11a CMakeFiles/ProjetoFinalRFID.dir/Core/Src/system_stm32f4xx.c.obj
 .debug_abbrev  0x00001832       0xbc CMakeFiles/ProjetoFinalRFID.dir/Core/Src/sysmem.c.obj
 .debug_abbrev  0x000018ee      0x1b6 CMakeFiles/ProjetoFinalRFID.dir/Core/Src/syscalls.c.obj
 .debug_abbrev  0x00001aa4       0x24 CMakeFiles/ProjetoFinalRFID.dir/startup_stm32f411xe.s.obj
 .debug_abbrev  0x00001ac8      0x21a C:/ST/STM32CubeCLT_1.16.0/GNU-tools-for-STM32/bin/../lib/gcc/arm-none-eabi/12.3.1/../../../../arm-none-eabi/lib/thumb/v7e-m+fp/hard\libg_nano.a(libc_a-printf.o)
 .debug_abbrev  0x00001ce2      0x15e C:/ST/STM32CubeCLT_1.16.0/GNU-tools-for-STM32/bin/../lib/gcc/arm-none-eabi/12.3.1/../../../../arm-none-eabi/lib/thumb/v7e-m+fp/hard\libg_nano.a(libc_a-errno.o)
 .debug_abbrev  0x00001e40      0x316 C:/ST/STM32CubeCLT_1.16.0/GNU-tools-for-STM32/bin/../lib/gcc/arm-none-eabi/12.3.1/../../../../arm-none-eabi/lib/thumb/v7e-m+fp/hard\libg_nano.a(libc_a-nano-vfprintf.o)
 .debug_abbrev  0x00002156      0x28e C:/ST/STM32CubeCLT_1.16.0/GNU-tools-for-STM32/bin/../lib/gcc/arm-none-eabi/12.3.1/../../../../arm-none-eabi/lib/thumb/v7e-m+fp/hard\libg_nano.a(libc_a-nano-vfprintf_i.o)
 .debug_abbrev  0x000023e4      0x22d C:/ST/STM32CubeCLT_1.16.0/GNU-tools-for-STM32/bin/../lib/gcc/arm-none-eabi/12.3.1/../../../../arm-none-eabi/lib/thumb/v7e-m+fp/hard\libg_nano.a(libc_a-wbuf.o)
 .debug_abbrev  0x00002611      0x1e2 C:/ST/STM32CubeCLT_1.16.0/GNU-tools-for-STM32/bin/../lib/gcc/arm-none-eabi/12.3.1/../../../../arm-none-eabi/lib/thumb/v7e-m+fp/hard\libg_nano.a(libc_a-wsetup.o)
 .debug_abbrev  0x000027f3       0x14 C:/ST/STM32CubeCLT_1.16.0/GNU-tools-for-STM32/bin/../lib/gcc/arm-none-eabi/12.3.1/../../../../arm-none-eabi/lib/thumb/v7e-m+fp/hard\libg_nano.a(libc_a-memchr.o)
 .debug_abbrev  0x00002807      0x28e C:/ST/STM32CubeCLT_1.16.0/GNU-tools-for-STM32/bin/../lib/gcc/arm-none-eabi/12.3.1/../../../../arm-none-eabi/lib/thumb/v7e-m+fp/hard\libg_nano.a(libc_a-makebuf.o)
 .debug_abbrev  0x00002a95      0x1c3 C:/ST/STM32CubeCLT_1.16.0/GNU-tools-for-STM32/bin/../lib/gcc/arm-none-eabi/12.3.1/../../../../arm-none-eabi/lib/thumb/v7e-m+fp/hard\libg_nano.a(libc_a-fstatr.o)
 .debug_abbrev  0x00002c58      0x1b0 C:/ST/STM32CubeCLT_1.16.0/GNU-tools-for-STM32/bin/../lib/gcc/arm-none-eabi/12.3.1/../../../../arm-none-eabi/lib/thumb/v7e-m+fp/hard\libg_nano.a(libc_a-isattyr.o)

.debug_aranges  0x00000000      0xb00
 .debug_aranges
                0x00000000       0x48 CMakeFiles/ProjetoFinalRFID.dir/Core/Src/main.c.obj
 .debug_aranges
                0x00000048       0xa8 CMakeFiles/ProjetoFinalRFID.dir/Core/Src/RC522.c.obj
 .debug_aranges
                0x000000f0       0x60 CMakeFiles/ProjetoFinalRFID.dir/Core/Src/stm32f4xx_it.c.obj
 .debug_aranges
                0x00000150       0x40 CMakeFiles/ProjetoFinalRFID.dir/Core/Src/stm32f4xx_hal_msp.c.obj
 .debug_aranges
                0x00000190      0x1d0 CMakeFiles/ProjetoFinalRFID.dir/Drivers/STM32F4xx_HAL_Driver/Src/stm32f4xx_hal_spi.c.obj
 .debug_aranges
                0x00000360       0x88 CMakeFiles/ProjetoFinalRFID.dir/Drivers/STM32F4xx_HAL_Driver/Src/stm32f4xx_hal_rcc.c.obj
 .debug_aranges
                0x000003e8       0x58 CMakeFiles/ProjetoFinalRFID.dir/Drivers/STM32F4xx_HAL_Driver/Src/stm32f4xx_hal_gpio.c.obj
 .debug_aranges
                0x00000440      0x130 CMakeFiles/ProjetoFinalRFID.dir/Drivers/STM32F4xx_HAL_Driver/Src/stm32f4xx_hal_cortex.c.obj
 .debug_aranges
                0x00000570       0xf0 CMakeFiles/ProjetoFinalRFID.dir/Drivers/STM32F4xx_HAL_Driver/Src/stm32f4xx_hal.c.obj
 .debug_aranges
                0x00000660      0x208 CMakeFiles/ProjetoFinalRFID.dir/Drivers/STM32F4xx_HAL_Driver/Src/stm32f4xx_hal_uart.c.obj
 .debug_aranges
                0x00000868       0x28 CMakeFiles/ProjetoFinalRFID.dir/Core/Src/system_stm32f4xx.c.obj
 .debug_aranges
                0x00000890       0x20 CMakeFiles/ProjetoFinalRFID.dir/Core/Src/sysmem.c.obj
 .debug_aranges
                0x000008b0       0xa8 CMakeFiles/ProjetoFinalRFID.dir/Core/Src/syscalls.c.obj
 .debug_aranges
                0x00000958       0x28 CMakeFiles/ProjetoFinalRFID.dir/startup_stm32f411xe.s.obj
 .debug_aranges
                0x00000980       0x28 C:/ST/STM32CubeCLT_1.16.0/GNU-tools-for-STM32/bin/../lib/gcc/arm-none-eabi/12.3.1/../../../../arm-none-eabi/lib/thumb/v7e-m+fp/hard\libg_nano.a(libc_a-printf.o)
 .debug_aranges
                0x000009a8       0x20 C:/ST/STM32CubeCLT_1.16.0/GNU-tools-for-STM32/bin/../lib/gcc/arm-none-eabi/12.3.1/../../../../arm-none-eabi/lib/thumb/v7e-m+fp/hard\libg_nano.a(libc_a-errno.o)
 .debug_aranges
                0x000009c8       0x40 C:/ST/STM32CubeCLT_1.16.0/GNU-tools-for-STM32/bin/../lib/gcc/arm-none-eabi/12.3.1/../../../../arm-none-eabi/lib/thumb/v7e-m+fp/hard\libg_nano.a(libc_a-nano-vfprintf.o)
 .debug_aranges
                0x00000a08       0x28 C:/ST/STM32CubeCLT_1.16.0/GNU-tools-for-STM32/bin/../lib/gcc/arm-none-eabi/12.3.1/../../../../arm-none-eabi/lib/thumb/v7e-m+fp/hard\libg_nano.a(libc_a-nano-vfprintf_i.o)
 .debug_aranges
                0x00000a30       0x28 C:/ST/STM32CubeCLT_1.16.0/GNU-tools-for-STM32/bin/../lib/gcc/arm-none-eabi/12.3.1/../../../../arm-none-eabi/lib/thumb/v7e-m+fp/hard\libg_nano.a(libc_a-wbuf.o)
 .debug_aranges
                0x00000a58       0x20 C:/ST/STM32CubeCLT_1.16.0/GNU-tools-for-STM32/bin/../lib/gcc/arm-none-eabi/12.3.1/../../../../arm-none-eabi/lib/thumb/v7e-m+fp/hard\libg_nano.a(libc_a-wsetup.o)
 .debug_aranges
                0x00000a78       0x20 C:/ST/STM32CubeCLT_1.16.0/GNU-tools-for-STM32/bin/../lib/gcc/arm-none-eabi/12.3.1/../../../../arm-none-eabi/lib/thumb/v7e-m+fp/hard\libg_nano.a(libc_a-memchr.o)
 .debug_aranges
                0x00000a98       0x28 C:/ST/STM32CubeCLT_1.16.0/GNU-tools-for-STM32/bin/../lib/gcc/arm-none-eabi/12.3.1/../../../../arm-none-eabi/lib/thumb/v7e-m+fp/hard\libg_nano.a(libc_a-makebuf.o)
 .debug_aranges
                0x00000ac0       0x20 C:/ST/STM32CubeCLT_1.16.0/GNU-tools-for-STM32/bin/../lib/gcc/arm-none-eabi/12.3.1/../../../../arm-none-eabi/lib/thumb/v7e-m+fp/hard\libg_nano.a(libc_a-fstatr.o)
 .debug_aranges
                0x00000ae0       0x20 C:/ST/STM32CubeCLT_1.16.0/GNU-tools-for-STM32/bin/../lib/gcc/arm-none-eabi/12.3.1/../../../../arm-none-eabi/lib/thumb/v7e-m+fp/hard\libg_nano.a(libc_a-isattyr.o)

.debug_rnglists
                0x00000000      0x894
 .debug_rnglists
                0x00000000       0x34 CMakeFiles/ProjetoFinalRFID.dir/Core/Src/main.c.obj
 .debug_rnglists
                0x00000034       0x7e CMakeFiles/ProjetoFinalRFID.dir/Core/Src/RC522.c.obj
 .debug_rnglists
                0x000000b2       0x43 CMakeFiles/ProjetoFinalRFID.dir/Core/Src/stm32f4xx_it.c.obj
 .debug_rnglists
                0x000000f5       0x2d CMakeFiles/ProjetoFinalRFID.dir/Core/Src/stm32f4xx_hal_msp.c.obj
 .debug_rnglists
                0x00000122      0x16f CMakeFiles/ProjetoFinalRFID.dir/Drivers/STM32F4xx_HAL_Driver/Src/stm32f4xx_hal_spi.c.obj
 .debug_rnglists
                0x00000291       0x66 CMakeFiles/ProjetoFinalRFID.dir/Drivers/STM32F4xx_HAL_Driver/Src/stm32f4xx_hal_rcc.c.obj
 .debug_rnglists
                0x000002f7       0x3f CMakeFiles/ProjetoFinalRFID.dir/Drivers/STM32F4xx_HAL_Driver/Src/stm32f4xx_hal_gpio.c.obj
 .debug_rnglists
                0x00000336       0xe0 CMakeFiles/ProjetoFinalRFID.dir/Drivers/STM32F4xx_HAL_Driver/Src/stm32f4xx_hal_cortex.c.obj
 .debug_rnglists
                0x00000416       0xaf CMakeFiles/ProjetoFinalRFID.dir/Drivers/STM32F4xx_HAL_Driver/Src/stm32f4xx_hal.c.obj
 .debug_rnglists
                0x000004c5      0x1bc CMakeFiles/ProjetoFinalRFID.dir/Drivers/STM32F4xx_HAL_Driver/Src/stm32f4xx_hal_uart.c.obj
 .debug_rnglists
                0x00000681       0x1a CMakeFiles/ProjetoFinalRFID.dir/Core/Src/system_stm32f4xx.c.obj
 .debug_rnglists
                0x0000069b       0x13 CMakeFiles/ProjetoFinalRFID.dir/Core/Src/sysmem.c.obj
 .debug_rnglists
                0x000006ae       0x79 CMakeFiles/ProjetoFinalRFID.dir/Core/Src/syscalls.c.obj
 .debug_rnglists
                0x00000727       0x19 CMakeFiles/ProjetoFinalRFID.dir/startup_stm32f411xe.s.obj
 .debug_rnglists
                0x00000740       0x19 C:/ST/STM32CubeCLT_1.16.0/GNU-tools-for-STM32/bin/../lib/gcc/arm-none-eabi/12.3.1/../../../../arm-none-eabi/lib/thumb/v7e-m+fp/hard\libg_nano.a(libc_a-printf.o)
 .debug_rnglists
                0x00000759       0x13 C:/ST/STM32CubeCLT_1.16.0/GNU-tools-for-STM32/bin/../lib/gcc/arm-none-eabi/12.3.1/../../../../arm-none-eabi/lib/thumb/v7e-m+fp/hard\libg_nano.a(libc_a-errno.o)
 .debug_rnglists
                0x0000076c       0x38 C:/ST/STM32CubeCLT_1.16.0/GNU-tools-for-STM32/bin/../lib/gcc/arm-none-eabi/12.3.1/../../../../arm-none-eabi/lib/thumb/v7e-m+fp/hard\libg_nano.a(libc_a-nano-vfprintf.o)
 .debug_rnglists
                0x000007a4       0x66 C:/ST/STM32CubeCLT_1.16.0/GNU-tools-for-STM32/bin/../lib/gcc/arm-none-eabi/12.3.1/../../../../arm-none-eabi/lib/thumb/v7e-m+fp/hard\libg_nano.a(libc_a-nano-vfprintf_i.o)
 .debug_rnglists
                0x0000080a       0x25 C:/ST/STM32CubeCLT_1.16.0/GNU-tools-for-STM32/bin/../lib/gcc/arm-none-eabi/12.3.1/../../../../arm-none-eabi/lib/thumb/v7e-m+fp/hard\libg_nano.a(libc_a-wbuf.o)
 .debug_rnglists
                0x0000082f       0x26 C:/ST/STM32CubeCLT_1.16.0/GNU-tools-for-STM32/bin/../lib/gcc/arm-none-eabi/12.3.1/../../../../arm-none-eabi/lib/thumb/v7e-m+fp/hard\libg_nano.a(libc_a-wsetup.o)
 .debug_rnglists
                0x00000855       0x19 C:/ST/STM32CubeCLT_1.16.0/GNU-tools-for-STM32/bin/../lib/gcc/arm-none-eabi/12.3.1/../../../../arm-none-eabi/lib/thumb/v7e-m+fp/hard\libg_nano.a(libc_a-makebuf.o)
 .debug_rnglists
                0x0000086e       0x13 C:/ST/STM32CubeCLT_1.16.0/GNU-tools-for-STM32/bin/../lib/gcc/arm-none-eabi/12.3.1/../../../../arm-none-eabi/lib/thumb/v7e-m+fp/hard\libg_nano.a(libc_a-fstatr.o)
 .debug_rnglists
                0x00000881       0x13 C:/ST/STM32CubeCLT_1.16.0/GNU-tools-for-STM32/bin/../lib/gcc/arm-none-eabi/12.3.1/../../../../arm-none-eabi/lib/thumb/v7e-m+fp/hard\libg_nano.a(libc_a-isattyr.o)

.debug_macro    0x00000000    0x16a81
 .debug_macro   0x00000000      0x296 CMakeFiles/ProjetoFinalRFID.dir/Core/Src/main.c.obj
 .debug_macro   0x00000296      0xab4 CMakeFiles/ProjetoFinalRFID.dir/Core/Src/main.c.obj
 .debug_macro   0x00000d4a      0x29b CMakeFiles/ProjetoFinalRFID.dir/Core/Src/main.c.obj
 .debug_macro   0x00000fe5       0x2e CMakeFiles/ProjetoFinalRFID.dir/Core/Src/main.c.obj
 .debug_macro   0x00001013       0x28 CMakeFiles/ProjetoFinalRFID.dir/Core/Src/main.c.obj
 .debug_macro   0x0000103b       0x22 CMakeFiles/ProjetoFinalRFID.dir/Core/Src/main.c.obj
 .debug_macro   0x0000105d       0x8e CMakeFiles/ProjetoFinalRFID.dir/Core/Src/main.c.obj
 .debug_macro   0x000010eb       0x51 CMakeFiles/ProjetoFinalRFID.dir/Core/Src/main.c.obj
 .debug_macro   0x0000113c      0x103 CMakeFiles/ProjetoFinalRFID.dir/Core/Src/main.c.obj
 .debug_macro   0x0000123f       0x6a CMakeFiles/ProjetoFinalRFID.dir/Core/Src/main.c.obj
 .debug_macro   0x000012a9      0x1df CMakeFiles/ProjetoFinalRFID.dir/Core/Src/main.c.obj
 .debug_macro   0x00001488       0x1c CMakeFiles/ProjetoFinalRFID.dir/Core/Src/main.c.obj
 .debug_macro   0x000014a4       0x22 CMakeFiles/ProjetoFinalRFID.dir/Core/Src/main.c.obj
 .debug_macro   0x000014c6       0xfb CMakeFiles/ProjetoFinalRFID.dir/Core/Src/main.c.obj
 .debug_macro   0x000015c1     0x1011 CMakeFiles/ProjetoFinalRFID.dir/Core/Src/main.c.obj
 .debug_macro   0x000025d2      0x11f CMakeFiles/ProjetoFinalRFID.dir/Core/Src/main.c.obj
 .debug_macro   0x000026f1     0xb953 CMakeFiles/ProjetoFinalRFID.dir/Core/Src/main.c.obj
 .debug_macro   0x0000e044       0x6d CMakeFiles/ProjetoFinalRFID.dir/Core/Src/main.c.obj
 .debug_macro   0x0000e0b1     0x369a CMakeFiles/ProjetoFinalRFID.dir/Core/Src/main.c.obj
 .debug_macro   0x0001174b      0x189 CMakeFiles/ProjetoFinalRFID.dir/Core/Src/main.c.obj
 .debug_macro   0x000118d4       0x5c CMakeFiles/ProjetoFinalRFID.dir/Core/Src/main.c.obj
 .debug_macro   0x00011930      0x45c CMakeFiles/ProjetoFinalRFID.dir/Core/Src/main.c.obj
 .debug_macro   0x00011d8c      0x9e9 CMakeFiles/ProjetoFinalRFID.dir/Core/Src/main.c.obj
 .debug_macro   0x00012775      0x115 CMakeFiles/ProjetoFinalRFID.dir/Core/Src/main.c.obj
 .debug_macro   0x0001288a      0x11b CMakeFiles/ProjetoFinalRFID.dir/Core/Src/main.c.obj
 .debug_macro   0x000129a5       0xa5 CMakeFiles/ProjetoFinalRFID.dir/Core/Src/main.c.obj
 .debug_macro   0x00012a4a      0x15f CMakeFiles/ProjetoFinalRFID.dir/Core/Src/main.c.obj
 .debug_macro   0x00012ba9      0x287 CMakeFiles/ProjetoFinalRFID.dir/Core/Src/main.c.obj
 .debug_macro   0x00012e30       0x5f CMakeFiles/ProjetoFinalRFID.dir/Core/Src/main.c.obj
 .debug_macro   0x00012e8f      0x236 CMakeFiles/ProjetoFinalRFID.dir/Core/Src/main.c.obj
 .debug_macro   0x000130c5      0x132 CMakeFiles/ProjetoFinalRFID.dir/Core/Src/main.c.obj
 .debug_macro   0x000131f7      0x264 CMakeFiles/ProjetoFinalRFID.dir/Core/Src/main.c.obj
 .debug_macro   0x0001345b       0x2e CMakeFiles/ProjetoFinalRFID.dir/Core/Src/main.c.obj
 .debug_macro   0x00013489      0x127 CMakeFiles/ProjetoFinalRFID.dir/Core/Src/main.c.obj
 .debug_macro   0x000135b0       0x85 CMakeFiles/ProjetoFinalRFID.dir/Core/Src/main.c.obj
 .debug_macro   0x00013635       0x89 CMakeFiles/ProjetoFinalRFID.dir/Core/Src/main.c.obj
 .debug_macro   0x000136be      0x225 CMakeFiles/ProjetoFinalRFID.dir/Core/Src/main.c.obj
 .debug_macro   0x000138e3      0x2aa CMakeFiles/ProjetoFinalRFID.dir/Core/Src/main.c.obj
 .debug_macro   0x00013b8d      0x126 CMakeFiles/ProjetoFinalRFID.dir/Core/Src/main.c.obj
 .debug_macro   0x00013cb3      0x23e CMakeFiles/ProjetoFinalRFID.dir/Core/Src/main.c.obj
 .debug_macro   0x00013ef1       0x74 CMakeFiles/ProjetoFinalRFID.dir/Core/Src/main.c.obj
 .debug_macro   0x00013f65       0x2a CMakeFiles/ProjetoFinalRFID.dir/Core/Src/main.c.obj
 .debug_macro   0x00013f8f       0x3c CMakeFiles/ProjetoFinalRFID.dir/Core/Src/main.c.obj
 .debug_macro   0x00013fcb       0x34 CMakeFiles/ProjetoFinalRFID.dir/Core/Src/main.c.obj
 .debug_macro   0x00013fff       0x16 CMakeFiles/ProjetoFinalRFID.dir/Core/Src/main.c.obj
 .debug_macro   0x00014015       0x43 CMakeFiles/ProjetoFinalRFID.dir/Core/Src/main.c.obj
 .debug_macro   0x00014058       0x34 CMakeFiles/ProjetoFinalRFID.dir/Core/Src/main.c.obj
 .debug_macro   0x0001408c       0x10 CMakeFiles/ProjetoFinalRFID.dir/Core/Src/main.c.obj
 .debug_macro   0x0001409c       0x58 CMakeFiles/ProjetoFinalRFID.dir/Core/Src/main.c.obj
 .debug_macro   0x000140f4      0x1de CMakeFiles/ProjetoFinalRFID.dir/Core/Src/main.c.obj
 .debug_macro   0x000142d2      0x369 CMakeFiles/ProjetoFinalRFID.dir/Core/Src/main.c.obj
 .debug_macro   0x0001463b       0x10 CMakeFiles/ProjetoFinalRFID.dir/Core/Src/main.c.obj
 .debug_macro   0x0001464b       0x35 CMakeFiles/ProjetoFinalRFID.dir/Core/Src/main.c.obj
 .debug_macro   0x00014680       0x20 CMakeFiles/ProjetoFinalRFID.dir/Core/Src/main.c.obj
 .debug_macro   0x000146a0      0x1cd CMakeFiles/ProjetoFinalRFID.dir/Core/Src/RC522.c.obj
 .debug_macro   0x0001486d      0x1d8 CMakeFiles/ProjetoFinalRFID.dir/Core/Src/stm32f4xx_it.c.obj
 .debug_macro   0x00014a45      0x1ce CMakeFiles/ProjetoFinalRFID.dir/Core/Src/stm32f4xx_hal_msp.c.obj
 .debug_macro   0x00014c13      0x1d3 CMakeFiles/ProjetoFinalRFID.dir/Drivers/STM32F4xx_HAL_Driver/Src/stm32f4xx_hal_spi.c.obj
 .debug_macro   0x00014de6      0x1e8 CMakeFiles/ProjetoFinalRFID.dir/Drivers/STM32F4xx_HAL_Driver/Src/stm32f4xx_hal_rcc.c.obj
 .debug_macro   0x00014fce      0x1ca CMakeFiles/ProjetoFinalRFID.dir/Drivers/STM32F4xx_HAL_Driver/Src/stm32f4xx_hal_gpio.c.obj
 .debug_macro   0x00015198      0x1c4 CMakeFiles/ProjetoFinalRFID.dir/Drivers/STM32F4xx_HAL_Driver/Src/stm32f4xx_hal_cortex.c.obj
 .debug_macro   0x0001535c      0x224 CMakeFiles/ProjetoFinalRFID.dir/Drivers/STM32F4xx_HAL_Driver/Src/stm32f4xx_hal.c.obj
 .debug_macro   0x00015580      0x1c5 CMakeFiles/ProjetoFinalRFID.dir/Drivers/STM32F4xx_HAL_Driver/Src/stm32f4xx_hal_uart.c.obj
 .debug_macro   0x00015745      0x1c4 CMakeFiles/ProjetoFinalRFID.dir/Core/Src/system_stm32f4xx.c.obj
 .debug_macro   0x00015909       0xec CMakeFiles/ProjetoFinalRFID.dir/Core/Src/sysmem.c.obj
 .debug_macro   0x000159f5       0x10 CMakeFiles/ProjetoFinalRFID.dir/Core/Src/sysmem.c.obj
 .debug_macro   0x00015a05       0x6e CMakeFiles/ProjetoFinalRFID.dir/Core/Src/sysmem.c.obj
 .debug_macro   0x00015a73       0x94 CMakeFiles/ProjetoFinalRFID.dir/Core/Src/sysmem.c.obj
 .debug_macro   0x00015b07       0x57 CMakeFiles/ProjetoFinalRFID.dir/Core/Src/sysmem.c.obj
 .debug_macro   0x00015b5e      0x23c CMakeFiles/ProjetoFinalRFID.dir/Core/Src/sysmem.c.obj
 .debug_macro   0x00015d9a      0x265 CMakeFiles/ProjetoFinalRFID.dir/Core/Src/syscalls.c.obj
 .debug_macro   0x00015fff       0x10 CMakeFiles/ProjetoFinalRFID.dir/Core/Src/syscalls.c.obj
 .debug_macro   0x0001600f       0x10 CMakeFiles/ProjetoFinalRFID.dir/Core/Src/syscalls.c.obj
 .debug_macro   0x0001601f       0x10 CMakeFiles/ProjetoFinalRFID.dir/Core/Src/syscalls.c.obj
 .debug_macro   0x0001602f       0x10 CMakeFiles/ProjetoFinalRFID.dir/Core/Src/syscalls.c.obj
 .debug_macro   0x0001603f       0x1c CMakeFiles/ProjetoFinalRFID.dir/Core/Src/syscalls.c.obj
 .debug_macro   0x0001605b       0x52 CMakeFiles/ProjetoFinalRFID.dir/Core/Src/syscalls.c.obj
 .debug_macro   0x000160ad       0x22 CMakeFiles/ProjetoFinalRFID.dir/Core/Src/syscalls.c.obj
 .debug_macro   0x000160cf       0x10 CMakeFiles/ProjetoFinalRFID.dir/Core/Src/syscalls.c.obj
 .debug_macro   0x000160df       0x52 CMakeFiles/ProjetoFinalRFID.dir/Core/Src/syscalls.c.obj
 .debug_macro   0x00016131       0xcf CMakeFiles/ProjetoFinalRFID.dir/Core/Src/syscalls.c.obj
 .debug_macro   0x00016200       0x1c CMakeFiles/ProjetoFinalRFID.dir/Core/Src/syscalls.c.obj
 .debug_macro   0x0001621c       0x3d CMakeFiles/ProjetoFinalRFID.dir/Core/Src/syscalls.c.obj
 .debug_macro   0x00016259       0x35 CMakeFiles/ProjetoFinalRFID.dir/Core/Src/syscalls.c.obj
 .debug_macro   0x0001628e      0x12c CMakeFiles/ProjetoFinalRFID.dir/Core/Src/syscalls.c.obj
 .debug_macro   0x000163ba       0x16 CMakeFiles/ProjetoFinalRFID.dir/Core/Src/syscalls.c.obj
 .debug_macro   0x000163d0       0x16 CMakeFiles/ProjetoFinalRFID.dir/Core/Src/syscalls.c.obj
 .debug_macro   0x000163e6       0x29 CMakeFiles/ProjetoFinalRFID.dir/Core/Src/syscalls.c.obj
 .debug_macro   0x0001640f      0x242 CMakeFiles/ProjetoFinalRFID.dir/Core/Src/syscalls.c.obj
 .debug_macro   0x00016651       0x1c CMakeFiles/ProjetoFinalRFID.dir/Core/Src/syscalls.c.obj
 .debug_macro   0x0001666d       0x10 CMakeFiles/ProjetoFinalRFID.dir/Core/Src/syscalls.c.obj
 .debug_macro   0x0001667d       0x10 CMakeFiles/ProjetoFinalRFID.dir/Core/Src/syscalls.c.obj
 .debug_macro   0x0001668d       0x16 CMakeFiles/ProjetoFinalRFID.dir/Core/Src/syscalls.c.obj
 .debug_macro   0x000166a3      0x170 CMakeFiles/ProjetoFinalRFID.dir/Core/Src/syscalls.c.obj
 .debug_macro   0x00016813      0x18a CMakeFiles/ProjetoFinalRFID.dir/Core/Src/syscalls.c.obj
 .debug_macro   0x0001699d       0x16 CMakeFiles/ProjetoFinalRFID.dir/Core/Src/syscalls.c.obj
 .debug_macro   0x000169b3       0xce CMakeFiles/ProjetoFinalRFID.dir/Core/Src/syscalls.c.obj

.debug_line     0x00000000     0xd48b
 .debug_line    0x00000000      0x9c0 CMakeFiles/ProjetoFinalRFID.dir/Core/Src/main.c.obj
 .debug_line    0x000009c0      0xcb6 CMakeFiles/ProjetoFinalRFID.dir/Core/Src/RC522.c.obj
 .debug_line    0x00001676      0x87d CMakeFiles/ProjetoFinalRFID.dir/Core/Src/stm32f4xx_it.c.obj
 .debug_line    0x00001ef3      0x855 CMakeFiles/ProjetoFinalRFID.dir/Core/Src/stm32f4xx_hal_msp.c.obj
 .debug_line    0x00002748     0x1dc6 CMakeFiles/ProjetoFinalRFID.dir/Drivers/STM32F4xx_HAL_Driver/Src/stm32f4xx_hal_spi.c.obj
 .debug_line    0x0000450e      0xe31 CMakeFiles/ProjetoFinalRFID.dir/Drivers/STM32F4xx_HAL_Driver/Src/stm32f4xx_hal_rcc.c.obj
 .debug_line    0x0000533f      0xbf8 CMakeFiles/ProjetoFinalRFID.dir/Drivers/STM32F4xx_HAL_Driver/Src/stm32f4xx_hal_gpio.c.obj
 .debug_line    0x00005f37      0xd9a CMakeFiles/ProjetoFinalRFID.dir/Drivers/STM32F4xx_HAL_Driver/Src/stm32f4xx_hal_cortex.c.obj
 .debug_line    0x00006cd1      0xaa8 CMakeFiles/ProjetoFinalRFID.dir/Drivers/STM32F4xx_HAL_Driver/Src/stm32f4xx_hal.c.obj
 .debug_line    0x00007779     0x297a CMakeFiles/ProjetoFinalRFID.dir/Drivers/STM32F4xx_HAL_Driver/Src/stm32f4xx_hal_uart.c.obj
 .debug_line    0x0000a0f3      0x83f CMakeFiles/ProjetoFinalRFID.dir/Core/Src/system_stm32f4xx.c.obj
 .debug_line    0x0000a932      0x364 CMakeFiles/ProjetoFinalRFID.dir/Core/Src/sysmem.c.obj
 .debug_line    0x0000ac96      0x693 CMakeFiles/ProjetoFinalRFID.dir/Core/Src/syscalls.c.obj
 .debug_line    0x0000b329       0x7a CMakeFiles/ProjetoFinalRFID.dir/startup_stm32f411xe.s.obj
 .debug_line    0x0000b3a3      0x259 C:/ST/STM32CubeCLT_1.16.0/GNU-tools-for-STM32/bin/../lib/gcc/arm-none-eabi/12.3.1/../../../../arm-none-eabi/lib/thumb/v7e-m+fp/hard\libg_nano.a(libc_a-printf.o)
 .debug_line    0x0000b5fc      0x185 C:/ST/STM32CubeCLT_1.16.0/GNU-tools-for-STM32/bin/../lib/gcc/arm-none-eabi/12.3.1/../../../../arm-none-eabi/lib/thumb/v7e-m+fp/hard\libg_nano.a(libc_a-errno.o)
 .debug_line    0x0000b781      0x6e5 C:/ST/STM32CubeCLT_1.16.0/GNU-tools-for-STM32/bin/../lib/gcc/arm-none-eabi/12.3.1/../../../../arm-none-eabi/lib/thumb/v7e-m+fp/hard\libg_nano.a(libc_a-nano-vfprintf.o)
 .debug_line    0x0000be66      0x74c C:/ST/STM32CubeCLT_1.16.0/GNU-tools-for-STM32/bin/../lib/gcc/arm-none-eabi/12.3.1/../../../../arm-none-eabi/lib/thumb/v7e-m+fp/hard\libg_nano.a(libc_a-nano-vfprintf_i.o)
 .debug_line    0x0000c5b2      0x2d4 C:/ST/STM32CubeCLT_1.16.0/GNU-tools-for-STM32/bin/../lib/gcc/arm-none-eabi/12.3.1/../../../../arm-none-eabi/lib/thumb/v7e-m+fp/hard\libg_nano.a(libc_a-wbuf.o)
 .debug_line    0x0000c886      0x304 C:/ST/STM32CubeCLT_1.16.0/GNU-tools-for-STM32/bin/../lib/gcc/arm-none-eabi/12.3.1/../../../../arm-none-eabi/lib/thumb/v7e-m+fp/hard\libg_nano.a(libc_a-wsetup.o)
 .debug_line    0x0000cb8a       0x84 C:/ST/STM32CubeCLT_1.16.0/GNU-tools-for-STM32/bin/../lib/gcc/arm-none-eabi/12.3.1/../../../../arm-none-eabi/lib/thumb/v7e-m+fp/hard\libg_nano.a(libc_a-memchr.o)
 .debug_line    0x0000cc0e      0x3b2 C:/ST/STM32CubeCLT_1.16.0/GNU-tools-for-STM32/bin/../lib/gcc/arm-none-eabi/12.3.1/../../../../arm-none-eabi/lib/thumb/v7e-m+fp/hard\libg_nano.a(libc_a-makebuf.o)
 .debug_line    0x0000cfc0      0x2af C:/ST/STM32CubeCLT_1.16.0/GNU-tools-for-STM32/bin/../lib/gcc/arm-none-eabi/12.3.1/../../../../arm-none-eabi/lib/thumb/v7e-m+fp/hard\libg_nano.a(libc_a-fstatr.o)
 .debug_line    0x0000d26f      0x21c C:/ST/STM32CubeCLT_1.16.0/GNU-tools-for-STM32/bin/../lib/gcc/arm-none-eabi/12.3.1/../../../../arm-none-eabi/lib/thumb/v7e-m+fp/hard\libg_nano.a(libc_a-isattyr.o)

.debug_str      0x00000000    0x8a313
 .debug_str     0x00000000    0x84c5b CMakeFiles/ProjetoFinalRFID.dir/Core/Src/main.c.obj
                              0x84f81 (size before relaxing)
 .debug_str     0x00084c5b      0x21b CMakeFiles/ProjetoFinalRFID.dir/Core/Src/RC522.c.obj
                              0x820f5 (size before relaxing)
 .debug_str     0x00084e76      0x110 CMakeFiles/ProjetoFinalRFID.dir/Core/Src/stm32f4xx_it.c.obj
                              0x81454 (size before relaxing)
 .debug_str     0x00084f86       0xd4 CMakeFiles/ProjetoFinalRFID.dir/Core/Src/stm32f4xx_hal_msp.c.obj
                              0x81bb0 (size before relaxing)
 .debug_str     0x0008505a      0x5f2 CMakeFiles/ProjetoFinalRFID.dir/Drivers/STM32F4xx_HAL_Driver/Src/stm32f4xx_hal_spi.c.obj
                              0x81e3c (size before relaxing)
 .debug_str     0x0008564c      0x2d7 CMakeFiles/ProjetoFinalRFID.dir/Drivers/STM32F4xx_HAL_Driver/Src/stm32f4xx_hal_rcc.c.obj
                              0x819c4 (size before relaxing)
 .debug_str     0x00085923      0x168 CMakeFiles/ProjetoFinalRFID.dir/Drivers/STM32F4xx_HAL_Driver/Src/stm32f4xx_hal_gpio.c.obj
                              0x8170b (size before relaxing)
 .debug_str     0x00085a8b      0x820 CMakeFiles/ProjetoFinalRFID.dir/Drivers/STM32F4xx_HAL_Driver/Src/stm32f4xx_hal_cortex.c.obj
                              0x81d26 (size before relaxing)
 .debug_str     0x000862ab      0x5b6 CMakeFiles/ProjetoFinalRFID.dir/Drivers/STM32F4xx_HAL_Driver/Src/stm32f4xx_hal.c.obj
                              0x81fbc (size before relaxing)
 .debug_str     0x00086861      0x65a CMakeFiles/ProjetoFinalRFID.dir/Drivers/STM32F4xx_HAL_Driver/Src/stm32f4xx_hal_uart.c.obj
                              0x81f93 (size before relaxing)
 .debug_str     0x00086ebb       0x91 CMakeFiles/ProjetoFinalRFID.dir/Core/Src/system_stm32f4xx.c.obj
                              0x81590 (size before relaxing)
 .debug_str     0x00086f4c      0x523 CMakeFiles/ProjetoFinalRFID.dir/Core/Src/sysmem.c.obj
                               0x5b44 (size before relaxing)
 .debug_str     0x0008746f     0x2342 CMakeFiles/ProjetoFinalRFID.dir/Core/Src/syscalls.c.obj
                               0x93d1 (size before relaxing)
 .debug_str     0x000897b1       0x7c CMakeFiles/ProjetoFinalRFID.dir/startup_stm32f411xe.s.obj
                                 0xd2 (size before relaxing)
 .debug_str     0x0008982d      0x439 C:/ST/STM32CubeCLT_1.16.0/GNU-tools-for-STM32/bin/../lib/gcc/arm-none-eabi/12.3.1/../../../../arm-none-eabi/lib/thumb/v7e-m+fp/hard\libg_nano.a(libc_a-printf.o)
                                0x56c (size before relaxing)
 .debug_str     0x00089c66       0x58 C:/ST/STM32CubeCLT_1.16.0/GNU-tools-for-STM32/bin/../lib/gcc/arm-none-eabi/12.3.1/../../../../arm-none-eabi/lib/thumb/v7e-m+fp/hard\libg_nano.a(libc_a-errno.o)
                                0x52b (size before relaxing)
 .debug_str     0x00089cbe      0x310 C:/ST/STM32CubeCLT_1.16.0/GNU-tools-for-STM32/bin/../lib/gcc/arm-none-eabi/12.3.1/../../../../arm-none-eabi/lib/thumb/v7e-m+fp/hard\libg_nano.a(libc_a-nano-vfprintf.o)
                                0x8e2 (size before relaxing)
 .debug_str     0x00089fce       0xba C:/ST/STM32CubeCLT_1.16.0/GNU-tools-for-STM32/bin/../lib/gcc/arm-none-eabi/12.3.1/../../../../arm-none-eabi/lib/thumb/v7e-m+fp/hard\libg_nano.a(libc_a-nano-vfprintf_i.o)
                                0x810 (size before relaxing)
 .debug_str     0x0008a088       0x69 C:/ST/STM32CubeCLT_1.16.0/GNU-tools-for-STM32/bin/../lib/gcc/arm-none-eabi/12.3.1/../../../../arm-none-eabi/lib/thumb/v7e-m+fp/hard\libg_nano.a(libc_a-wbuf.o)
                                0x567 (size before relaxing)
 .debug_str     0x0008a0f1       0x6e C:/ST/STM32CubeCLT_1.16.0/GNU-tools-for-STM32/bin/../lib/gcc/arm-none-eabi/12.3.1/../../../../arm-none-eabi/lib/thumb/v7e-m+fp/hard\libg_nano.a(libc_a-wsetup.o)
                                0x562 (size before relaxing)
 .debug_str     0x0008a15f       0x5f C:/ST/STM32CubeCLT_1.16.0/GNU-tools-for-STM32/bin/../lib/gcc/arm-none-eabi/12.3.1/../../../../arm-none-eabi/lib/thumb/v7e-m+fp/hard\libg_nano.a(libc_a-memchr.o)
                                 0xe2 (size before relaxing)
 .debug_str     0x0008a1be       0x9c C:/ST/STM32CubeCLT_1.16.0/GNU-tools-for-STM32/bin/../lib/gcc/arm-none-eabi/12.3.1/../../../../arm-none-eabi/lib/thumb/v7e-m+fp/hard\libg_nano.a(libc_a-makebuf.o)
                                0x6c4 (size before relaxing)
 .debug_str     0x0008a25a       0x5f C:/ST/STM32CubeCLT_1.16.0/GNU-tools-for-STM32/bin/../lib/gcc/arm-none-eabi/12.3.1/../../../../arm-none-eabi/lib/thumb/v7e-m+fp/hard\libg_nano.a(libc_a-fstatr.o)